// Vitest Snapshot v1, https://vitest.dev/guide/snapshot.html

exports[`Editor onPaste function > should render editor and handle basic paste event 1`] = `
<div
  aria-multiline="true"
  autocapitalize="false"
  autocorrect="false"
  class="ant-md-editor-content-focus ant-md-editor-content ant-md-editor-content-edit css-dev-only-do-not-override-1m2bkf9"
  contenteditable="true"
  data-slate-editor="true"
  data-slate-node="value"
  role="textbox"
  spellcheck="false"
  style="position: relative; white-space: pre-wrap; word-wrap: break-word; font-size: 14px;"
  zindex="-1"
>
  <div
    class="ant-md-editor-drag-el empty"
    data-be="paragraph"
    data-slate-node="element"
    data-slate-placeholder="请输入内容..."
  >
    <span
      data-slate-node="text"
    >
      <span
        class="css-dev-only-do-not-override-1m2bkf9  css-dev-only-do-not-override-1m2bkf9"
        data-be="text"
        data-slate-leaf="true"
        draggable="false"
      >
        <span
          data-slate-length="0"
          data-slate-zero-width="n"
        >
          ﻿
          <br />
        </span>
      </span>
    </span>
    <span
      contenteditable="false"
      style="font-size: 0px; line-height: 0; display: inline-block;"
    >
       
    </span>
  </div>
  <div
    class="ant-md-editor-drag-el"
    data-be="paragraph"
    data-slate-node="element"
  >
    <span
      data-slate-node="text"
    >
      <span
        class="css-dev-only-do-not-override-1m2bkf9  css-dev-only-do-not-override-1m2bkf9"
        data-be="text"
        data-slate-leaf="true"
        draggable="false"
      >
        <span
          data-slate-string="true"
        >
          Hello World
        </span>
      </span>
    </span>
  </div>
</div>
`;
