<DocumentFragment>
  <div
    class="ant-app"
  >
    <div>
      test
    </div>
    <div
      style="padding: 24px;"
    >
      <div
        avatar="[object Object]"
        data-testid="bubble"
        origindata="[object Object]"
        placement="left"
      >
        bubble
      </div>
      <div
        class="answer-alert answer-alert-success"
      >
        <div
          class="answer-alert-content "
        >
          <svg
            class="answer-alert-icon "
            fill="none"
            height="1em"
            version="1.1"
            viewBox="0 0 14 14"
            width="1em"
            xmlns="http://www.w3.org/2000/svg"
          >
            <defs>
              <clippath
                id="master_svg0_64_08942"
              >
                <rect
                  height="1em"
                  rx="0"
                  width="1em"
                  x="0"
                  y="0"
                />
              </clippath>
            </defs>
            <g
              clip-path="url(#master_svg0_64_08942)"
            >
              <g>
                <path
                  d="M7.315895344715118,1.7538691142463685Q8.54291534471512,1.8261991142463685,9.625215344715118,2.4506691142463684C9.71385534471512,2.501819114246368,9.814395344715118,2.5287491142463683,9.91674534471512,2.5287491142463683C10.238905344715118,2.5287491142463683,10.500075344715118,2.2675791142463684,10.500075344715118,1.9454091142463683C10.500075344715118,1.7369491142463684,10.388835344715119,1.5443341142463685,10.208195344715119,1.4401081142463683L10.207385344715119,1.4396441142463683Q8.886495344715119,0.6777634142463684,7.384555344715118,0.5892262142463685Q5.948745344715118,0.5045876142463684,4.6047353447151185,1.0457621142463684Q3.2607253447151185,1.5869391142463685,2.284195344715118,2.6429191142463684Q1.2623413447151184,3.7479091142463683,0.8380213447151184,5.213139114246369Q0.4137033447151184,6.678379114246368,0.6869513447151184,8.158419114246367Q0.9480803447151185,9.572809114246368,1.7949153447151185,10.748479114246368Q2.6417553447151185,11.924079114246368,3.9006053447151183,12.619779114246368Q5.217875344715118,13.347779114246368,6.742065344715118,13.409479114246368Q8.26625534471512,13.471079114246368,9.638025344715118,12.851879114246369Q10.948915344715118,12.260179114246368,11.888015344715118,11.156779114246369Q12.827015344715118,10.053399114246368,13.201615344715119,8.664719114246369Q13.593415344715119,7.211939114246368,13.289015344715118,5.717589114246368L13.288915344715118,5.716859114246368C13.23351534471512,5.445169114246369,12.994615344715118,5.249999114246369,12.717315344715118,5.249999114246369C12.39511534471512,5.249999114246369,12.134015344715118,5.511159114246368,12.134015344715118,5.833329114246369C12.134015344715118,5.872449114246368,12.137915344715118,5.911469114246368,12.145715344715118,5.949799114246368L12.14591534471512,5.950509114246368Q12.39511534471512,7.174519114246368,12.075115344715119,8.360919114246368Q11.768815344715119,9.496719114246368,10.99951534471512,10.40062911424637Q10.230245344715119,11.30457911424637,9.158035344715119,11.78857911424637Q8.037735344715118,12.294279114246368,6.789225344715119,12.243679114246369Q5.540715344715118,12.193179114246368,4.464925344715118,11.598679114246368Q3.4353153447151183,11.029679114246369,2.7415653447151183,10.066549114246369Q2.047805344715118,9.103439114246369,1.8342253447151184,7.946599114246369Q1.6110753447151185,6.737879114246368,1.9586453447151184,5.537669114246368Q2.3062153447151186,4.337449114246368,3.1407453447151186,3.4350191142463684Q3.9394453447151183,2.5713391142463684,5.040495344715119,2.1279891142463683Q6.141555344715118,1.6846491142463684,7.315895344715118,1.7538691142463685ZM13.245915344715119,2.7458091142463683C13.355315344715118,2.6364191142463684,13.416715344715119,2.4880391142463685,13.416715344715119,2.3333291142463684C13.416715344715119,2.0111691142463686,13.155615344715118,1.7499991142463684,12.83341534471512,1.7499991142463684C12.678715344715119,1.7499991142463684,12.530315344715119,1.8114591142463685,12.420715344715118,1.9210691142463685L7.0000753447151185,7.341709114246369L5.662545344715118,6.004189114246368C5.553155344715118,5.894789114246368,5.404785344715118,5.833329114246369,5.2500753447151185,5.833329114246369C4.927905344715119,5.833329114246369,4.666735344715119,6.094499114246369,4.666735344715119,6.4166691142463685C4.666735344715119,6.571379114246368,4.728195344715118,6.719749114246368,4.837805344715118,6.829369114246369L6.587595344715118,8.579149114246368C6.815395344715118,8.806949114246368,7.184745344715118,8.806949114246368,7.412545344715118,8.579149114246368L13.245915344715119,2.7458091142463683Z"
                  fill="currentColor"
                  fill-opacity="1"
                  fill-rule="evenodd"
                  style="mix-blend-mode: normal;"
                />
              </g>
            </g>
          </svg>
          <div
            class="answer-alert-message "
          >
            LUI chat 已完成当前任务
          </div>
        </div>
        <div
          class="answer-alert-description "
        />
      </div>
    </div>
  </div>
</DocumentFragment>