<DocumentFragment>
  <div
    class="ant-app"
  >
    <div>
      test
    </div>
    <div
      style="max-width: 800px; margin: 0px auto; padding: 24px;"
    >
      <div
        assistantmeta="[object Object]"
        bubblelist="[object Object],[object Object],[object Object],[object Object],[object Object],[object Object],[object Object],[object Object],[object Object],[object Object],[object Object],[object Object],[object Object],[object Object],[object Object],[object Object],[object Object],[object Object],[object Object],[object Object]"
        bubbleref="[object Object]"
        data-testid="bubble-list"
        usermeta="[object Object]"
      >
        bubble-list
      </div>
      <div
        exit="[object Object]"
      >
        <button
          aria-describedby="test-id"
          class="ant-back-to"
          style="inset-inline-end: 64px;"
          type="button"
        >
          <div
            class="ant-back-to-content "
          >
            <svg
              fill="none"
              height="1rem"
              version="1.1"
              viewBox="0 0 16 16"
              width="1rem"
              xmlns="http://www.w3.org/2000/svg"
            >
              <defs>
                <clippath
                  id="backToTopIconClip-:r7m:"
                >
                  <rect
                    height="1rem"
                    rx="0"
                    width="1rem"
                    x="0"
                    y="0"
                  />
                </clippath>
              </defs>
              <g
                clip-path="url(#backToTopIconClip-:r7m:)"
              >
                <g>
                  <path
                    d="M8.666666746139526,4.942806746139526L12.195256746139526,8.471406746139525C12.320286746139526,8.596426746139526,12.489856746139527,8.666666746139526,12.666666746139526,8.666666746139526C13.034866746139526,8.666666746139526,13.333366746139527,8.368186746139527,13.333366746139527,7.9999967461395265C13.333366746139527,7.823186746139527,13.263066746139526,7.653616746139527,13.138066746139526,7.5285967461395265L8.471946746139526,2.8624707461395262L8.471406746139525,2.8619287461395264C8.469956746139527,2.8604767461395264,8.468496746139525,2.859032746139526,8.467036746139527,2.857596746139526C8.337426746139526,2.7303101461395265,8.168706746139527,2.6666667461395264,7.9999967461395265,2.6666667461395264C7.909606746139526,2.6666667461395264,7.823416746139526,2.6846571461395263,7.744806746139527,2.7172526461395266C7.666176746139526,2.7497856461395265,7.592516746139526,2.7980107461395263,7.5285967461395265,2.8619287461395264L2.8619287461395264,7.5285967461395265C2.7369045461395265,7.653616746139527,2.6666667461395264,7.823186746139527,2.6666667461395264,7.9999967461395265C2.6666667461395264,8.368186746139527,2.9651437461395265,8.666666746139526,3.3333337461395263,8.666666746139526C3.5101447461395265,8.666666746139526,3.679716746139526,8.596426746139526,3.8052167461395263,8.470926746139526L7.333336746139526,4.942806746139526L7.333336746139526,12.666666746139526C7.333336746139526,13.034866746139526,7.631806746139526,13.333366746139527,7.9999967461395265,13.333366746139527C8.368186746139527,13.333366746139527,8.666666746139526,13.034866746139526,8.666666746139526,12.666666746139526L8.666666746139526,4.942806746139526Z"
                    fill="currentColor"
                    fill-opacity="0.800000011920929"
                    fill-rule="evenodd"
                  />
                </g>
              </g>
            </svg>
          </div>
        </button>
      </div>
      <div
        exit="[object Object]"
      >
        <button
          aria-describedby="test-id"
          class="ant-back-to"
          type="button"
        >
          <div
            class="ant-back-to-content "
          >
            <svg
              fill="none"
              height="1rem"
              version="1.1"
              viewBox="0 0 16 16"
              width="1rem"
              xmlns="http://www.w3.org/2000/svg"
            >
              <defs>
                <clippath
                  id="backToBottomIconClip-:r7p:"
                >
                  <rect
                    height="1rem"
                    rx="0"
                    width="1rem"
                    x="0"
                    y="0"
                  />
                </clippath>
              </defs>
              <g
                clip-path="url(#backToBottomIconClip-:r7p:)"
              >
                <g>
                  <path
                    d="M7.9999967461395265,2.6666667461395264C7.631806746139526,2.6666667461395264,7.333336746139526,2.9651437461395265,7.333336746139526,3.3333337461395263L7.333336746139526,11.057186746139527L3.8049467461395263,7.5288067461395265C3.679716746139526,7.403566746139527,3.5101447461395265,7.333336746139526,3.3333337461395263,7.333336746139526C2.9651437461395265,7.333336746139526,2.6666667461395264,7.631806746139526,2.6666667461395264,7.9999967461395265C2.6666667461395264,8.176806746139526,2.7369046461395263,8.346376746139526,2.8619287461395264,8.471406746139525L7.5285967461395265,13.138066746139526C7.649236746139526,13.258666746139527,7.815906746139526,13.333366746139527,7.9999967461395265,13.333366746139527C8.176806746139526,13.333366746139527,8.346376746139526,13.263066746139526,8.471406746139525,13.138066746139526L8.472246746139525,13.137266746139526L13.137766746139526,8.471686746139525C13.263066746139526,8.346376746139526,13.333366746139527,8.176806746139526,13.333366746139527,7.9999967461395265C13.333366746139527,7.631806746139526,13.034866746139526,7.333336746139526,12.666666746139526,7.333336746139526C12.489856746139527,7.333336746139526,12.320286746139526,7.403566746139527,12.195256746139526,7.5285967461395265L8.666666746139526,11.057186746139527L8.666666746139526,3.3333337461395263C8.666666746139526,2.9651437461395265,8.368186746139527,2.6666667461395264,7.9999967461395265,2.6666667461395264Z"
                    fill="currentColor"
                    fill-opacity="0.800000011920929"
                    fill-rule="evenodd"
                  />
                </g>
              </g>
            </svg>
          </div>
        </button>
      </div>
    </div>
  </div>
</DocumentFragment>