<DocumentFragment>
  <div
    class="ant-app"
  >
    <div>
      test
    </div>
    <div
      style="padding: 24px; border: 1px solid rgb(240, 240, 240); margin: 20px auto; width: 100%;"
    >
      <div
        data-length="100"
        data-testid="md-editor"
      >
        MarkdownEditor(Mock)
      </div>
    </div>
    <div
      style="padding: 24px; border: 1px solid rgb(240, 240, 240); margin: 20px auto; width: 100%;"
    >
      <div
        data-length="941"
        data-testid="md-editor"
      >
        MarkdownEditor(Mock)
      </div>
    </div>
    <div
      id="container"
      style="padding: 12px 12px 20% 12px; display: flex; flex-direction: column; gap: 12px; background-color: rgb(255, 255, 255); overflow: auto; max-height: calc(100vh - 250px);"
    >
      <div
        data-length="0"
        data-testid="md-editor"
      >
        MarkdownEditor(Mock)
      </div>
    </div>
    <div
      data-length="0"
      data-testid="md-editor"
    >
      MarkdownEditor(Mock)
    </div>
  </div>
</DocumentFragment>