<DocumentFragment>
  <div
    class="ant-app"
  >
    <div>
      test
    </div>
    <div
      style="padding: 20px; max-width: 800px; margin: 0px auto;"
    >
      <h1
        style="color: rgb(45, 55, 72); margin-bottom: 20px;"
      >
        eleItemRender Think 块自定义渲染 Demo
      </h1>
      <div
        style="margin-bottom: 20px;"
      >
        <p
          style="color: rgb(74, 85, 104); line-height: 1.6;"
        >
          这个 demo 展示了如何使用 
          <code>
            eleItemRender
          </code>
           属性来自定义
          <code>
            ```think
          </code>
           代码块的渲染效果。
        </p>
      </div>
      <div
        style="border: 1px solid rgb(226, 232, 240); border-radius: 8px; overflow: hidden;"
      >
        <div
          class="ant-md-editor markdown-editor ant-md-editor-edit"
          style="width: 100%; height: auto; display: flex; flex-direction: column; max-height: 100%; font: var(--font-text-paragraph-lg); letter-spacing: var(--letter-spacing-paragraph-lg, normal); color: var(--color-gray-text-default); min-height: 600px;"
        >
          <div
            style="padding: 4px 20px; overflow: auto; display: flex; height: 100%; position: relative; gap: 24px; outline: none;"
            tabindex="-1"
          >
            <div
              aria-multiline="true"
              autocapitalize="false"
              autocorrect="false"
              class="ant-md-editor-content ant-md-editor-content-focus ant-md-editor-content-edit"
              contenteditable="true"
              data-slate-editor="true"
              data-slate-node="value"
              role="textbox"
              spellcheck="false"
              style="position: relative; white-space: pre-wrap; word-wrap: break-word; font-size: 14px;"
              zindex="-1"
            >
              <h1
                class="ant-md-editor-drag-el"
                data-be="head"
                data-head="eleitemrender-think-块自定义渲染-demo"
                data-slate-node="element"
                data-title="true"
                id="eleitemrender-think-块自定义渲染-demo"
              >
                <span
                  data-slate-node="text"
                >
                  <span
                    data-be="text"
                    data-slate-leaf="true"
                    draggable="false"
                  >
                    <span
                      data-slate-string="true"
                    >
                      eleItemRender Think 块自定义渲染 Demo
                    </span>
                  </span>
                </span>
              </h1>
              <div
                class="ant-md-editor-drag-el"
                data-be="paragraph"
                data-slate-node="element"
              >
                <span
                  data-slate-node="text"
                >
                  <span
                    data-be="text"
                    data-slate-leaf="true"
                    draggable="false"
                  >
                    <span
                      data-slate-string="true"
                    >
                      这是一个演示如何使用 
                    </span>
                  </span>
                </span>
                <span
                  data-slate-node="text"
                >
                  <span
                    data-be="text"
                    data-slate-leaf="true"
                    draggable="false"
                  >
                    <code
                      class="ant-md-editor-content-inline-code"
                    >
                      <span
                        data-slate-string="true"
                      >
                        eleItemRender
                      </span>
                    </code>
                  </span>
                </span>
                <span
                  data-slate-node="text"
                >
                  <span
                    data-be="text"
                    data-slate-leaf="true"
                    draggable="false"
                  >
                    <span
                      data-slate-string="true"
                    >
                       来自定义 think 代码块渲染的示例。
                    </span>
                  </span>
                </span>
              </div>
              <h2
                class="ant-md-editor-drag-el"
                data-be="head"
                data-head="默认-think-块"
                data-slate-node="element"
                data-title="false"
                id="默认-think-块"
              >
                <span
                  data-slate-node="text"
                >
                  <span
                    data-be="text"
                    data-slate-leaf="true"
                    draggable="false"
                  >
                    <span
                      data-slate-string="true"
                    >
                      默认 Think 块
                    </span>
                  </span>
                </span>
              </h2>
              <div
                data-slate-node="element"
              >
                <div
                  style="background-color: rgb(248, 249, 250); border: 2px solid rgb(233, 236, 239); border-radius: 8px; padding: 16px; margin: 12px 0px; position: relative; font-family: system-ui, -apple-system, sans-serif;"
                >
                  <div
                    style="display: flex; align-items: center; gap: 8px; margin-bottom: 12px; padding-bottom: 8px; border-bottom: 1px solid rgb(222, 226, 230);"
                  >
                    <div
                      style="width: 12px; height: 12px; border-radius: 50%; background-color: rgb(0, 123, 255); animation: pulse 2s infinite;"
                    />
                    <span
                      style="font-weight: 600; color: rgb(73, 80, 87); font-size: 13px;"
                    >
                      🤔 AI 思考过程
                    </span>
                  </div>
                  <div
                    style="color: rgb(73, 80, 87); line-height: 1.6; white-space: pre-wrap; font-size: 13px;"
                  >
                    这是一个默认的 think 代码块
它会显示为灰色的思考内容
通常用于显示 AI 的思考过程
                  </div>
                  <div
                    style="position: absolute; bottom: 0px; left: 0px; right: 0px; height: 4px; background: linear-gradient(90deg, #007bff, #28a745, #ffc107, #dc3545); border-radius: 0 0 6px 6px;"
                  />
                </div>
                <span
                  data-slate-node="text"
                >
                  <span
                    data-be="text"
                    data-slate-leaf="true"
                    draggable="false"
                  >
                    <span
                      data-slate-string="true"
                    >
                      这是一个默认的 think 代码块
它会显示为灰色的思考内容
通常用于显示 AI 的思考过程
                    </span>
                  </span>
                </span>
              </div>
              <h2
                class="ant-md-editor-drag-el"
                data-be="head"
                data-head="自定义渲染的-think-块"
                data-slate-node="element"
                data-title="false"
                id="自定义渲染的-think-块"
              >
                <span
                  data-slate-node="text"
                >
                  <span
                    data-be="text"
                    data-slate-leaf="true"
                    draggable="false"
                  >
                    <span
                      data-slate-string="true"
                    >
                      自定义渲染的 Think 块
                    </span>
                  </span>
                </span>
              </h2>
              <div
                data-slate-node="element"
              >
                <div
                  style="background-color: rgb(255, 255, 255); border: 1px solid rgb(225, 229, 233); border-radius: 12px; padding: 16px; margin: 16px 0px; position: relative; overflow: hidden; box-shadow: 0 4px 6px rgba(0, 0, 0, 0.1);"
                >
                  <div
                    style="position: absolute; top: 0px; left: 0px; right: 0px; height: 4px; background: linear-gradient(90deg, #667eea, #764ba2, #f093fb, #f5576c);"
                  />
                  <div
                    style="display: flex; align-items: center; justify-content: space-between; margin-bottom: 12px;"
                  >
                    <div
                      style="display: flex; align-items: center; gap: 8px;"
                    >
                      <div
                        style="width: 8px; height: 8px; border-radius: 50%; background-color: rgb(102, 126, 234); animation: bounce 1.5s infinite;"
                      />
                      <span
                        style="font-weight: 600; color: rgb(45, 55, 72); font-size: 13px;"
                      >
                        💭 深度思考
                      </span>
                    </div>
                    <button
                      style="background: none; color: rgb(102, 126, 234); cursor: pointer; font-size: 12px; font-weight: 500; padding: 4px 8px; border-radius: 4px; transition: background-color 0.2s cubic-bezier(0.645, 0.045, 0.355, 1);"
                      type="button"
                    >
                      展开
                    </button>
                  </div>
                  <div
                    style="color: rgb(74, 85, 104); line-height: 1.7; white-space: pre-wrap; font-size: 13px; transition: all 0.3s cubic-bezier(0.645, 0.045, 0.355, 1); max-height: 120px; overflow: hidden;"
                  >
                    这是一个会被自定义渲染的 think 代码块
通过 eleItemRender 函数，我们可以：
1. 拦截 think 类型的代码块
...
                  </div>
                  <div
                    style="position: absolute; bottom: 40px; left: 16px; right: 16px; height: 20px; background: linear-gradient(transparent, #fff); pointer-events: none;"
                  />
                </div>
                <span
                  data-slate-node="text"
                >
                  <span
                    data-be="text"
                    data-slate-leaf="true"
                    draggable="false"
                  >
                    <span
                      data-slate-string="true"
                    >
                      这是一个会被自定义渲染的 think 代码块
通过 eleItemRender 函数，我们可以：
1. 拦截 think 类型的代码块
2. 应用自定义的样式和布局
3. 添加交互功能（如展开/收起）
4. 增强视觉效果

这个块会被渲染为带有渐变背景和动画效果的组件
                    </span>
                  </span>
                </span>
              </div>
              <h2
                class="ant-md-editor-drag-el"
                data-be="head"
                data-head="长内容-think-块"
                data-slate-node="element"
                data-title="false"
                id="长内容-think-块"
              >
                <span
                  data-slate-node="text"
                >
                  <span
                    data-be="text"
                    data-slate-leaf="true"
                    draggable="false"
                  >
                    <span
                      data-slate-string="true"
                    >
                      长内容 Think 块
                    </span>
                  </span>
                </span>
              </h2>
              <div
                data-slate-node="element"
              >
                <div
                  style="background-color: rgb(255, 255, 255); border: 1px solid rgb(225, 229, 233); border-radius: 12px; padding: 16px; margin: 16px 0px; position: relative; overflow: hidden; box-shadow: 0 4px 6px rgba(0, 0, 0, 0.1);"
                >
                  <div
                    style="position: absolute; top: 0px; left: 0px; right: 0px; height: 4px; background: linear-gradient(90deg, #667eea, #764ba2, #f093fb, #f5576c);"
                  />
                  <div
                    style="display: flex; align-items: center; justify-content: space-between; margin-bottom: 12px;"
                  >
                    <div
                      style="display: flex; align-items: center; gap: 8px;"
                    >
                      <div
                        style="width: 8px; height: 8px; border-radius: 50%; background-color: rgb(102, 126, 234); animation: bounce 1.5s infinite;"
                      />
                      <span
                        style="font-weight: 600; color: rgb(45, 55, 72); font-size: 13px;"
                      >
                        💭 深度思考
                      </span>
                    </div>
                    <button
                      style="background: none; color: rgb(102, 126, 234); cursor: pointer; font-size: 12px; font-weight: 500; padding: 4px 8px; border-radius: 4px; transition: background-color 0.2s cubic-bezier(0.645, 0.045, 0.355, 1);"
                      type="button"
                    >
                      展开
                    </button>
                  </div>
                  <div
                    style="color: rgb(74, 85, 104); line-height: 1.7; white-space: pre-wrap; font-size: 13px; transition: all 0.3s cubic-bezier(0.645, 0.045, 0.355, 1); max-height: 120px; overflow: hidden;"
                  >
                    这是一个较长的 think 代码块，用于演示展开/收起功能。

第一行内容
...
                  </div>
                  <div
                    style="position: absolute; bottom: 40px; left: 16px; right: 16px; height: 20px; background: linear-gradient(transparent, #fff); pointer-events: none;"
                  />
                </div>
                <span
                  data-slate-node="text"
                >
                  <span
                    data-be="text"
                    data-slate-leaf="true"
                    draggable="false"
                  >
                    <span
                      data-slate-string="true"
                    >
                      这是一个较长的 think 代码块，用于演示展开/收起功能。

第一行内容
第二行内容
第三行内容
第四行内容
第五行内容
第六行内容
第七行内容
第八行内容
第九行内容
第十行内容

当内容超过 3 行时，会自动显示展开/收起按钮。
                    </span>
                  </span>
                </span>
              </div>
              <h2
                class="ant-md-editor-drag-el"
                data-be="head"
                data-head="普通代码块（不受影响）"
                data-slate-node="element"
                data-title="false"
                id="普通代码块（不受影响）"
              >
                <span
                  data-slate-node="text"
                >
                  <span
                    data-be="text"
                    data-slate-leaf="true"
                    draggable="false"
                  >
                    <span
                      data-slate-string="true"
                    >
                      普通代码块（不受影响）
                    </span>
                  </span>
                </span>
              </h2>
              <div
                data-slate-node="element"
              >
                <div
                  class="ace-el drag-el"
                  contenteditable="false"
                  data-be="code"
                  data-lang="javascript"
                  data-testid="code-container"
                  tabindex="-1"
                >
                  <div
                    class="ace-container code-editor-container drag-el"
                    data-testid="code-editor-container"
                    style="background-color: rgb(252, 252, 252); height: auto; opacity: 1;"
                  >
                    <div
                      contenteditable="false"
                      data-testid="code-toolbar"
                      style="background-color: var(--color-gray-bg-card-white); width: 100%; position: sticky; left: 0px; top: 0px; font: var(--font-text-h6-base); color: var(--color-gray-text-default); letter-spacing: var(--letter-spacing-h6-base, normal); justify-content: space-between; z-index: 50; height: 38px; display: flex; align-items: center; padding: 9px 12px; gap: 16px; align-self: stretch; box-sizing: border-box; user-select: none; transition: all 0.2s ease-in-out; border-width: 0px 0px 1px 0px; border-style: solid; border-color: var(--color-gray-border-light);"
                    >
                      <button
                        aria-describedby="test-id"
                        class="ant-btn ant-btn-text ant-btn-color-default ant-btn-variant-text ant-btn-sm"
                        style="display: flex; align-items: center; cursor: pointer; box-sizing: border-box; gap: 2px; color: rgba(0, 0, 0, 0.8);"
                        title="切换语言"
                        type="button"
                      >
                        <span
                          class="ant-btn-icon"
                        >
                          <div
                            style="height: 1em; width: 1em; display: flex; align-items: center; justify-content: center; margin-right: 0.25em;"
                          >
                            <svg
                              height="1em"
                              viewBox="0 0 24 24"
                              width="1em"
                              xmlns="http://www.w3.org/2000/svg"
                            >
                              <path
                                d="M3 3h18v18H3V3m4.73 15.04c.4.85 1.19 1.55 2.54 1.55 1.5 0 2.53-.8 2.53-2.55v-5.78h-1.7V17c0 .86-.35 1.08-.9 1.08-.58 0-.82-.4-1.09-.87l-1.38.83m5.98-.18c.5.98 1.51 1.73 3.09 1.73 1.6 0 2.8-.83 2.8-2.36 0-1.41-.81-2.04-2.25-2.66l-.42-.18c-.73-.31-1.04-.52-1.04-1.02 0-.41.31-.73.81-.73.48 0 .8.21 1.09.73l1.31-.87c-.55-.96-1.33-1.33-2.4-1.33-1.51 0-2.48.96-2.48 2.23 0 1.38.81 2.03 2.03 2.55l.42.18c.78.34 1.24.55 1.24 1.13 0 .48-.45.83-1.15.83-.83 0-1.31-.43-1.67-1.03l-1.38.8z"
                                fill="#ffca28"
                              />
                            </svg>
                          </div>
                        </span>
                        <span>
                          <div>
                            <span>
                              javascript
                            </span>
                          </div>
                        </span>
                      </button>
                      <div
                        style="display: flex; gap: 5px; align-items: center;"
                      >
                        <span
                          aria-describedby="test-id"
                          aria-label="复制"
                          class="ant-md-editor-action-icon-box"
                          role="button"
                          style="font-size: 1em; line-height: 1.75em; margin-left: 0.125em;"
                          tabindex="0"
                          title="复制"
                        >
                          <svg
                            class="sofa-icons-icon"
                            fill="currentColor"
                            fill-rule="evenodd"
                            height="1em"
                            style="vertical-align: -0.125em;"
                            viewBox="0 0 16 16"
                            width="1em"
                            xmlns="http://www.w3.org/2000/svg"
                          >
                            <defs>
                              <clippath
                                id="Copy-master_svg0_388_03608"
                              >
                                <rect
                                  height="16"
                                  rx="0"
                                  width="16"
                                />
                              </clippath>
                            </defs>
                            <g
                              clip-path="url(#Copy-master_svg0_388_03608)"
                            >
                              <path
                                d="M9.804 2.196q.196.197.196.47a.667.667 0 0 0 1.333 0q0-.825-.587-1.412Q10.16.667 9.333.667H2.667q-.826 0-1.413.587T.667 2.667v6.666q0 .826.587 1.413t1.413.587a.667.667 0 0 0 0-1.333q-.274 0-.47-.196Q2 9.607 2 9.334V2.666q0-.274.196-.47Q2.393 2 2.666 2h6.667q.274 0 .47.196M5.253 14.748q-.586-.586-.586-1.415V6.667q0-.829.586-1.415.585-.585 1.414-.585h6.666q.829 0 1.415.585.585.586.585 1.415v6.666q0 .829-.585 1.415-.586.585-1.415.585H6.667q-.829 0-1.414-.585M6 13.333q0 .276.195.472.196.195.472.195h6.666q.277 0 .472-.195.195-.196.195-.472V6.667q0-.276-.195-.472T13.333 6H6.667q-.276 0-.472.195Q6 6.391 6 6.667z"
                              />
                            </g>
                          </svg>
                        </span>
                      </div>
                    </div>
                    <div
                      class="code-editor-content"
                    >
                      <div
                        style="height: 100%; width: 100%; display: block;"
                      >
                        <div
                          data-testid="ace-editor-container"
                          style="height: 200px; line-height: 22px;"
                        />
                        <div
                          data-testid="code-content-copy"
                          style="height: 0.5px; overflow: hidden; opacity: 0; pointer-events: none;"
                        >
                          // 这是一个普通的 JavaScript 代码块 // 不会被 eleItemRender 修改 console.log('Hello World');
                          <span
                            data-slate-node="text"
                          >
                            <span
                              data-be="text"
                              data-slate-leaf="true"
                              draggable="false"
                            >
                              <span
                                data-slate-string="true"
                              >
                                // 这是一个普通的 JavaScript 代码块
// 不会被 eleItemRender 修改
console.log('Hello World');
                              </span>
                            </span>
                          </span>
                        </div>
                      </div>
                    </div>
                  </div>
                </div>
              </div>
              <h2
                class="ant-md-editor-drag-el"
                data-be="head"
                data-head="使用说明"
                data-slate-node="element"
                data-title="false"
                id="使用说明"
              >
                <span
                  data-slate-node="text"
                >
                  <span
                    data-be="text"
                    data-slate-leaf="true"
                    draggable="false"
                  >
                    <span
                      data-slate-string="true"
                    >
                      使用说明
                    </span>
                  </span>
                </span>
              </h2>
              <div
                class="ant-md-editor-list-container relative"
                data-be="list"
                data-slate-node="element"
              >
                <ol
                  class="ant-md-editor-list ol"
                  start="1"
                >
                  <li
                    class="ant-md-editor-list-item"
                    data-be="list-item"
                    data-slate-node="element"
                  >
                    <div
                      class="ant-md-editor-drag-el"
                      data-be="paragraph"
                      data-slate-node="element"
                    >
                      <span
                        data-slate-node="text"
                      >
                        <span
                          data-be="text"
                          data-slate-leaf="true"
                          draggable="false"
                          style="font-weight: bold;"
                        >
                          <span
                            data-testid="markdown-bold"
                          >
                            <span
                              data-slate-string="true"
                            >
                              eleItemRender 函数
                            </span>
                          </span>
                        </span>
                      </span>
                      <span
                        data-slate-node="text"
                      >
                        <span
                          data-be="text"
                          data-slate-leaf="true"
                          draggable="false"
                        >
                          <span
                            data-slate-string="true"
                          >
                            ：在 MarkdownEditor 组件中传入自定义的 eleItemRender 函数
                          </span>
                        </span>
                      </span>
                    </div>
                  </li>
                  <li
                    class="ant-md-editor-list-item"
                    data-be="list-item"
                    data-slate-node="element"
                  >
                    <div
                      class="ant-md-editor-drag-el"
                      data-be="paragraph"
                      data-slate-node="element"
                    >
                      <span
                        data-slate-node="text"
                      >
                        <span
                          data-be="text"
                          data-slate-leaf="true"
                          draggable="false"
                          style="font-weight: bold;"
                        >
                          <span
                            data-testid="markdown-bold"
                          >
                            <span
                              data-slate-string="true"
                            >
                              类型检查
                            </span>
                          </span>
                        </span>
                      </span>
                      <span
                        data-slate-node="text"
                      >
                        <span
                          data-be="text"
                          data-slate-leaf="true"
                          draggable="false"
                        >
                          <span
                            data-slate-string="true"
                          >
                            ：检查元素类型是否为 'code' 且 language 为 'think'
                          </span>
                        </span>
                      </span>
                    </div>
                  </li>
                  <li
                    class="ant-md-editor-list-item"
                    data-be="list-item"
                    data-slate-node="element"
                  >
                    <div
                      class="ant-md-editor-drag-el"
                      data-be="paragraph"
                      data-slate-node="element"
                    >
                      <span
                        data-slate-node="text"
                      >
                        <span
                          data-be="text"
                          data-slate-leaf="true"
                          draggable="false"
                          style="font-weight: bold;"
                        >
                          <span
                            data-testid="markdown-bold"
                          >
                            <span
                              data-slate-string="true"
                            >
                              条件渲染
                            </span>
                          </span>
                        </span>
                      </span>
                      <span
                        data-slate-node="text"
                      >
                        <span
                          data-be="text"
                          data-slate-leaf="true"
                          draggable="false"
                        >
                          <span
                            data-slate-string="true"
                          >
                            ：根据内容长度选择不同的渲染组件
                          </span>
                        </span>
                      </span>
                    </div>
                  </li>
                  <li
                    class="ant-md-editor-list-item"
                    data-be="list-item"
                    data-slate-node="element"
                  >
                    <div
                      class="ant-md-editor-drag-el"
                      data-be="paragraph"
                      data-slate-node="element"
                    >
                      <span
                        data-slate-node="text"
                      >
                        <span
                          data-be="text"
                          data-slate-leaf="true"
                          draggable="false"
                          style="font-weight: bold;"
                        >
                          <span
                            data-testid="markdown-bold"
                          >
                            <span
                              data-slate-string="true"
                            >
                              保持功能
                            </span>
                          </span>
                        </span>
                      </span>
                      <span
                        data-slate-node="text"
                      >
                        <span
                          data-be="text"
                          data-slate-leaf="true"
                          draggable="false"
                        >
                          <span
                            data-slate-string="true"
                          >
                            ：确保自定义渲染不会影响编辑器的其他功能
                          </span>
                        </span>
                      </span>
                    </div>
                  </li>
                </ol>
              </div>
              <h2
                class="ant-md-editor-drag-el"
                data-be="head"
                data-head="技术要点"
                data-slate-node="element"
                data-title="false"
                id="技术要点"
              >
                <span
                  data-slate-node="text"
                >
                  <span
                    data-be="text"
                    data-slate-leaf="true"
                    draggable="false"
                  >
                    <span
                      data-slate-string="true"
                    >
                      技术要点
                    </span>
                  </span>
                </span>
              </h2>
              <div
                class="ant-md-editor-list-container relative"
                data-be="list"
                data-slate-node="element"
              >
                <ul
                  class="ant-md-editor-list ul"
                >
                  <li
                    class="ant-md-editor-list-item"
                    data-be="list-item"
                    data-slate-node="element"
                  >
                    <div
                      class="ant-md-editor-drag-el"
                      data-be="paragraph"
                      data-slate-node="element"
                    >
                      <span
                        data-slate-node="text"
                      >
                        <span
                          data-be="text"
                          data-slate-leaf="true"
                          draggable="false"
                        >
                          <span
                            data-slate-string="true"
                          >
                            使用 
                          </span>
                        </span>
                      </span>
                      <span
                        data-slate-node="text"
                      >
                        <span
                          data-be="text"
                          data-slate-leaf="true"
                          draggable="false"
                        >
                          <code
                            class="ant-md-editor-content-inline-code"
                          >
                            <span
                              data-slate-string="true"
                            >
                              eleProps.attributes
                            </span>
                          </code>
                        </span>
                      </span>
                      <span
                        data-slate-node="text"
                      >
                        <span
                          data-be="text"
                          data-slate-leaf="true"
                          draggable="false"
                        >
                          <span
                            data-slate-string="true"
                          >
                             保持 Slate 编辑器的属性
                          </span>
                        </span>
                      </span>
                    </div>
                  </li>
                  <li
                    class="ant-md-editor-list-item"
                    data-be="list-item"
                    data-slate-node="element"
                  >
                    <div
                      class="ant-md-editor-drag-el"
                      data-be="paragraph"
                      data-slate-node="element"
                    >
                      <span
                        data-slate-node="text"
                      >
                        <span
                          data-be="text"
                          data-slate-leaf="true"
                          draggable="false"
                        >
                          <span
                            data-slate-string="true"
                          >
                            通过 
                          </span>
                        </span>
                      </span>
                      <span
                        data-slate-node="text"
                      >
                        <span
                          data-be="text"
                          data-slate-leaf="true"
                          draggable="false"
                        >
                          <code
                            class="ant-md-editor-content-inline-code"
                          >
                            <span
                              data-slate-string="true"
                            >
                              eleProps.children
                            </span>
                          </code>
                        </span>
                      </span>
                      <span
                        data-slate-node="text"
                      >
                        <span
                          data-be="text"
                          data-slate-leaf="true"
                          draggable="false"
                        >
                          <span
                            data-slate-string="true"
                          >
                             保持子元素渲染
                          </span>
                        </span>
                      </span>
                    </div>
                  </li>
                  <li
                    class="ant-md-editor-list-item"
                    data-be="list-item"
                    data-slate-node="element"
                  >
                    <div
                      class="ant-md-editor-drag-el"
                      data-be="paragraph"
                      data-slate-node="element"
                    >
                      <span
                        data-slate-node="text"
                      >
                        <span
                          data-be="text"
                          data-slate-leaf="true"
                          draggable="false"
                        >
                          <span
                            data-slate-string="true"
                          >
                            自定义组件可以包含交互功能和动画效果
                          </span>
                        </span>
                      </span>
                    </div>
                  </li>
                  <li
                    class="ant-md-editor-list-item"
                    data-be="list-item"
                    data-slate-node="element"
                  >
                    <div
                      class="ant-md-editor-drag-el"
                      data-be="paragraph"
                      data-slate-node="element"
                    >
                      <span
                        data-slate-node="text"
                      >
                        <span
                          data-be="text"
                          data-slate-leaf="true"
                          draggable="false"
                        >
                          <span
                            data-slate-string="true"
                          >
                            支持响应式设计和主题定制
                          </span>
                        </span>
                      </span>
                    </div>
                  </li>
                </ul>
              </div>
              <div
                class="ant-md-editor-drag-el"
                data-be="paragraph"
                data-slate-node="element"
              >
                <span
                  data-slate-node="text"
                >
                  <span
                    data-be="text"
                    data-slate-leaf="true"
                    draggable="false"
                  >
                    <span
                      data-slate-length="0"
                      data-slate-zero-width="n"
                    >
                      ﻿
                      <br />
                    </span>
                  </span>
                </span>
              </div>
            </div>
          </div>
          <div
            class="ant-md-editor-focus"
            style="height: 64px;"
          />
        </div>
      </div>
      <style>
        
        @keyframes pulse {
          0%, 100% { opacity: 1; }
          50% { opacity: 0.5; }
        }
        
        @keyframes bounce {
          0%, 20%, 53%, 80%, 100% { transform: translate3d(0,0,0); }
          40%, 43% { transform: translate3d(0,-8px,0); }
          70% { transform: translate3d(0,-4px,0); }
          90% { transform: translate3d(0,-2px,0); }
        }
      
      </style>
    </div>
  </div>
</DocumentFragment>