<DocumentFragment>
  <div
    class="ant-app"
  >
    <div>
      test
    </div>
    <div
      style="display: flex; align-items: center; justify-content: space-between; background-color: rgb(240, 242, 245);"
    >
      <div
        style="border: 1px solid rgb(240, 240, 240); width: 40vw; margin: 20px auto;"
      >
        <div
          data-length="3051"
          data-testid="md-editor"
        >
          MarkdownEditor(Mock)
        </div>
        <div>
          <h4>
            Props 说明
          </h4>
          <ul>
            <li>
              <code>
                reportMode
              </code>
               - 报告模式，优化显示效果
            </li>
            <li>
              <code>
                toc
              </code>
               - 是否显示目录，设置为 false 隐藏目录
            </li>
            <li>
              <code>
                initValue
              </code>
               - 初始化的 Markdown 内容，包含代码块和 JSON Schema
            </li>
            <li>
              <code>
                toolBar
              </code>
               - 工具栏配置，包含最小化、启用状态和额外按钮
            </li>
            <li>
              <code>
                toolBar.min
              </code>
               - 工具栏最小化状态
            </li>
            <li>
              <code>
                toolBar.enable
              </code>
               - 工具栏启用状态
            </li>
            <li>
              <code>
                toolBar.extra
              </code>
               - 工具栏额外按钮，包含插入 Markdown 功能
            </li>
            <li>
              <code>
                image.upload
              </code>
               - 图片上传函数，支持文件和 URL 上传
            </li>
            <li>
              <code>
                readonly
              </code>
               - 只读模式，用户无法编辑内容
            </li>
            <li>
              <code>
                onChange
              </code>
               - 内容变化回调函数，输出到控制台
            </li>
            <li>
              <code>
                width
              </code>
               - 编辑器宽度，设置为 60vw
            </li>
            <li>
              <code>
                height
              </code>
               - 编辑器高度，设置为 500px
            </li>
            <li>
              <code>
                editorRef
              </code>
               - 编辑器引用，用于调用 store.setMDContent 方法
            </li>
          </ul>
        </div>
      </div>
    </div>
  </div>
</DocumentFragment>