<DocumentFragment>
  <div
    class="ant-app"
  >
    <div>
      test
    </div>
    <div
      style="padding: 20px; margin: auto; max-width: 800px; display: flex; flex-direction: column; gap: 20px;"
    >
      <h2>
        基本
      </h2>
      <div>
        <div
          animate="visible"
          class="ant-md-editor-file-view-list ant-md-editor-file-view-list-left"
          initial="hidden"
          variants="[object Object]"
          whileinview="visible"
        >
          <div
            class="ant-image"
            style="width: 124px; height: 124px;"
          >
            <img
              class="ant-image-img ant-md-editor-file-view-list-image"
              height="124"
              src="https://mdn.alipayobjects.com/huamei_ptjqan/afts/img/A*IsRPRJJps0cAAAAAAAAAAAAADkN6AQ/original"
              style="height: 124px;"
              width="124"
            />
            <div
              class="ant-image-mask"
            >
              <div
                class="ant-image-mask-info"
              >
                <span
                  aria-label="eye"
                  class="anticon anticon-eye"
                  role="img"
                >
                  <svg
                    aria-hidden="true"
                    data-icon="eye"
                    fill="currentColor"
                    focusable="false"
                    height="1em"
                    viewBox="64 64 896 896"
                    width="1em"
                  >
                    <path
                      d="M942.2 486.2C847.4 286.5 704.1 186 512 186c-192.2 0-335.4 100.5-430.2 300.3a60.3 60.3 0 000 51.5C176.6 737.5 319.9 838 512 838c192.2 0 335.4-100.5 430.2-300.3 7.7-16.2 7.7-35 0-51.5zM512 766c-161.3 0-279.4-81.8-362.7-254C232.6 339.8 350.7 258 512 258c161.3 0 279.4 81.8 362.7 254C791.5 684.2 673.4 766 512 766zm-4-430c-97.2 0-176 78.8-176 176s78.8 176 176 176 176-78.8 176-176-78.8-176-176-176zm0 288c-61.9 0-112-50.1-112-112s50.1-112 112-112 112 50.1 112 112-50.1 112-112 112z"
                    />
                  </svg>
                </span>
                Preview
              </div>
            </div>
          </div>
          <div
            class="ant-image"
            style="width: 124px; height: 124px;"
          >
            <img
              class="ant-image-img ant-md-editor-file-view-list-image"
              height="124"
              src="https://mdn.alipayobjects.com/huamei_ptjqan/afts/img/A*IsRPRJJps0cAAAAAAAAAAAAADkN6AQ/original"
              style="height: 124px;"
              width="124"
            />
            <div
              class="ant-image-mask"
            >
              <div
                class="ant-image-mask-info"
              >
                <span
                  aria-label="eye"
                  class="anticon anticon-eye"
                  role="img"
                >
                  <svg
                    aria-hidden="true"
                    data-icon="eye"
                    fill="currentColor"
                    focusable="false"
                    height="1em"
                    viewBox="64 64 896 896"
                    width="1em"
                  >
                    <path
                      d="M942.2 486.2C847.4 286.5 704.1 186 512 186c-192.2 0-335.4 100.5-430.2 300.3a60.3 60.3 0 000 51.5C176.6 737.5 319.9 838 512 838c192.2 0 335.4-100.5 430.2-300.3 7.7-16.2 7.7-35 0-51.5zM512 766c-161.3 0-279.4-81.8-362.7-254C232.6 339.8 350.7 258 512 258c161.3 0 279.4 81.8 362.7 254C791.5 684.2 673.4 766 512 766zm-4-430c-97.2 0-176 78.8-176 176s78.8 176 176 176 176-78.8 176-176-78.8-176-176-176zm0 288c-61.9 0-112-50.1-112-112s50.1-112 112-112 112 50.1 112 112-50.1 112-112 112z"
                    />
                  </svg>
                </span>
                Preview
              </div>
            </div>
          </div>
          <div
            class="ant-image"
            style="width: 124px; height: 124px;"
          >
            <img
              class="ant-image-img ant-md-editor-file-view-list-image"
              height="124"
              src="https://mdn.alipayobjects.com/huamei_ptjqan/afts/img/A*jThjRaPDP3kAAAAAAAAAAAAAekN6AQ/original"
              style="height: 124px;"
              width="124"
            />
            <div
              class="ant-image-mask"
            >
              <div
                class="ant-image-mask-info"
              >
                <span
                  aria-label="eye"
                  class="anticon anticon-eye"
                  role="img"
                >
                  <svg
                    aria-hidden="true"
                    data-icon="eye"
                    fill="currentColor"
                    focusable="false"
                    height="1em"
                    viewBox="64 64 896 896"
                    width="1em"
                  >
                    <path
                      d="M942.2 486.2C847.4 286.5 704.1 186 512 186c-192.2 0-335.4 100.5-430.2 300.3a60.3 60.3 0 000 51.5C176.6 737.5 319.9 838 512 838c192.2 0 335.4-100.5 430.2-300.3 7.7-16.2 7.7-35 0-51.5zM512 766c-161.3 0-279.4-81.8-362.7-254C232.6 339.8 350.7 258 512 258c161.3 0 279.4 81.8 362.7 254C791.5 684.2 673.4 766 512 766zm-4-430c-97.2 0-176 78.8-176 176s78.8 176 176 176 176-78.8 176-176-78.8-176-176-176zm0 288c-61.9 0-112-50.1-112-112s50.1-112 112-112 112 50.1 112 112-50.1 112-112 112z"
                    />
                  </svg>
                </span>
                Preview
              </div>
            </div>
          </div>
        </div>
        <div
          animate="visible"
          class="ant-md-editor-file-view-list ant-md-editor-file-view-list-vertical ant-md-editor-file-view-list-left"
          initial="hidden"
          variants="[object Object]"
          whileinview="visible"
        >
          <div
            class="ant-md-editor-file-view-list-more-file-container"
          >
            <svg
              class="sofa-icons-icon"
              color="var(--color-gray-text-secondary)"
              fill="currentColor"
              fill-rule="evenodd"
              height="1em"
              style="vertical-align: -0.125em;"
              viewBox="0 0 24 24"
              width="1em"
              xmlns="http://www.w3.org/2000/svg"
            >
              <defs>
                <clippath
                  id="FileSearch-master_svg0_2211_13412"
                >
                  <rect
                    height="24"
                    rx="0"
                    width="24"
                  />
                </clippath>
              </defs>
              <g
                clip-path="url(#FileSearch-master_svg0_2211_13412)"
              >
                <path
                  d="M4 4v3a1 1 0 0 0 2 0V4q0-1 1-1h7v3q0 1.243.879 2.121Q15.757 9 17 9h3v11q0 1-1 1H6.995q-.572-.002-.86-.498l-.001-.002a1 1 0 1 0-1.732 1q.863 1.496 2.593 1.5H19q1.243 0 2.121-.879Q22 21.243 22 20V7a1 1 0 0 0-.293-.707l-5-5A1 1 0 0 0 16 1H7q-1.243 0-2.121.879Q4 2.757 4 4m12-.586V6q0 .414.293.707T17 7h2.586zM6 18c.742 0 1.436-.202 2.032-.554l1.26 1.261a1 1 0 0 0 1.415-1.414l-1.26-1.261A4 4 0 1 0 6 18m0-6a2 2 0 1 1 0 4 2 2 0 0 1 0-4"
                  style="mix-blend-mode: passthrough;"
                />
              </g>
            </svg>
            <div
              class="ant-md-editor-file-view-list-more-file-name"
            >
              <span
                style="white-space: nowrap;"
              >
                查看此任务中的所有文件
              </span>
            </div>
          </div>
        </div>
      </div>
      <h2>
        文件少于等于四个
      </h2>
      <div>
        <div
          animate="visible"
          class="ant-md-editor-file-view-list ant-md-editor-file-view-list-left"
          initial="hidden"
          variants="[object Object]"
          whileinview="visible"
        >
          <div
            class="ant-image"
            style="width: 124px; height: 124px;"
          >
            <img
              class="ant-image-img ant-md-editor-file-view-list-image"
              height="124"
              src="https://mdn.alipayobjects.com/huamei_ptjqan/afts/img/A*IsRPRJJps0cAAAAAAAAAAAAADkN6AQ/original"
              style="height: 124px;"
              width="124"
            />
            <div
              class="ant-image-mask"
            >
              <div
                class="ant-image-mask-info"
              >
                <span
                  aria-label="eye"
                  class="anticon anticon-eye"
                  role="img"
                >
                  <svg
                    aria-hidden="true"
                    data-icon="eye"
                    fill="currentColor"
                    focusable="false"
                    height="1em"
                    viewBox="64 64 896 896"
                    width="1em"
                  >
                    <path
                      d="M942.2 486.2C847.4 286.5 704.1 186 512 186c-192.2 0-335.4 100.5-430.2 300.3a60.3 60.3 0 000 51.5C176.6 737.5 319.9 838 512 838c192.2 0 335.4-100.5 430.2-300.3 7.7-16.2 7.7-35 0-51.5zM512 766c-161.3 0-279.4-81.8-362.7-254C232.6 339.8 350.7 258 512 258c161.3 0 279.4 81.8 362.7 254C791.5 684.2 673.4 766 512 766zm-4-430c-97.2 0-176 78.8-176 176s78.8 176 176 176 176-78.8 176-176-78.8-176-176-176zm0 288c-61.9 0-112-50.1-112-112s50.1-112 112-112 112 50.1 112 112-50.1 112-112 112z"
                    />
                  </svg>
                </span>
                Preview
              </div>
            </div>
          </div>
          <div
            class="ant-image"
            style="width: 124px; height: 124px;"
          >
            <img
              class="ant-image-img ant-md-editor-file-view-list-image"
              height="124"
              src="https://mdn.alipayobjects.com/huamei_ptjqan/afts/img/A*IsRPRJJps0cAAAAAAAAAAAAADkN6AQ/original"
              style="height: 124px;"
              width="124"
            />
            <div
              class="ant-image-mask"
            >
              <div
                class="ant-image-mask-info"
              >
                <span
                  aria-label="eye"
                  class="anticon anticon-eye"
                  role="img"
                >
                  <svg
                    aria-hidden="true"
                    data-icon="eye"
                    fill="currentColor"
                    focusable="false"
                    height="1em"
                    viewBox="64 64 896 896"
                    width="1em"
                  >
                    <path
                      d="M942.2 486.2C847.4 286.5 704.1 186 512 186c-192.2 0-335.4 100.5-430.2 300.3a60.3 60.3 0 000 51.5C176.6 737.5 319.9 838 512 838c192.2 0 335.4-100.5 430.2-300.3 7.7-16.2 7.7-35 0-51.5zM512 766c-161.3 0-279.4-81.8-362.7-254C232.6 339.8 350.7 258 512 258c161.3 0 279.4 81.8 362.7 254C791.5 684.2 673.4 766 512 766zm-4-430c-97.2 0-176 78.8-176 176s78.8 176 176 176 176-78.8 176-176-78.8-176-176-176zm0 288c-61.9 0-112-50.1-112-112s50.1-112 112-112 112 50.1 112 112-50.1 112-112 112z"
                    />
                  </svg>
                </span>
                Preview
              </div>
            </div>
          </div>
          <div
            class="ant-image"
            style="width: 124px; height: 124px;"
          >
            <img
              class="ant-image-img ant-md-editor-file-view-list-image"
              height="124"
              src="https://mdn.alipayobjects.com/huamei_ptjqan/afts/img/A*jThjRaPDP3kAAAAAAAAAAAAAekN6AQ/original"
              style="height: 124px;"
              width="124"
            />
            <div
              class="ant-image-mask"
            >
              <div
                class="ant-image-mask-info"
              >
                <span
                  aria-label="eye"
                  class="anticon anticon-eye"
                  role="img"
                >
                  <svg
                    aria-hidden="true"
                    data-icon="eye"
                    fill="currentColor"
                    focusable="false"
                    height="1em"
                    viewBox="64 64 896 896"
                    width="1em"
                  >
                    <path
                      d="M942.2 486.2C847.4 286.5 704.1 186 512 186c-192.2 0-335.4 100.5-430.2 300.3a60.3 60.3 0 000 51.5C176.6 737.5 319.9 838 512 838c192.2 0 335.4-100.5 430.2-300.3 7.7-16.2 7.7-35 0-51.5zM512 766c-161.3 0-279.4-81.8-362.7-254C232.6 339.8 350.7 258 512 258c161.3 0 279.4 81.8 362.7 254C791.5 684.2 673.4 766 512 766zm-4-430c-97.2 0-176 78.8-176 176s78.8 176 176 176 176-78.8 176-176-78.8-176-176-176zm0 288c-61.9 0-112-50.1-112-112s50.1-112 112-112 112 50.1 112 112-50.1 112-112 112z"
                    />
                  </svg>
                </span>
                Preview
              </div>
            </div>
          </div>
        </div>
        <div
          animate="visible"
          class="ant-md-editor-file-view-list ant-md-editor-file-view-list-vertical ant-md-editor-file-view-list-left"
          initial="hidden"
          variants="[object Object]"
          whileinview="visible"
        >
          <div
            class="ant-md-editor-file-view-list-more-file-container"
          >
            <svg
              class="sofa-icons-icon"
              color="var(--color-gray-text-secondary)"
              fill="currentColor"
              fill-rule="evenodd"
              height="1em"
              style="vertical-align: -0.125em;"
              viewBox="0 0 24 24"
              width="1em"
              xmlns="http://www.w3.org/2000/svg"
            >
              <defs>
                <clippath
                  id="FileSearch-master_svg0_2211_13412"
                >
                  <rect
                    height="24"
                    rx="0"
                    width="24"
                  />
                </clippath>
              </defs>
              <g
                clip-path="url(#FileSearch-master_svg0_2211_13412)"
              >
                <path
                  d="M4 4v3a1 1 0 0 0 2 0V4q0-1 1-1h7v3q0 1.243.879 2.121Q15.757 9 17 9h3v11q0 1-1 1H6.995q-.572-.002-.86-.498l-.001-.002a1 1 0 1 0-1.732 1q.863 1.496 2.593 1.5H19q1.243 0 2.121-.879Q22 21.243 22 20V7a1 1 0 0 0-.293-.707l-5-5A1 1 0 0 0 16 1H7q-1.243 0-2.121.879Q4 2.757 4 4m12-.586V6q0 .414.293.707T17 7h2.586zM6 18c.742 0 1.436-.202 2.032-.554l1.26 1.261a1 1 0 0 0 1.415-1.414l-1.26-1.261A4 4 0 1 0 6 18m0-6a2 2 0 1 1 0 4 2 2 0 0 1 0-4"
                  style="mix-blend-mode: passthrough;"
                />
              </g>
            </svg>
            <div
              class="ant-md-editor-file-view-list-more-file-name"
            >
              <span
                style="white-space: nowrap;"
              >
                查看此任务中的所有文件
              </span>
            </div>
          </div>
        </div>
      </div>
      <h2>
        都是图片
      </h2>
      <div>
        <div
          animate="visible"
          class="ant-md-editor-file-view-list ant-md-editor-file-view-list-left"
          initial="hidden"
          variants="[object Object]"
          whileinview="visible"
        >
          <div
            class="ant-image"
            style="width: 124px; height: 124px;"
          >
            <img
              class="ant-image-img ant-md-editor-file-view-list-image"
              height="124"
              src="https://mdn.alipayobjects.com/huamei_ptjqan/afts/img/A*jThjRaPDP3kAAAAAAAAAAAAAekN6AQ/original"
              style="height: 124px;"
              width="124"
            />
            <div
              class="ant-image-mask"
            >
              <div
                class="ant-image-mask-info"
              >
                <span
                  aria-label="eye"
                  class="anticon anticon-eye"
                  role="img"
                >
                  <svg
                    aria-hidden="true"
                    data-icon="eye"
                    fill="currentColor"
                    focusable="false"
                    height="1em"
                    viewBox="64 64 896 896"
                    width="1em"
                  >
                    <path
                      d="M942.2 486.2C847.4 286.5 704.1 186 512 186c-192.2 0-335.4 100.5-430.2 300.3a60.3 60.3 0 000 51.5C176.6 737.5 319.9 838 512 838c192.2 0 335.4-100.5 430.2-300.3 7.7-16.2 7.7-35 0-51.5zM512 766c-161.3 0-279.4-81.8-362.7-254C232.6 339.8 350.7 258 512 258c161.3 0 279.4 81.8 362.7 254C791.5 684.2 673.4 766 512 766zm-4-430c-97.2 0-176 78.8-176 176s78.8 176 176 176 176-78.8 176-176-78.8-176-176-176zm0 288c-61.9 0-112-50.1-112-112s50.1-112 112-112 112 50.1 112 112-50.1 112-112 112z"
                    />
                  </svg>
                </span>
                Preview
              </div>
            </div>
          </div>
          <div
            class="ant-image"
            style="width: 124px; height: 124px;"
          >
            <img
              class="ant-image-img ant-md-editor-file-view-list-image"
              height="124"
              src="https://mdn.alipayobjects.com/huamei_ptjqan/afts/img/A*jThjRaPDP3kAAAAAAAAAAAAAekN6AQ/original"
              style="height: 124px;"
              width="124"
            />
            <div
              class="ant-image-mask"
            >
              <div
                class="ant-image-mask-info"
              >
                <span
                  aria-label="eye"
                  class="anticon anticon-eye"
                  role="img"
                >
                  <svg
                    aria-hidden="true"
                    data-icon="eye"
                    fill="currentColor"
                    focusable="false"
                    height="1em"
                    viewBox="64 64 896 896"
                    width="1em"
                  >
                    <path
                      d="M942.2 486.2C847.4 286.5 704.1 186 512 186c-192.2 0-335.4 100.5-430.2 300.3a60.3 60.3 0 000 51.5C176.6 737.5 319.9 838 512 838c192.2 0 335.4-100.5 430.2-300.3 7.7-16.2 7.7-35 0-51.5zM512 766c-161.3 0-279.4-81.8-362.7-254C232.6 339.8 350.7 258 512 258c161.3 0 279.4 81.8 362.7 254C791.5 684.2 673.4 766 512 766zm-4-430c-97.2 0-176 78.8-176 176s78.8 176 176 176 176-78.8 176-176-78.8-176-176-176zm0 288c-61.9 0-112-50.1-112-112s50.1-112 112-112 112 50.1 112 112-50.1 112-112 112z"
                    />
                  </svg>
                </span>
                Preview
              </div>
            </div>
          </div>
          <div
            class="ant-image"
            style="width: 124px; height: 124px;"
          >
            <img
              class="ant-image-img ant-md-editor-file-view-list-image"
              height="124"
              src="https://mdn.alipayobjects.com/huamei_ptjqan/afts/img/A*jThjRaPDP3kAAAAAAAAAAAAAekN6AQ/original"
              style="height: 124px;"
              width="124"
            />
            <div
              class="ant-image-mask"
            >
              <div
                class="ant-image-mask-info"
              >
                <span
                  aria-label="eye"
                  class="anticon anticon-eye"
                  role="img"
                >
                  <svg
                    aria-hidden="true"
                    data-icon="eye"
                    fill="currentColor"
                    focusable="false"
                    height="1em"
                    viewBox="64 64 896 896"
                    width="1em"
                  >
                    <path
                      d="M942.2 486.2C847.4 286.5 704.1 186 512 186c-192.2 0-335.4 100.5-430.2 300.3a60.3 60.3 0 000 51.5C176.6 737.5 319.9 838 512 838c192.2 0 335.4-100.5 430.2-300.3 7.7-16.2 7.7-35 0-51.5zM512 766c-161.3 0-279.4-81.8-362.7-254C232.6 339.8 350.7 258 512 258c161.3 0 279.4 81.8 362.7 254C791.5 684.2 673.4 766 512 766zm-4-430c-97.2 0-176 78.8-176 176s78.8 176 176 176 176-78.8 176-176-78.8-176-176-176zm0 288c-61.9 0-112-50.1-112-112s50.1-112 112-112 112 50.1 112 112-50.1 112-112 112z"
                    />
                  </svg>
                </span>
                Preview
              </div>
            </div>
          </div>
        </div>
        <div
          animate="visible"
          class="ant-md-editor-file-view-list ant-md-editor-file-view-list-vertical ant-md-editor-file-view-list-left"
          initial="hidden"
          variants="[object Object]"
          whileinview="visible"
        >
          <div
            class="ant-md-editor-file-view-list-more-file-container"
          >
            <svg
              class="sofa-icons-icon"
              color="var(--color-gray-text-secondary)"
              fill="currentColor"
              fill-rule="evenodd"
              height="1em"
              style="vertical-align: -0.125em;"
              viewBox="0 0 24 24"
              width="1em"
              xmlns="http://www.w3.org/2000/svg"
            >
              <defs>
                <clippath
                  id="FileSearch-master_svg0_2211_13412"
                >
                  <rect
                    height="24"
                    rx="0"
                    width="24"
                  />
                </clippath>
              </defs>
              <g
                clip-path="url(#FileSearch-master_svg0_2211_13412)"
              >
                <path
                  d="M4 4v3a1 1 0 0 0 2 0V4q0-1 1-1h7v3q0 1.243.879 2.121Q15.757 9 17 9h3v11q0 1-1 1H6.995q-.572-.002-.86-.498l-.001-.002a1 1 0 1 0-1.732 1q.863 1.496 2.593 1.5H19q1.243 0 2.121-.879Q22 21.243 22 20V7a1 1 0 0 0-.293-.707l-5-5A1 1 0 0 0 16 1H7q-1.243 0-2.121.879Q4 2.757 4 4m12-.586V6q0 .414.293.707T17 7h2.586zM6 18c.742 0 1.436-.202 2.032-.554l1.26 1.261a1 1 0 0 0 1.415-1.414l-1.26-1.261A4 4 0 1 0 6 18m0-6a2 2 0 1 1 0 4 2 2 0 0 1 0-4"
                  style="mix-blend-mode: passthrough;"
                />
              </g>
            </svg>
            <div
              class="ant-md-editor-file-view-list-more-file-name"
            >
              <span
                style="white-space: nowrap;"
              >
                查看此任务中的所有文件
              </span>
            </div>
          </div>
        </div>
      </div>
      <div
        style="margin-top: 20px; padding: 20px;"
      >
        <h4>
          Props 说明：
        </h4>
        <ul>
          <li>
            <strong>
              fileMap
            </strong>
            : 文件映射对象，Map&lt;string, AttachmentFile&gt; 类型
          </li>
          <li>
            <strong>
              AttachmentFile
            </strong>
            : 附件文件对象，包含以下属性：
          </li>
          <li>
            <strong>
              name
            </strong>
            : 文件名
          </li>
          <li>
            <strong>
              url
            </strong>
            : 文件下载链接
          </li>
          <li>
            <strong>
              type
            </strong>
            : 文件 MIME 类型
          </li>
          <li>
            <strong>
              status
            </strong>
            : 文件状态，如 'done'
          </li>
          <li>
            <strong>
              previewUrl
            </strong>
            : 文件预览链接
          </li>
          <li>
            <strong>
              size
            </strong>
            : 文件大小（字节）
          </li>
          <li>
            <strong>
              uuid
            </strong>
            : 文件唯一标识符
          </li>
          <li>
            <strong>
              lastModified
            </strong>
            : 最后修改时间戳
          </li>
        </ul>
      </div>
    </div>
  </div>
</DocumentFragment>