<DocumentFragment>
  <div
    class="ant-app"
  >
    <div>
      test
    </div>
    <div
      style="padding: 20px;"
    >
      <h2>
        History 组件 actionRef 示例
      </h2>
      <div
        class="ant-space ant-space-horizontal ant-space-align-center ant-space-gap-row-small ant-space-gap-col-small"
        style="margin-bottom: 16px;"
      >
        <div
          class="ant-space-item"
        >
          <button
            class="ant-btn ant-btn-primary ant-btn-color-primary ant-btn-variant-solid"
            type="button"
          >
            <span>
              刷新历史记录
            </span>
          </button>
        </div>
        <div
          class="ant-space-item"
        >
          <button
            class="ant-btn ant-btn-default ant-btn-color-default ant-btn-variant-outlined"
            type="button"
          >
            <span>
              添加新会话
            </span>
          </button>
        </div>
      </div>
      <div
        style="border: 1px solid rgb(217, 217, 217); border-radius: 6px; padding: 16px;"
      >
        <div
          style="display: flex; flex-direction: column;"
        >
          <div
            aria-label="菜单"
            class="ant-agent-chat-history-menu ant-agent-chat-history-menu"
            role="menu"
            tabindex="0"
          >
            <div
              class="ant-agent-chat-history-menu-submenu"
            >
              <div
                class="ant-agent-chat-history-menu-item-group"
              >
                <div
                  class="ant-agent-chat-history-menu-item-content"
                >
                  昨日
                </div>
              </div>
              <div
                aria-selected="false"
                class="ant-agent-chat-history-menu-item"
                role="menuitem"
                tabindex="0"
              >
                <div
                  class="ant-agent-chat-history-menu-item-content"
                >
                  <div
                    style="display: flex; justify-content: space-between; gap: 8px; min-width: 140px; align-items: center; width: 100%;"
                  >
                    <div
                      style="display: flex; align-items: center; flex: 1 1 0%; min-width: 0; gap: 8px;"
                    >
                      <div
                        style="flex: 1 1 0%; min-width: 0; overflow: hidden;"
                      >
                        <div
                          data-overflow="false"
                          style="position: relative; width: calc(100% - 10px); overflow: hidden;"
                        >
                          <div
                            aria-describedby="test-id"
                            style="white-space: nowrap; font: var(--font-text-body-base); letter-spacing: var(--letter-spacing-body-base, normal); color: var(--color-gray-text-default);"
                          >
                            关于 React Hooks 的讨论
                          </div>
                          <div
                            style="position: absolute; top: 0px; right: 0px; width: 100%; height: 100%; mask-image: linear-gradient(90deg, #D8D8D8 81%, rgba(216, 216, 216, 0) 91%); opacity: 0; transition: opacity 0.2s; pointer-events: none;"
                          />
                        </div>
                      </div>
                    </div>
                    <div
                      style="flex-shrink: 0;"
                    >
                      <div
                        style="color: var(--color-gray-text-light); font: var(--font-text-body-sm); line-height: 1; display: flex; align-items: center; justify-content: center; width: max-content; max-width: min(860px,100%); position: relative;"
                      >
                        <div
                          style="position: absolute; right: 0px; top: 50%; transform: translateY(-50%); opacity: 0; transition: opacity 0.2s ease; pointer-events: none; display: flex; align-items: center;"
                        >
                          <div
                            class="ant-space ant-space-horizontal ant-space-align-center"
                            style="column-gap: 4px; row-gap: 4px;"
                          />
                        </div>
                        <div
                          style="opacity: 1; transition: opacity 0.2s ease;"
                        >
                          昨日
                        </div>
                      </div>
                      <div
                        class="ant-agent-chat-history-menu-extra-actions "
                      />
                    </div>
                  </div>
                </div>
              </div>
            </div>
            <div
              class="ant-agent-chat-history-menu-submenu"
            >
              <div
                class="ant-agent-chat-history-menu-item-group"
              >
                <div
                  class="ant-agent-chat-history-menu-item-content"
                >
                  2 days ago
                </div>
              </div>
              <div
                aria-selected="false"
                class="ant-agent-chat-history-menu-item"
                role="menuitem"
                tabindex="0"
              >
                <div
                  class="ant-agent-chat-history-menu-item-content"
                >
                  <div
                    style="display: flex; justify-content: space-between; gap: 8px; min-width: 140px; align-items: center; width: 100%;"
                  >
                    <div
                      style="display: flex; align-items: center; flex: 1 1 0%; min-width: 0; gap: 8px;"
                    >
                      <div
                        style="flex: 1 1 0%; min-width: 0; overflow: hidden;"
                      >
                        <div
                          data-overflow="false"
                          style="position: relative; width: calc(100% - 10px); overflow: hidden;"
                        >
                          <div
                            aria-describedby="test-id"
                            style="white-space: nowrap; font: var(--font-text-body-base); letter-spacing: var(--letter-spacing-body-base, normal); color: var(--color-gray-text-default);"
                          >
                            TypeScript 类型系统详解
                          </div>
                          <div
                            style="position: absolute; top: 0px; right: 0px; width: 100%; height: 100%; mask-image: linear-gradient(90deg, #D8D8D8 81%, rgba(216, 216, 216, 0) 91%); opacity: 0; transition: opacity 0.2s; pointer-events: none;"
                          />
                        </div>
                      </div>
                    </div>
                    <div
                      style="flex-shrink: 0;"
                    >
                      <div
                        style="color: var(--color-gray-text-light); font: var(--font-text-body-sm); line-height: 1; display: flex; align-items: center; justify-content: center; width: max-content; max-width: min(860px,100%); position: relative;"
                      >
                        <div
                          style="position: absolute; right: 0px; top: 50%; transform: translateY(-50%); opacity: 0; transition: opacity 0.2s ease; pointer-events: none; display: flex; align-items: center;"
                        >
                          <div
                            class="ant-space ant-space-horizontal ant-space-align-center"
                            style="column-gap: 4px; row-gap: 4px;"
                          />
                        </div>
                        <div
                          style="opacity: 1; transition: opacity 0.2s ease;"
                        >
                          2 days ago
                        </div>
                      </div>
                      <div
                        class="ant-agent-chat-history-menu-extra-actions "
                      />
                    </div>
                  </div>
                </div>
              </div>
            </div>
            <div
              class="ant-agent-chat-history-menu-submenu"
            >
              <div
                class="ant-agent-chat-history-menu-item-group"
              >
                <div
                  class="ant-agent-chat-history-menu-item-content"
                >
                  3 days ago
                </div>
              </div>
              <div
                aria-selected="false"
                class="ant-agent-chat-history-menu-item"
                role="menuitem"
                tabindex="0"
              >
                <div
                  class="ant-agent-chat-history-menu-item-content"
                >
                  <div
                    style="display: flex; justify-content: space-between; gap: 8px; min-width: 140px; align-items: center; width: 100%;"
                  >
                    <div
                      style="display: flex; align-items: center; flex: 1 1 0%; min-width: 0; gap: 8px;"
                    >
                      <div
                        style="flex: 1 1 0%; min-width: 0; overflow: hidden;"
                      >
                        <div
                          data-overflow="false"
                          style="position: relative; width: calc(100% - 10px); overflow: hidden;"
                        >
                          <div
                            aria-describedby="test-id"
                            style="white-space: nowrap; font: var(--font-text-body-base); letter-spacing: var(--letter-spacing-body-base, normal); color: var(--color-gray-text-default);"
                          >
                            前端性能优化实践
                          </div>
                          <div
                            style="position: absolute; top: 0px; right: 0px; width: 100%; height: 100%; mask-image: linear-gradient(90deg, #D8D8D8 81%, rgba(216, 216, 216, 0) 91%); opacity: 0; transition: opacity 0.2s; pointer-events: none;"
                          />
                        </div>
                      </div>
                    </div>
                    <div
                      style="flex-shrink: 0;"
                    >
                      <div
                        style="color: var(--color-gray-text-light); font: var(--font-text-body-sm); line-height: 1; display: flex; align-items: center; justify-content: center; width: max-content; max-width: min(860px,100%); position: relative;"
                      >
                        <div
                          style="position: absolute; right: 0px; top: 50%; transform: translateY(-50%); opacity: 0; transition: opacity 0.2s ease; pointer-events: none; display: flex; align-items: center;"
                        >
                          <div
                            class="ant-space ant-space-horizontal ant-space-align-center"
                            style="column-gap: 4px; row-gap: 4px;"
                          />
                        </div>
                        <div
                          style="opacity: 1; transition: opacity 0.2s ease;"
                        >
                          3 days ago
                        </div>
                      </div>
                      <div
                        class="ant-agent-chat-history-menu-extra-actions "
                      />
                    </div>
                  </div>
                </div>
              </div>
            </div>
          </div>
        </div>
      </div>
      <div
        style="margin-top: 16px; font-size: 14px; color: rgb(102, 102, 102);"
      >
        <p>
          说明：
        </p>
        <ul>
          <li>
            点击"刷新历史记录"按钮可以手动触发数据重新加载
          </li>
          <li>
            点击"添加新会话"按钮模拟添加新会话后自动刷新历史记录
          </li>
          <li>
            打开浏览器控制台可以看到相关的日志输出
          </li>
        </ul>
      </div>
      <div
        style="margin-top: 20px; padding: 20px;"
      >
        <h4>
          Props 说明：
        </h4>
        <ul>
          <li>
            <strong>
              actionRef
            </strong>
            : 组件引用，用于调用组件内部方法
          </li>
          <li>
            <strong>
              actionRef.current.reload()
            </strong>
            : 手动刷新历史记录数据
          </li>
          <li>
            <strong>
              agentId
            </strong>
            : 代理ID，用于获取历史记录
          </li>
          <li>
            <strong>
              sessionId
            </strong>
            : 当前会话ID
          </li>
          <li>
            <strong>
              request
            </strong>
            : 请求函数，用于获取历史数据
          </li>
          <li>
            <strong>
              standalone
            </strong>
            : 设置为 true 时，直接显示菜单列表
          </li>
          <li>
            <strong>
              onClick
            </strong>
            : 点击历史记录项时的回调函数
          </li>
        </ul>
      </div>
    </div>
  </div>
</DocumentFragment>