<DocumentFragment>
  <div
    class="ant-app"
  >
    <div>
      test
    </div>
    <div
      style="padding: 24px;"
    >
      <h3>
        基础用法
      </h3>
      <div
        data-testid="loading"
        style="font-size: 64px;"
      >
        loading
      </div>
      <h3
        style="margin-top: 24px;"
      >
        在文本中使用
      </h3>
      <div
        style="display: flex; align-items: center; gap: 8px;"
      >
        <span>
          加载中
        </span>
        <div
          data-testid="loading"
        >
          loading
        </div>
      </div>
      <div
        style="margin-top: 20px;"
      >
        <h4>
          Props 说明：
        </h4>
        <ul>
          <li>
            <strong>
              Loading
            </strong>
            : 加载组件，用于显示加载状态
          </li>
          <li>
            <strong>
              基础用法
            </strong>
            : 直接使用 &lt;Loading /&gt; 显示加载动画
          </li>
          <li>
            <strong>
              文本中使用
            </strong>
            : 可以与其他文本内容组合使用
          </li>
        </ul>
      </div>
    </div>
  </div>
</DocumentFragment>