<DocumentFragment>
  <div
    class="ant-app"
  >
    <div>
      test
    </div>
    <div
      style="padding: 20px; margin: auto; max-width: 800px; display: flex; flex-direction: column; gap: 20px;"
    >
      <div>
        圆角：
        <div
          class="ant-slider ant-slider-horizontal"
        >
          <div
            class="ant-slider-rail"
          />
          <div
            class="ant-slider-track"
            style="left: 0%; width: 0%;"
          />
          <div
            class="ant-slider-step"
          />
          <div
            aria-describedby="test-id"
            aria-disabled="false"
            aria-orientation="horizontal"
            aria-valuemax="100"
            aria-valuemin="0"
            aria-valuenow="0"
            class="ant-slider-handle"
            role="slider"
            style="left: 0%; transform: translateX(-50%);"
            tabindex="0"
          />
        </div>
      </div>
      <ul />
      <h2>
        基本
      </h2>
      <div
        data-length="86"
        data-testid="md-input-field"
      >
        MarkdownInputField(Mock)
      </div>
      <h2>
        dropdownRender
      </h2>
      <div
        data-length="86"
        data-testid="md-input-field"
      >
        MarkdownInputField(Mock)
      </div>
      <h2>
        自定义的 Tag
      </h2>
      <div
        data-length="86"
        data-testid="md-input-field"
      >
        MarkdownInputField(Mock)
      </div>
      <h2>
        文件上传
      </h2>
      <div
        data-length="86"
        data-testid="md-input-field"
      >
        MarkdownInputField(Mock)
      </div>
      <h2>
        滚动条
      </h2>
      <div
        data-length="392"
        data-testid="md-input-field"
      >
        MarkdownInputField(Mock)
      </div>
      <h2>
        disable
      </h2>
      <div
        data-length="86"
        data-testid="md-input-field"
      >
        MarkdownInputField(Mock)
      </div>
      <div>
        颜色
        <div
          aria-describedby="test-id"
          class="ant-color-picker-trigger"
        >
          <div
            class="ant-color-picker-color-block"
          >
            <div
              class="ant-color-picker-color-block-inner"
              style="background: rgb(205, 54, 255);"
            />
          </div>
        </div>
        <div
          aria-describedby="test-id"
          class="ant-color-picker-trigger"
        >
          <div
            class="ant-color-picker-color-block"
          >
            <div
              class="ant-color-picker-color-block-inner"
              style="background: rgb(255, 217, 114);"
            />
          </div>
        </div>
        <div
          aria-describedby="test-id"
          class="ant-color-picker-trigger"
        >
          <div
            class="ant-color-picker-color-block"
          >
            <div
              class="ant-color-picker-color-block-inner"
              style="background: rgb(94, 191, 255);"
            />
          </div>
        </div>
        <div
          aria-describedby="test-id"
          class="ant-color-picker-trigger"
        >
          <div
            class="ant-color-picker-color-block"
          >
            <div
              class="ant-color-picker-color-block-inner"
              style="background: rgb(111, 255, 167);"
            />
          </div>
        </div>
      </div>
      <svg
        fill="none"
        height="100%"
        style="border-radius: 0;"
        version="1.1"
        width="100%"
        xmlns="http://www.w3.org/2000/svg"
        xmlns:xlink="http://www.w3.org/1999/xlink"
      >
        <defs>
          <lineargradient
            id="master_svg1_55_47405"
            x1="2.463307335887066e-16"
            x2="0.9838055372238159"
            y1="0.5"
            y2="0.5"
          >
            <stop
              offset="0%"
              stop-color="#CD36FF"
              stop-opacity="0.6300000071525574"
            >
              <animate
                attributeName="stop-color"
                dur="3s"
                repeatCount="indefinite"
                values="#CD36FF;  #FFD972;  #5EBFFF;  #6FFFA7;#CD36FF"
              />
            </stop>
            <stop
              offset="25%"
              stop-color=" #FFD972"
              stop-opacity="0.6300000071525574"
            >
              <animate
                attributeName="stop-color"
                dur="3s"
                repeatCount="indefinite"
                values=" #FFD972;  #5EBFFF;  #6FFFA7; #CD36FF; #FFD972"
              />
            </stop>
            <stop
              offset="50%"
              stop-color=" #5EBFFF"
              stop-opacity="0.6300000071525574"
            >
              <animate
                attributeName="stop-color"
                dur="3s"
                repeatCount="indefinite"
                values=" #5EBFFF;  #6FFFA7; #CD36FF;  #FFD972; #5EBFFF"
              />
            </stop>
            <stop
              offset="75%"
              stop-color=" #6FFFA7"
              stop-opacity="0.6300000071525574"
            >
              <animate
                attributeName="stop-color"
                dur="3s"
                repeatCount="indefinite"
                values=" #6FFFA7; #CD36FF;  #FFD972;  #5EBFFF; #6FFFA7"
              />
            </stop>
          </lineargradient>
        </defs>
        <g>
          <rect
            fill="url(#master_svg1_55_47405)"
            height="100%"
            width="100%"
            x="0"
            y="0"
          />
        </g>
      </svg>
      <div>
        <h4>
          Props 说明
        </h4>
        <ul>
          <li>
            <code>
              markdownRef
            </code>
             - Markdown 编辑器引用，用于访问编辑器实例
          </li>
          <li>
            <code>
              markdownRefTwo
            </code>
             - 第二个 Markdown 编辑器引用
          </li>
          <li>
            <code>
              list
            </code>
             - 列表状态，使用 Set 存储字符串集合
          </li>
          <li>
            <code>
              setList
            </code>
             - 设置列表状态的函数
          </li>
          <li>
            <code>
              send
            </code>
             - 发送函数，异步处理输入值并添加到列表
          </li>
          <li>
            <code>
              borderRadius
            </code>
             - 边框圆角状态
          </li>
          <li>
            <code>
              setBorderRadius
            </code>
             - 设置边框圆角的函数
          </li>
          <li>
            <code>
              colorList
            </code>
             - 颜色列表状态，包含四个颜色值
          </li>
          <li>
            <code>
              setColorList
            </code>
             - 设置颜色列表的函数
          </li>
          <li>
            <code>
              genColorList
            </code>
             - 生成的颜色列表，通过 generateEdges 函数处理
          </li>
          <li>
            <code>
              TagRender
            </code>
             - 自定义标签渲染组件，包含下拉菜单功能
          </li>
          <li>
            <code>
              onSelect
            </code>
             - 选择回调函数
          </li>
          <li>
            <code>
              defaultDom
            </code>
             - 默认 DOM 元素
          </li>
          <li>
            <code>
              placeholder
            </code>
             - 占位符文本
          </li>
          <li>
            <code>
              readonly
            </code>
             - 只读状态
          </li>
          <li>
            <code>
              generateEdges
            </code>
             - 生成边缘颜色的工具函数
          </li>
        </ul>
      </div>
    </div>
  </div>
</DocumentFragment>