<DocumentFragment>
  <div
    class="ant-app"
  >
    <div>
      test
    </div>
    <div
      style="padding: 20px; max-width: 800px; margin: 0px auto;"
    >
      <h1>
        MarkdownInputField 粘贴配置演示
      </h1>
      <div
        style="margin-bottom: 20px;"
      >
        <h2>
          功能说明
        </h2>
        <p>
          粘贴配置允许你控制 MarkdownInputField 支持哪些类型的粘贴内容：
        </p>
        <ul>
          <li>
            <code>
              application/x-slate-md-fragment
            </code>
             - Slate Markdown 片段
          </li>
          <li>
            <code>
              text/html
            </code>
             - HTML 内容
          </li>
          <li>
            <code>
              Files
            </code>
             - 文件
          </li>
          <li>
            <code>
              text/markdown
            </code>
             - Markdown 文本
          </li>
          <li>
            <code>
              text/plain
            </code>
             - 纯文本
          </li>
        </ul>
      </div>
      <div
        style="margin-bottom: 20px;"
      >
        <h2>
          示例 1: 只允许纯文本
        </h2>
        <div
          class="ant-dropdown-trigger ant-md-input-field"
          style="border-radius: 12px;"
        >
          <div
            class="ant-md-input-field-background"
            style="min-height: 0; height: 100%; width: 100%;"
          >
            <svg
              fill="none"
              height="100%"
              style="border-radius: inherit;"
              version="1.1"
              width="100%"
              xmlns="http://www.w3.org/2000/svg"
              xmlns:xlink="http://www.w3.org/1999/xlink"
            >
              <defs>
                <radialgradient
                  cx="0.5"
                  cy="1"
                  id="master_svg1_55_47405"
                  r="0.5"
                >
                  <stop
                    offset="0%"
                    stop-color="#CD36FF"
                    stop-opacity="0.4"
                  >
                    <animate
                      attributeName="stop-color"
                      dur="4s"
                      repeatCount="indefinite"
                      values="#CD36FF; #FFD972; #eff0f1; #CD36FF;#CD36FF"
                    />
                  </stop>
                  <stop
                    offset="33.333333333333336%"
                    stop-color="#FFD972"
                    stop-opacity="0.4"
                  >
                    <animate
                      attributeName="stop-color"
                      dur="4s"
                      repeatCount="indefinite"
                      values="#FFD972; #eff0f1; #CD36FF; #FFD972;#FFD972"
                    />
                  </stop>
                  <stop
                    offset="66.66666666666667%"
                    stop-color="#eff0f1"
                    stop-opacity="0.4"
                  >
                    <animate
                      attributeName="stop-color"
                      dur="4s"
                      repeatCount="indefinite"
                      values="#eff0f1; #CD36FF; #FFD972; #eff0f1;#eff0f1"
                    />
                  </stop>
                </radialgradient>
              </defs>
              <g>
                <rect
                  fill="url(#master_svg1_55_47405)"
                  height="100%"
                  width="100%"
                  x="0"
                  y="0"
                />
              </g>
            </svg>
          </div>
          <div
            style="flex: 1 1 0%; background-color: rgb(255, 255, 255); width: 100%; display: flex; z-index: 9; flex-direction: column; box-sizing: border-box; border-radius: 10px; cursor: auto; opacity: 1;"
          >
            <div
              class="ant-md-input-field-editor"
              style="display: flex; flex-direction: column; border-radius: 10px; max-height: min(400px); flex: 1 1 0%;"
            >
              <div
                class="markdown-editor ant-md-editor ant-md-editor-edit"
                style="width: 100%; height: auto; display: flex; flex-direction: column; max-height: 100%; flex: 1 1 0%; padding: 4px 64px 4px 4px;"
              >
                <div
                  style="padding: 8px; overflow: auto; display: flex; height: 100%; position: relative; gap: 24px; outline: none;"
                  tabindex="-1"
                >
                  <div
                    aria-multiline="true"
                    autocapitalize="false"
                    autocorrect="false"
                    class="ant-md-editor-content ant-md-editor-content-focus ant-md-editor-content-edit"
                    contenteditable="true"
                    data-slate-editor="true"
                    data-slate-node="value"
                    role="textbox"
                    spellcheck="false"
                    style="position: relative; white-space: pre-wrap; word-wrap: break-word; font-size: 14px;"
                    zindex="-1"
                  >
                    <div
                      class="ant-md-editor-drag-el empty"
                      data-be="paragraph"
                      data-empty="true"
                      data-slate-node="element"
                      data-slate-placeholder="只能粘贴纯文本内容..."
                    >
                      <span
                        data-slate-node="text"
                      >
                        <span
                          data-be="text"
                          data-slate-leaf="true"
                          draggable="false"
                        >
                          <span
                            data-slate-length="0"
                            data-slate-zero-width="n"
                          >
                            ﻿
                            <br />
                          </span>
                        </span>
                      </span>
                    </div>
                  </div>
                </div>
              </div>
            </div>
            <div
              class="ant-md-input-field-send-actions"
              contenteditable="false"
            >
              <div
                class="ant-md-input-field-send-button"
                data-testid="send-button"
              >
                <svg
                  fill="none"
                  height="1em"
                  viewBox="0 0 32 32"
                  width="1em"
                  xmlns="http://www.w3.org/2000/svg"
                >
                  <circle
                    animate="[object Object]"
                    cx="50%"
                    cy="50%"
                    r="0.5em"
                    transition="[object Object]"
                  />
                  <g>
                    <path
                      animate="[object Object]"
                      d="M16.667 12.943l3.528 3.528a.667.667 0 00.943-.942l-4.666-4.667a.665.665 0 00-.943 0l-4.667 4.667a.667.667 0 10.943.942l3.528-3.528v7.724a.667.667 0 101.334 0v-7.724z"
                      fill-rule="evenodd"
                      transition="[object Object]"
                    />
                  </g>
                </svg>
              </div>
            </div>
          </div>
        </div>
      </div>
      <div
        style="margin-bottom: 20px;"
      >
        <h2>
          示例 2: 允许 HTML 和 Markdown
        </h2>
        <div
          class="ant-dropdown-trigger ant-md-input-field"
          style="border-radius: 12px;"
        >
          <div
            class="ant-md-input-field-background"
            style="min-height: 0; height: 100%; width: 100%;"
          >
            <svg
              fill="none"
              height="100%"
              style="border-radius: inherit;"
              version="1.1"
              width="100%"
              xmlns="http://www.w3.org/2000/svg"
              xmlns:xlink="http://www.w3.org/1999/xlink"
            >
              <defs>
                <radialgradient
                  cx="0.5"
                  cy="1"
                  id="master_svg1_55_47405"
                  r="0.5"
                >
                  <stop
                    offset="0%"
                    stop-color="#CD36FF"
                    stop-opacity="0.4"
                  >
                    <animate
                      attributeName="stop-color"
                      dur="4s"
                      repeatCount="indefinite"
                      values="#CD36FF; #FFD972; #eff0f1; #CD36FF;#CD36FF"
                    />
                  </stop>
                  <stop
                    offset="33.333333333333336%"
                    stop-color="#FFD972"
                    stop-opacity="0.4"
                  >
                    <animate
                      attributeName="stop-color"
                      dur="4s"
                      repeatCount="indefinite"
                      values="#FFD972; #eff0f1; #CD36FF; #FFD972;#FFD972"
                    />
                  </stop>
                  <stop
                    offset="66.66666666666667%"
                    stop-color="#eff0f1"
                    stop-opacity="0.4"
                  >
                    <animate
                      attributeName="stop-color"
                      dur="4s"
                      repeatCount="indefinite"
                      values="#eff0f1; #CD36FF; #FFD972; #eff0f1;#eff0f1"
                    />
                  </stop>
                </radialgradient>
              </defs>
              <g>
                <rect
                  fill="url(#master_svg1_55_47405)"
                  height="100%"
                  width="100%"
                  x="0"
                  y="0"
                />
              </g>
            </svg>
          </div>
          <div
            style="flex: 1 1 0%; background-color: rgb(255, 255, 255); width: 100%; display: flex; z-index: 9; flex-direction: column; box-sizing: border-box; border-radius: 10px; cursor: auto; opacity: 1;"
          >
            <div
              class="ant-md-input-field-editor"
              style="display: flex; flex-direction: column; border-radius: 10px; max-height: min(400px); flex: 1 1 0%;"
            >
              <div
                class="markdown-editor ant-md-editor ant-md-editor-edit"
                style="width: 100%; height: auto; display: flex; flex-direction: column; max-height: 100%; flex: 1 1 0%; padding: 4px 64px 4px 4px;"
              >
                <div
                  style="padding: 8px; overflow: auto; display: flex; height: 100%; position: relative; gap: 24px; outline: none;"
                  tabindex="-1"
                >
                  <div
                    aria-multiline="true"
                    autocapitalize="false"
                    autocorrect="false"
                    class="ant-md-editor-content ant-md-editor-content-focus ant-md-editor-content-edit"
                    contenteditable="true"
                    data-slate-editor="true"
                    data-slate-node="value"
                    role="textbox"
                    spellcheck="false"
                    style="position: relative; white-space: pre-wrap; word-wrap: break-word; font-size: 14px;"
                    zindex="-1"
                  >
                    <div
                      class="ant-md-editor-drag-el empty"
                      data-be="paragraph"
                      data-empty="true"
                      data-slate-node="element"
                      data-slate-placeholder="可以粘贴 HTML 和 Markdown 内容..."
                    >
                      <span
                        data-slate-node="text"
                      >
                        <span
                          data-be="text"
                          data-slate-leaf="true"
                          draggable="false"
                        >
                          <span
                            data-slate-length="0"
                            data-slate-zero-width="n"
                          >
                            ﻿
                            <br />
                          </span>
                        </span>
                      </span>
                    </div>
                  </div>
                </div>
              </div>
            </div>
            <div
              class="ant-md-input-field-send-actions"
              contenteditable="false"
            >
              <div
                class="ant-md-input-field-send-button"
                data-testid="send-button"
              >
                <svg
                  fill="none"
                  height="1em"
                  viewBox="0 0 32 32"
                  width="1em"
                  xmlns="http://www.w3.org/2000/svg"
                >
                  <circle
                    animate="[object Object]"
                    cx="50%"
                    cy="50%"
                    r="0.5em"
                    transition="[object Object]"
                  />
                  <g>
                    <path
                      animate="[object Object]"
                      d="M16.667 12.943l3.528 3.528a.667.667 0 00.943-.942l-4.666-4.667a.665.665 0 00-.943 0l-4.667 4.667a.667.667 0 10.943.942l3.528-3.528v7.724a.667.667 0 101.334 0v-7.724z"
                      fill-rule="evenodd"
                      transition="[object Object]"
                    />
                  </g>
                </svg>
              </div>
            </div>
          </div>
        </div>
      </div>
      <div
        style="margin-bottom: 20px;"
      >
        <h2>
          示例 3: 禁用粘贴功能
        </h2>
        <div
          class="ant-dropdown-trigger ant-md-input-field"
          style="border-radius: 12px;"
        >
          <div
            class="ant-md-input-field-background"
            style="min-height: 0; height: 100%; width: 100%;"
          >
            <svg
              fill="none"
              height="100%"
              style="border-radius: inherit;"
              version="1.1"
              width="100%"
              xmlns="http://www.w3.org/2000/svg"
              xmlns:xlink="http://www.w3.org/1999/xlink"
            >
              <defs>
                <radialgradient
                  cx="0.5"
                  cy="1"
                  id="master_svg1_55_47405"
                  r="0.5"
                >
                  <stop
                    offset="0%"
                    stop-color="#CD36FF"
                    stop-opacity="0.4"
                  >
                    <animate
                      attributeName="stop-color"
                      dur="4s"
                      repeatCount="indefinite"
                      values="#CD36FF; #FFD972; #eff0f1; #CD36FF;#CD36FF"
                    />
                  </stop>
                  <stop
                    offset="33.333333333333336%"
                    stop-color="#FFD972"
                    stop-opacity="0.4"
                  >
                    <animate
                      attributeName="stop-color"
                      dur="4s"
                      repeatCount="indefinite"
                      values="#FFD972; #eff0f1; #CD36FF; #FFD972;#FFD972"
                    />
                  </stop>
                  <stop
                    offset="66.66666666666667%"
                    stop-color="#eff0f1"
                    stop-opacity="0.4"
                  >
                    <animate
                      attributeName="stop-color"
                      dur="4s"
                      repeatCount="indefinite"
                      values="#eff0f1; #CD36FF; #FFD972; #eff0f1;#eff0f1"
                    />
                  </stop>
                </radialgradient>
              </defs>
              <g>
                <rect
                  fill="url(#master_svg1_55_47405)"
                  height="100%"
                  width="100%"
                  x="0"
                  y="0"
                />
              </g>
            </svg>
          </div>
          <div
            style="flex: 1 1 0%; background-color: rgb(255, 255, 255); width: 100%; display: flex; z-index: 9; flex-direction: column; box-sizing: border-box; border-radius: 10px; cursor: auto; opacity: 1;"
          >
            <div
              class="ant-md-input-field-editor"
              style="display: flex; flex-direction: column; border-radius: 10px; max-height: min(400px); flex: 1 1 0%;"
            >
              <div
                class="markdown-editor ant-md-editor ant-md-editor-edit"
                style="width: 100%; height: auto; display: flex; flex-direction: column; max-height: 100%; flex: 1 1 0%; padding: 4px 64px 4px 4px;"
              >
                <div
                  style="padding: 8px; overflow: auto; display: flex; height: 100%; position: relative; gap: 24px; outline: none;"
                  tabindex="-1"
                >
                  <div
                    aria-multiline="true"
                    autocapitalize="false"
                    autocorrect="false"
                    class="ant-md-editor-content ant-md-editor-content-focus ant-md-editor-content-edit"
                    contenteditable="true"
                    data-slate-editor="true"
                    data-slate-node="value"
                    role="textbox"
                    spellcheck="false"
                    style="position: relative; white-space: pre-wrap; word-wrap: break-word; font-size: 14px;"
                    zindex="-1"
                  >
                    <div
                      class="ant-md-editor-drag-el empty"
                      data-be="paragraph"
                      data-empty="true"
                      data-slate-node="element"
                      data-slate-placeholder="粘贴功能已被禁用..."
                    >
                      <span
                        data-slate-node="text"
                      >
                        <span
                          data-be="text"
                          data-slate-leaf="true"
                          draggable="false"
                        >
                          <span
                            data-slate-length="0"
                            data-slate-zero-width="n"
                          >
                            ﻿
                            <br />
                          </span>
                        </span>
                      </span>
                    </div>
                  </div>
                </div>
              </div>
            </div>
            <div
              class="ant-md-input-field-send-actions"
              contenteditable="false"
            >
              <div
                class="ant-md-input-field-send-button"
                data-testid="send-button"
              >
                <svg
                  fill="none"
                  height="1em"
                  viewBox="0 0 32 32"
                  width="1em"
                  xmlns="http://www.w3.org/2000/svg"
                >
                  <circle
                    animate="[object Object]"
                    cx="50%"
                    cy="50%"
                    r="0.5em"
                    transition="[object Object]"
                  />
                  <g>
                    <path
                      animate="[object Object]"
                      d="M16.667 12.943l3.528 3.528a.667.667 0 00.943-.942l-4.666-4.667a.665.665 0 00-.943 0l-4.667 4.667a.667.667 0 10.943.942l3.528-3.528v7.724a.667.667 0 101.334 0v-7.724z"
                      fill-rule="evenodd"
                      transition="[object Object]"
                    />
                  </g>
                </svg>
              </div>
            </div>
          </div>
        </div>
      </div>
      <div
        style="margin-bottom: 20px;"
      >
        <h2>
          示例 4: 允许所有类型
        </h2>
        <div
          class="ant-dropdown-trigger ant-md-input-field"
          style="border-radius: 12px;"
        >
          <div
            class="ant-md-input-field-background"
            style="min-height: 0; height: 100%; width: 100%;"
          >
            <svg
              fill="none"
              height="100%"
              style="border-radius: inherit;"
              version="1.1"
              width="100%"
              xmlns="http://www.w3.org/2000/svg"
              xmlns:xlink="http://www.w3.org/1999/xlink"
            >
              <defs>
                <radialgradient
                  cx="0.5"
                  cy="1"
                  id="master_svg1_55_47405"
                  r="0.5"
                >
                  <stop
                    offset="0%"
                    stop-color="#CD36FF"
                    stop-opacity="0.4"
                  >
                    <animate
                      attributeName="stop-color"
                      dur="4s"
                      repeatCount="indefinite"
                      values="#CD36FF; #FFD972; #eff0f1; #CD36FF;#CD36FF"
                    />
                  </stop>
                  <stop
                    offset="33.333333333333336%"
                    stop-color="#FFD972"
                    stop-opacity="0.4"
                  >
                    <animate
                      attributeName="stop-color"
                      dur="4s"
                      repeatCount="indefinite"
                      values="#FFD972; #eff0f1; #CD36FF; #FFD972;#FFD972"
                    />
                  </stop>
                  <stop
                    offset="66.66666666666667%"
                    stop-color="#eff0f1"
                    stop-opacity="0.4"
                  >
                    <animate
                      attributeName="stop-color"
                      dur="4s"
                      repeatCount="indefinite"
                      values="#eff0f1; #CD36FF; #FFD972; #eff0f1;#eff0f1"
                    />
                  </stop>
                </radialgradient>
              </defs>
              <g>
                <rect
                  fill="url(#master_svg1_55_47405)"
                  height="100%"
                  width="100%"
                  x="0"
                  y="0"
                />
              </g>
            </svg>
          </div>
          <div
            style="flex: 1 1 0%; background-color: rgb(255, 255, 255); width: 100%; display: flex; z-index: 9; flex-direction: column; box-sizing: border-box; border-radius: 10px; cursor: auto; opacity: 1;"
          >
            <div
              class="ant-md-input-field-editor"
              style="display: flex; flex-direction: column; border-radius: 10px; max-height: min(400px); flex: 1 1 0%;"
            >
              <div
                class="markdown-editor ant-md-editor ant-md-editor-edit"
                style="width: 100%; height: auto; display: flex; flex-direction: column; max-height: 100%; flex: 1 1 0%; padding: 4px 64px 4px 4px;"
              >
                <div
                  style="padding: 8px; overflow: auto; display: flex; height: 100%; position: relative; gap: 24px; outline: none;"
                  tabindex="-1"
                >
                  <div
                    aria-multiline="true"
                    autocapitalize="false"
                    autocorrect="false"
                    class="ant-md-editor-content ant-md-editor-content-focus ant-md-editor-content-edit"
                    contenteditable="true"
                    data-slate-editor="true"
                    data-slate-node="value"
                    role="textbox"
                    spellcheck="false"
                    style="position: relative; white-space: pre-wrap; word-wrap: break-word; font-size: 14px;"
                    zindex="-1"
                  >
                    <div
                      class="ant-md-editor-drag-el empty"
                      data-be="paragraph"
                      data-empty="true"
                      data-slate-node="element"
                      data-slate-placeholder="可以粘贴任何类型的内容..."
                    >
                      <span
                        data-slate-node="text"
                      >
                        <span
                          data-be="text"
                          data-slate-leaf="true"
                          draggable="false"
                        >
                          <span
                            data-slate-length="0"
                            data-slate-zero-width="n"
                          >
                            ﻿
                            <br />
                          </span>
                        </span>
                      </span>
                    </div>
                  </div>
                </div>
              </div>
            </div>
            <div
              class="ant-md-input-field-send-actions"
              contenteditable="false"
            >
              <div
                class="ant-md-input-field-send-button"
                data-testid="send-button"
              >
                <svg
                  fill="none"
                  height="1em"
                  viewBox="0 0 32 32"
                  width="1em"
                  xmlns="http://www.w3.org/2000/svg"
                >
                  <circle
                    animate="[object Object]"
                    cx="50%"
                    cy="50%"
                    r="0.5em"
                    transition="[object Object]"
                  />
                  <g>
                    <path
                      animate="[object Object]"
                      d="M16.667 12.943l3.528 3.528a.667.667 0 00.943-.942l-4.666-4.667a.665.665 0 00-.943 0l-4.667 4.667a.667.667 0 10.943.942l3.528-3.528v7.724a.667.667 0 101.334 0v-7.724z"
                      fill-rule="evenodd"
                      transition="[object Object]"
                    />
                  </g>
                </svg>
              </div>
            </div>
          </div>
        </div>
      </div>
      <div
        style="margin-bottom: 20px;"
      >
        <h2>
          使用说明
        </h2>
        <ol>
          <li>
            尝试从其他应用复制不同类型的内容（纯文本、HTML、Markdown、文件等）
          </li>
          <li>
            粘贴到上面的不同示例输入框中
          </li>
          <li>
            观察哪些类型被允许或阻止
          </li>
          <li>
            在示例 3 中，任何粘贴操作都会被阻止
          </li>
        </ol>
      </div>
      <div
        style="margin-bottom: 20px;"
      >
        <h2>
          代码示例
        </h2>
        <pre
          style="background-color: rgb(245, 245, 245); padding: 15px; border-radius: 5px; overflow: auto;"
        >
          // 只允许纯文本
&lt;MarkdownInputField
  pasteConfig={{
    enabled: true,
    allowedTypes: ['text/plain']
  }}
/&gt;

// 允许 HTML 和 Markdown
&lt;MarkdownInputField
  pasteConfig={{
    enabled: true,
    allowedTypes: ['text/html', 'text/markdown']
  }}
/&gt;

// 禁用粘贴功能
&lt;MarkdownInputField
  pasteConfig={{
    enabled: false
  }}
/&gt;

// 允许所有类型（默认行为）
&lt;MarkdownInputField
  pasteConfig={{
    enabled: true,
    allowedTypes: [
      'application/x-slate-md-fragment',
      'text/html',
      'Files',
      'text/markdown',
      'text/plain'
    ]
  }}
/&gt;
        </pre>
      </div>
    </div>
  </div>
</DocumentFragment>