<DocumentFragment>
  <div
    class="ant-app"
  >
    <div>
      test
    </div>
    <div
      style="padding: 20px; display: flex; flex-direction: column; gap: 20px;"
    >
      <h2>
        MarkdownInputField 中使用 Quote 组件
      </h2>
      <div
        style="border: 1px solid rgb(240, 240, 240); border-radius: 8px; padding: 16px; background-color: rgb(250, 250, 250);"
      >
        <div
          data-length="0"
          data-testid="md-input-field"
        >
          MarkdownInputField(Mock)
        </div>
        <div
          style="margin-top: 12px; padding: 12px; background-color: rgb(255, 255, 255); border-radius: 4px; font-size: 12px; color: rgb(102, 102, 102);"
        >
          <p
            style="margin: 0px 0px 8px 0px;"
          >
            <strong>
              使用说明：
            </strong>
          </p>
          <ul
            style="margin: 0px; padding-left: 20px;"
          >
            <li>
              Quote 组件通过 skillMode.title 属性渲染，替换默认标题
            </li>
            <li>
              使用 skillMode.open 控制是否显示技能模式和引用区域
            </li>
            <li>
              点击 skillMode 标题栏的关闭按钮可以隐藏整个引用区域
            </li>
            <li>
              鼠标悬停在引用卡片上可查看详细代码
            </li>
            <li>
              点击引用中的文件名可跳转到对应文件
            </li>
            <li>
              支持关闭单个引用（第二个引用有关闭按钮）
            </li>
          </ul>
        </div>
      </div>
    </div>
  </div>
</DocumentFragment>