<DocumentFragment>
  <div
    class="ant-app"
  >
    <div>
      test
    </div>
    <div
      style="padding: 0px 24px 24px; max-width: 1200px;"
    >
      <h2>
        机器人形象组件
      </h2>
      <p
        style="color: rgb(102, 102, 102); margin-bottom: 24px;"
      >
        提供多种动画状态的机器人图标，支持自定义大小、状态和图标。
      </p>
      <h3>
        Robot 组件
      </h3>
      <p
        style="color: rgb(102, 102, 102); margin-bottom: 16px;"
      >
        基础机器人组件，支持不同状态切换
      </p>
      <div
        style="display: flex; align-items: center; gap: 16px; margin-bottom: 24px;"
      >
        <div
          class=""
          style="width: 60px; height: 60px; display: flex; flex-direction: column; align-items: center; justify-content: center; position: relative;"
        >
          <div
            aria-hidden="true"
            data-autoplay="true"
            data-loop="true"
            data-testid="lottie-animation"
            style="width: 60px; height: 60px; display: flex; justify-content: center; align-items: center;"
          />
        </div>
        <div>
          <p
            style="margin-bottom: 8px;"
          >
            当前状态: 默认状态
          </p>
          <div
            style="display: flex; gap: 8px;"
          >
            <button
              style="padding: 4px 8px; border: 1px solid rgb(217, 217, 217); border-radius: 4px; background: rgb(24, 144, 255); color: rgb(255, 255, 255); cursor: pointer;"
              type="button"
            >
              默认状态
            </button>
            <button
              style="padding: 4px 8px; border: 1px solid rgb(217, 217, 217); border-radius: 4px; background: rgb(255, 255, 255); color: rgb(0, 0, 0); cursor: pointer;"
              type="button"
            >
              运行中状态
            </button>
          </div>
        </div>
      </div>
      <h2>
        Lottie 动画组件
      </h2>
      <p
        style="color: rgb(102, 102, 102); margin-bottom: 24px;"
      >
        动画文件较大，建议按需加载
      </p>
      <h3>
        DazingLottie - 呼吸+眨眼睛动画
      </h3>
      <p
        style="color: rgb(102, 102, 102); margin-bottom: 16px;"
      >
        使用Lottie动画库提供的呼吸+眨眼睛动画效果
      </p>
      <div
        style="display: flex; align-items: center; gap: 24px; margin-bottom: 24px;"
      >
        <div
          style="text-align: center;"
        >
          <div
            aria-hidden="true"
            data-autoplay="true"
            data-loop="true"
            data-testid="lottie-animation"
            style="width: 32px; height: 32px; display: flex; justify-content: center; align-items: center;"
          />
          <p
            style="margin-top: 8px; font-size: 12px; color: rgb(102, 102, 102);"
          >
            小尺寸 (32px)
          </p>
        </div>
        <div
          style="text-align: center;"
        >
          <div
            aria-hidden="true"
            data-autoplay="true"
            data-loop="true"
            data-testid="lottie-animation"
            style="width: 48px; height: 48px; display: flex; justify-content: center; align-items: center;"
          />
          <p
            style="margin-top: 8px; font-size: 12px; color: rgb(102, 102, 102);"
          >
            默认尺寸 (48px)
          </p>
        </div>
        <div
          style="text-align: center;"
        >
          <div
            aria-hidden="true"
            data-autoplay="true"
            data-loop="true"
            data-testid="lottie-animation"
            style="width: 64px; height: 64px; display: flex; justify-content: center; align-items: center;"
          />
          <p
            style="margin-top: 8px; font-size: 12px; color: rgb(102, 102, 102);"
          >
            大尺寸 (64px)
          </p>
        </div>
      </div>
      <h3>
        ThinkingLottie - 眨眼跑+追星星动画
      </h3>
      <p
        style="color: rgb(102, 102, 102); margin-bottom: 16px;"
      >
        使用Lottie动画库提供的眨眼跑+追星星动画效果
      </p>
      <div
        style="display: flex; align-items: center; gap: 24px; margin-bottom: 24px;"
      >
        <div
          style="text-align: center;"
        >
          <div
            aria-hidden="true"
            data-autoplay="true"
            data-loop="true"
            data-testid="lottie-animation"
            style="width: 32px; height: 32px; display: flex; justify-content: center; align-items: center;"
          />
          <p
            style="margin-top: 8px; font-size: 12px; color: rgb(102, 102, 102);"
          >
            小尺寸 (32px)
          </p>
        </div>
        <div
          style="text-align: center;"
        >
          <div
            aria-hidden="true"
            data-autoplay="true"
            data-loop="true"
            data-testid="lottie-animation"
            style="width: 48px; height: 48px; display: flex; justify-content: center; align-items: center;"
          />
          <p
            style="margin-top: 8px; font-size: 12px; color: rgb(102, 102, 102);"
          >
            默认尺寸 (48px)
          </p>
        </div>
        <div
          style="text-align: center;"
        >
          <div
            aria-hidden="true"
            data-autoplay="true"
            data-loop="true"
            data-testid="lottie-animation"
            style="width: 64px; height: 64px; display: flex; justify-content: center; align-items: center;"
          />
          <p
            style="margin-top: 8px; font-size: 12px; color: rgb(102, 102, 102);"
          >
            大尺寸 (64px)
          </p>
        </div>
      </div>
      <h3>
        组合使用示例
      </h3>
      <p
        style="color: rgb(102, 102, 102); margin-bottom: 16px;"
      >
        在实际应用中，通常将Robot组件与Lottie动画结合使用
      </p>
      <div
        style="display: flex; align-items: center; gap: 40px; padding: 16px; border: 1px solid rgb(240, 240, 240); border-radius: 8px; background: rgb(250, 250, 250);"
      >
        <div
          class="ant-task-running ant-task-running-default ant-task-running-with-description ant-task-running-status-thinking"
          layout="size"
          transition="[object Object]"
        >
          <div
            class="ant-task-running-border"
          />
          <div
            class="ant-task-running-background"
          />
          <div
            class="ant-task-running-left"
          >
            <div
              class="ant-task-running-left-icon-wrapper"
            >
              <div
                class=""
                data-testid="robot"
                style="width: 40px; height: 40px; display: flex; flex-direction: column; align-items: center; justify-content: center; position: relative;"
              >
                <div
                  style="padding-left: 80px; margin-right: 50px;"
                >
                  <div
                    class=""
                    style="width: 84px; height: 84px; display: flex; flex-direction: column; align-items: center; justify-content: center; position: relative;"
                  >
                    <div
                      aria-hidden="true"
                      data-autoplay="true"
                      data-loop="true"
                      data-testid="lottie-animation"
                      style="width: 84px; height: 84px; display: flex; justify-content: center; align-items: center;"
                    />
                  </div>
                </div>
              </div>
            </div>
            <div
              class="ant-task-running-left-content"
            >
              <h1
                aria-describedby="test-id"
                class="ant-typography ant-typography-ellipsis ant-typography-ellipsis-single-line ant-task-running-left-main-text"
              >
                任务运行中
              </h1>
              <span
                aria-describedby="test-id"
                class="ant-typography ant-typography-ellipsis ant-typography-ellipsis-single-line ant-task-running-left-text"
              >
                AI模型正在训练中，请耐心等待...
              </span>
            </div>
          </div>
          <div
            class="ant-task-running-button-wrapper"
          >
            <div
              aria-describedby="test-id"
              aria-label="停止"
              class="ant-task-running-pause"
              role="button"
              tabindex="0"
            >
              <svg
                aria-label="StopIcon"
                fill="none"
                height="32"
                role="img"
                viewBox="0 0 32 32"
                width="32"
                xmlns="http://www.w3.org/2000/svg"
              >
                <g>
                  <g>
                    <path
                      d="M32,16Q32,16.3928,31.9807,16.7851Q31.9615,17.1774,31.923,17.5683Q31.8845,17.9592,31.8268,18.3477Q31.7692,18.7362,31.6926,19.1214Q31.6159,19.5067,31.5205,19.8877Q31.4251,20.2687,31.311,20.6446Q31.197,21.0204,31.0647,21.3902Q30.9324,21.7601,30.7821,22.1229Q30.6318,22.4858,30.4638,22.8409Q30.2959,23.1959,30.1107,23.5423Q29.9256,23.8887,29.7237,24.2256Q29.5217,24.5625,29.3035,24.8891Q29.0853,25.2157,28.8513,25.5312Q28.6173,25.8467,28.3682,26.1503Q28.119,26.4539,27.8552,26.7449Q27.5914,27.036,27.3137,27.3137Q27.036,27.5914,26.7449,27.8552Q26.4539,28.119,26.1503,28.3682Q25.8467,28.6173,25.5312,28.8513Q25.2157,29.0853,24.8891,29.3035Q24.5625,29.5217,24.2256,29.7237Q23.8887,29.9256,23.5423,30.1107Q23.1959,30.2959,22.8409,30.4638Q22.4858,30.6318,22.1229,30.7821Q21.7601,30.9324,21.3902,31.0647Q21.0204,31.197,20.6446,31.311Q20.2687,31.4251,19.8877,31.5205Q19.5067,31.6159,19.1214,31.6926Q18.7362,31.7692,18.3477,31.8268Q17.9592,31.8845,17.5683,31.923Q17.1774,31.9615,16.7851,31.9807Q16.3928,32,16,32Q15.6072,32,15.2149,31.9807Q14.8226,31.9615,14.4317,31.923Q14.0408,31.8845,13.6523,31.8268Q13.2638,31.7692,12.8786,31.6926Q12.4933,31.6159,12.1123,31.5205Q11.7313,31.4251,11.3554,31.311Q10.9796,31.197,10.6098,31.0647Q10.2399,30.9324,9.87706,30.7821Q9.51418,30.6318,9.15912,30.4638Q8.80405,30.2959,8.45765,30.1107Q8.11125,29.9256,7.77436,29.7237Q7.43746,29.5217,7.11088,29.3035Q6.78429,29.0853,6.46881,28.8513Q6.15333,28.6173,5.84971,28.3682Q5.54609,28.119,5.25506,27.8552Q4.96403,27.5914,4.68629,27.3137Q4.40856,27.036,4.14478,26.7449Q3.88101,26.4539,3.63183,26.1503Q3.38266,25.8467,3.14868,25.5312Q2.9147,25.2157,2.69649,24.8891Q2.47827,24.5625,2.27634,24.2256Q2.07441,23.8887,1.88926,23.5423Q1.70411,23.1959,1.53617,22.8409Q1.36824,22.4858,1.21793,22.1229Q1.06762,21.7601,0.935295,21.3902Q0.802972,21.0204,0.688955,20.6446Q0.574937,20.2687,0.4795,19.8877Q0.384063,19.5067,0.307435,19.1214Q0.230808,18.7362,0.173176,18.3477Q0.115543,17.9592,0.0770444,17.5683Q0.0385454,17.1774,0.0192727,16.7851Q0,16.3928,0,16Q0,15.6072,0.0192727,15.2149Q0.0385454,14.8226,0.0770444,14.4317Q0.115543,14.0408,0.173176,13.6523Q0.230808,13.2638,0.307435,12.8786Q0.384063,12.4933,0.4795,12.1123Q0.574937,11.7313,0.688955,11.3554Q0.802972,10.9796,0.935295,10.6098Q1.06762,10.2399,1.21793,9.87706Q1.36824,9.51418,1.53617,9.15912Q1.70411,8.80405,1.88926,8.45765Q2.07441,8.11125,2.27634,7.77436Q2.47827,7.43746,2.69649,7.11088Q2.9147,6.78429,3.14868,6.46881Q3.38266,6.15333,3.63183,5.84971Q3.88101,5.54609,4.14478,5.25506Q4.40856,4.96403,4.68629,4.68629Q4.96403,4.40856,5.25506,4.14478Q5.54609,3.88101,5.84971,3.63183Q6.15333,3.38266,6.46881,3.14868Q6.78429,2.9147,7.11088,2.69649Q7.43746,2.47827,7.77436,2.27634Q8.11125,2.07441,8.45765,1.88926Q8.80405,1.70411,9.15912,1.53617Q9.51418,1.36824,9.87706,1.21793Q10.2399,1.06762,10.6098,0.935295Q10.9796,0.802972,11.3554,0.688955Q11.7313,0.574937,12.1123,0.4795Q12.4933,0.384063,12.8786,0.307435Q13.2638,0.230808,13.6523,0.173176Q14.0408,0.115543,14.4317,0.0770444Q14.8226,0.0385454,15.2149,0.0192727Q15.6072,0,16,0Q16.3928,0,16.7851,0.0192727Q17.1774,0.0385454,17.5683,0.0770444Q17.9592,0.115543,18.3477,0.173176Q18.7362,0.230808,19.1214,0.307435Q19.5067,0.384063,19.8877,0.4795Q20.2687,0.574937,20.6446,0.688955Q21.0204,0.802972,21.3902,0.935295Q21.7601,1.06762,22.1229,1.21793Q22.4858,1.36824,22.8409,1.53617Q23.1959,1.70411,23.5423,1.88926Q23.8887,2.07441,24.2256,2.27634Q24.5625,2.47827,24.8891,2.69649Q25.2157,2.9147,25.5312,3.14868Q25.8467,3.38266,26.1503,3.63183Q26.4539,3.88101,26.7449,4.14478Q27.036,4.40856,27.3137,4.68629Q27.5914,4.96403,27.8552,5.25506Q28.119,5.54609,28.3682,5.84971Q28.6173,6.15333,28.8513,6.46881Q29.0853,6.78429,29.3035,7.11088Q29.5217,7.43746,29.7237,7.77436Q29.9256,8.11125,30.1107,8.45765Q30.2959,8.80405,30.4638,9.15912Q30.6318,9.51418,30.7821,9.87706Q30.9324,10.2399,31.0647,10.6098Q31.197,10.9796,31.311,11.3554Q31.4251,11.7313,31.5205,12.1123Q31.6159,12.4933,31.6926,12.8786Q31.7692,13.2638,31.8268,13.6523Q31.8845,14.0408,31.923,14.4317Q31.9615,14.8226,31.9807,15.2149Q32,15.6072,32,16Z"
                      fill="#FFFFFF"
                      fill-opacity="1"
                    />
                    <path
                      d="M32,16Q32,16.3928,31.9807,16.7851Q31.9615,17.1774,31.923,17.5683Q31.8845,17.9592,31.8268,18.3477Q31.7692,18.7362,31.6926,19.1214Q31.6159,19.5067,31.5205,19.8877Q31.4251,20.2687,31.311,20.6446Q31.197,21.0204,31.0647,21.3902Q30.9324,21.7601,30.7821,22.1229Q30.6318,22.4858,30.4638,22.8409Q30.2959,23.1959,30.1107,23.5423Q29.9256,23.8887,29.7237,24.2256Q29.5217,24.5625,29.3035,24.8891Q29.0853,25.2157,28.8513,25.5312Q28.6173,25.8467,28.3682,26.1503Q28.119,26.4539,27.8552,26.7449Q27.5914,27.036,27.3137,27.3137Q27.036,27.5914,26.7449,27.8552Q26.4539,28.119,26.1503,28.3682Q25.8467,28.6173,25.5312,28.8513Q25.2157,29.0853,24.8891,29.3035Q24.5625,29.5217,24.2256,29.7237Q23.8887,29.9256,23.5423,30.1107Q23.1959,30.2959,22.8409,30.4638Q22.4858,30.6318,22.1229,30.7821Q21.7601,30.9324,21.3902,31.0647Q21.0204,31.197,20.6446,31.311Q20.2687,31.4251,19.8877,31.5205Q19.5067,31.6159,19.1214,31.6926Q18.7362,31.7692,18.3477,31.8268Q17.9592,31.8845,17.5683,31.923Q17.1774,31.9615,16.7851,31.9807Q16.3928,32,16,32Q15.6072,32,15.2149,31.9807Q14.8226,31.9615,14.4317,31.923Q14.0408,31.8845,13.6523,31.8268Q13.2638,31.7692,12.8786,31.6926Q12.4933,31.6159,12.1123,31.5205Q11.7313,31.4251,11.3554,31.311Q10.9796,31.197,10.6098,31.0647Q10.2399,30.9324,9.87706,30.7821Q9.51418,30.6318,9.15912,30.4638Q8.80405,30.2959,8.45765,30.1107Q8.11125,29.9256,7.77436,29.7237Q7.43746,29.5217,7.11088,29.3035Q6.78429,29.0853,6.46881,28.8513Q6.15333,28.6173,5.84971,28.3682Q5.54609,28.119,5.25506,27.8552Q4.96403,27.5914,4.68629,27.3137Q4.40856,27.036,4.14478,26.7449Q3.88101,26.4539,3.63183,26.1503Q3.38266,25.8467,3.14868,25.5312Q2.9147,25.2157,2.69649,24.8891Q2.47827,24.5625,2.27634,24.2256Q2.07441,23.8887,1.88926,23.5423Q1.70411,23.1959,1.53617,22.8409Q1.36824,22.4858,1.21793,22.1229Q1.06762,21.7601,0.935295,21.3902Q0.802972,21.0204,0.688955,20.6446Q0.574937,20.2687,0.4795,19.8877Q0.384063,19.5067,0.307435,19.1214Q0.230808,18.7362,0.173176,18.3477Q0.115543,17.9592,0.0770444,17.5683Q0.0385454,17.1774,0.0192727,16.7851Q0,16.3928,0,16Q0,15.6072,0.0192727,15.2149Q0.0385454,14.8226,0.0770444,14.4317Q0.115543,14.0408,0.173176,13.6523Q0.230808,13.2638,0.307435,12.8786Q0.384063,12.4933,0.4795,12.1123Q0.574937,11.7313,0.688955,11.3554Q0.802972,10.9796,0.935295,10.6098Q1.06762,10.2399,1.21793,9.87706Q1.36824,9.51418,1.53617,9.15912Q1.70411,8.80405,1.88926,8.45765Q2.07441,8.11125,2.27634,7.77436Q2.47827,7.43746,2.69649,7.11088Q2.9147,6.78429,3.14868,6.46881Q3.38266,6.15333,3.63183,5.84971Q3.88101,5.54609,4.14478,5.25506Q4.40856,4.96403,4.68629,4.68629Q4.96403,4.40856,5.25506,4.14478Q5.54609,3.88101,5.84971,3.63183Q6.15333,3.38266,6.46881,3.14868Q6.78429,2.9147,7.11088,2.69649Q7.43746,2.47827,7.77436,2.27634Q8.11125,2.07441,8.45765,1.88926Q8.80405,1.70411,9.15912,1.53617Q9.51418,1.36824,9.87706,1.21793Q10.2399,1.06762,10.6098,0.935295Q10.9796,0.802972,11.3554,0.688955Q11.7313,0.574937,12.1123,0.4795Q12.4933,0.384063,12.8786,0.307435Q13.2638,0.230808,13.6523,0.173176Q14.0408,0.115543,14.4317,0.0770444Q14.8226,0.0385454,15.2149,0.0192727Q15.6072,0,16,0Q16.3928,0,16.7851,0.0192727Q17.1774,0.0385454,17.5683,0.0770444Q17.9592,0.115543,18.3477,0.173176Q18.7362,0.230808,19.1214,0.307435Q19.5067,0.384063,19.8877,0.4795Q20.2687,0.574937,20.6446,0.688955Q21.0204,0.802972,21.3902,0.935295Q21.7601,1.06762,22.1229,1.21793Q22.4858,1.36824,22.8409,1.53617Q23.1959,1.70411,23.5423,1.88926Q23.8887,2.07441,24.2256,2.27634Q24.5625,2.47827,24.8891,2.69649Q25.2157,2.9147,25.5312,3.14868Q25.8467,3.38266,26.1503,3.63183Q26.4539,3.88101,26.7449,4.14478Q27.036,4.40856,27.3137,4.68629Q27.5914,4.96403,27.8552,5.25506Q28.119,5.54609,28.3682,5.84971Q28.6173,6.15333,28.8513,6.46881Q29.0853,6.78429,29.3035,7.11088Q29.5217,7.43746,29.7237,7.77436Q29.9256,8.11125,30.1107,8.45765Q30.2959,8.80405,30.4638,9.15912Q30.6318,9.51418,30.7821,9.87706Q30.9324,10.2399,31.0647,10.6098Q31.197,10.9796,31.311,11.3554Q31.4251,11.7313,31.5205,12.1123Q31.6159,12.4933,31.6926,12.8786Q31.7692,13.2638,31.8268,13.6523Q31.8845,14.0408,31.923,14.4317Q31.9615,14.8226,31.9807,15.2149Q32,15.6072,32,16ZM30,16Q30,15.6563,29.9831,15.3131Q29.9663,14.9698,29.9326,14.6278Q29.8989,14.2857,29.8485,13.9458Q29.798,13.6058,29.731,13.2687Q29.6639,12.9317,29.5804,12.5983Q29.4969,12.2649,29.3972,11.936Q29.2974,11.6071,29.1816,11.2835Q29.0658,10.96,28.9343,10.6424Q28.8028,10.3249,28.6558,10.0142Q28.5089,9.70354,28.3469,9.40044Q28.1849,9.09735,28.0082,8.80256Q27.8315,8.50778,27.6406,8.22202Q27.4496,7.93626,27.2449,7.66021Q27.0402,7.38416,26.8221,7.11849Q26.6041,6.85282,26.3733,6.59817Q26.1425,6.34352,25.8995,6.1005Q25.6565,5.85749,25.4018,5.62668Q25.1472,5.39588,24.8815,5.17785Q24.6158,4.95982,24.3398,4.75509Q24.0637,4.55036,23.778,4.35942Q23.4922,4.16849,23.1974,3.9918Q22.9027,3.81511,22.5996,3.6531Q22.2965,3.49109,21.9858,3.34415Q21.6751,3.19721,21.3576,3.06569Q21.04,2.93417,20.7165,2.81838Q20.3929,2.7026,20.064,2.60283Q19.7351,2.50307,19.4017,2.41956Q19.0683,2.33605,18.7313,2.26901Q18.3942,2.20196,18.0542,2.15153Q17.7143,2.1011,17.3722,2.06741Q17.0302,2.03373,16.6869,2.01686Q16.3437,2,16,2Q15.6563,2,15.3131,2.01686Q14.9698,2.03373,14.6278,2.06741Q14.2857,2.1011,13.9458,2.15153Q13.6058,2.20196,13.2687,2.26901Q12.9317,2.33605,12.5983,2.41956Q12.2649,2.50307,11.936,2.60284Q11.6071,2.7026,11.2835,2.81838Q10.96,2.93417,10.6424,3.06569Q10.3249,3.19721,10.0142,3.34415Q9.70354,3.49109,9.40044,3.6531Q9.09735,3.81511,8.80256,3.9918Q8.50778,4.16849,8.22202,4.35943Q7.93626,4.55036,7.66021,4.75509Q7.38416,4.95982,7.11849,5.17785Q6.85282,5.39588,6.59817,5.62668Q6.34352,5.85749,6.1005,6.1005Q5.85749,6.34352,5.62668,6.59817Q5.39588,6.85282,5.17785,7.11849Q4.95982,7.38416,4.75509,7.66021Q4.55036,7.93626,4.35942,8.22202Q4.16849,8.50778,3.9918,8.80256Q3.81511,9.09735,3.6531,9.40044Q3.49109,9.70354,3.34415,10.0142Q3.19721,10.3249,3.06569,10.6424Q2.93417,10.96,2.81838,11.2835Q2.7026,11.6071,2.60283,11.936Q2.50307,12.2649,2.41956,12.5983Q2.33605,12.9317,2.26901,13.2687Q2.20196,13.6058,2.15153,13.9458Q2.1011,14.2857,2.06741,14.6278Q2.03373,14.9698,2.01686,15.3131Q2,15.6563,2,16Q2,16.3437,2.01686,16.6869Q2.03373,17.0302,2.06741,17.3722Q2.1011,17.7143,2.15153,18.0542Q2.20196,18.3942,2.26901,18.7313Q2.33605,19.0683,2.41956,19.4017Q2.50307,19.7351,2.60283,20.064Q2.7026,20.3929,2.81838,20.7165Q2.93417,21.04,3.06569,21.3576Q3.19721,21.6751,3.34415,21.9858Q3.49109,22.2965,3.6531,22.5996Q3.81511,22.9027,3.9918,23.1974Q4.16849,23.4922,4.35943,23.778Q4.55036,24.0637,4.75509,24.3398Q4.95982,24.6158,5.17785,24.8815Q5.39588,25.1472,5.62668,25.4018Q5.85749,25.6565,6.1005,25.8995Q6.34352,26.1425,6.59817,26.3733Q6.85282,26.6041,7.11849,26.8221Q7.38416,27.0402,7.66021,27.2449Q7.93626,27.4496,8.22202,27.6406Q8.50778,27.8315,8.80256,28.0082Q9.09735,28.1849,9.40044,28.3469Q9.70354,28.5089,10.0142,28.6558Q10.3249,28.8028,10.6424,28.9343Q10.96,29.0658,11.2835,29.1816Q11.6071,29.2974,11.936,29.3972Q12.2649,29.4969,12.5983,29.5804Q12.9317,29.6639,13.2687,29.731Q13.6058,29.798,13.9458,29.8485Q14.2857,29.8989,14.6278,29.9326Q14.9698,29.9663,15.3131,29.9831Q15.6563,30,16,30Q16.3437,30,16.6869,29.9831Q17.0302,29.9663,17.3722,29.9326Q17.7143,29.8989,18.0542,29.8485Q18.3942,29.798,18.7313,29.731Q19.0683,29.6639,19.4017,29.5804Q19.7351,29.4969,20.064,29.3972Q20.3929,29.2974,20.7165,29.1816Q21.04,29.0658,21.3576,28.9343Q21.6751,28.8028,21.9858,28.6558Q22.2965,28.5089,22.5996,28.3469Q22.9027,28.1849,23.1974,28.0082Q23.4922,27.8315,23.778,27.6406Q24.0637,27.4496,24.3398,27.2449Q24.6158,27.0402,24.8815,26.8221Q25.1472,26.6041,25.4018,26.3733Q25.6565,26.1425,25.8995,25.8995Q26.1425,25.6565,26.3733,25.4018Q26.6041,25.1472,26.8221,24.8815Q27.0402,24.6158,27.2449,24.3398Q27.4496,24.0637,27.6406,23.778Q27.8315,23.4922,28.0082,23.1974Q28.1849,22.9027,28.3469,22.5996Q28.5089,22.2965,28.6558,21.9858Q28.8028,21.6751,28.9343,21.3576Q29.0658,21.04,29.1816,20.7165Q29.2974,20.3929,29.3972,20.064Q29.4969,19.7351,29.5804,19.4017Q29.6639,19.0683,29.731,18.7313Q29.798,18.3942,29.8485,18.0542Q29.8989,17.7143,29.9326,17.3722Q29.9663,17.0302,29.9831,16.6869Q30,16.3437,30,16Z"
                      fill="#001F3E"
                      fill-opacity="0.12939999997615814"
                      fill-rule="evenodd"
                    />
                  </g>
                  <g>
                    <path
                      class="stop-icon-ring"
                      d="M0.0314389,14.9888C-0.00293839,15.54,0.447715,16,1,16C1.55228,16,1.99603,15.5592,2.03459,15.0082C2.52041,8.06666,8.06667,2.52041,15.0082,2.03459C15.5592,1.99603,16,1.55228,16,1C16,0.447715,15.54,-0.00293839,14.9888,0.0314389C6.95774,0.532306,0.532306,6.95774,0.0314389,14.9888Z"
                      fill="currentColor"
                    />
                  </g>
                  <g>
                    <path
                      d="M10.666666746139526,14.052636746139527C10.666666746139526,12.607906746139527,10.666666746139526,12.085186746139527,10.870121746139526,11.685886746139527C11.049084746139526,11.334648746139527,11.334648746139527,11.049084746139526,11.685886746139527,10.870121746139526C12.085186746139527,10.666666746139526,12.607906746139527,10.666666746139526,14.052636746139527,10.666666746139526L17.947366746139526,10.666666746139526C19.392096746139526,10.666666746139526,19.91481674613953,10.666666746139526,20.314116746139526,10.870121746139526C20.665356746139526,11.049084746139526,20.950866746139525,11.334648746139527,21.129866746139527,11.685886746139527C21.333366746139525,12.085186746139527,21.333366746139525,12.607906746139527,21.333366746139525,14.052636746139527L21.333366746139525,17.947366746139526C21.333366746139525,19.392096746139526,21.333366746139525,19.91481674613953,21.129866746139527,20.314116746139526C20.950866746139525,20.665356746139526,20.665346746139527,20.950866746139525,20.314116746139526,21.129866746139527C19.91481674613953,21.333366746139525,19.392096746139526,21.333366746139525,17.947366746139526,21.333366746139525L14.052636746139527,21.333366746139525C12.607906746139527,21.333366746139525,12.085186746139527,21.333366746139525,11.685886746139527,21.129866746139527C11.334648746139527,20.950866746139525,11.049084746139526,20.665346746139527,10.870121746139526,20.314116746139526C10.666666746139526,19.91481674613953,10.666666746139526,19.392096746139526,10.666666746139526,17.947366746139526L10.666666746139526,14.052636746139527Z"
                      fill="currentColor"
                    />
                  </g>
                </g>
              </svg>
            </div>
            <div
              aria-describedby="test-id"
              aria-label="暂停"
              class="ant-task-running-pause"
              role="button"
              tabindex="0"
            >
              <svg
                aria-label="PauseIcon"
                fill="none"
                height="1rem"
                role="img"
                viewBox="0 0 16 16"
                width="1rem"
                xmlns="http://www.w3.org/2000/svg"
              >
                <defs>
                  <clippath
                    id="pauseIconClip-:r3l:"
                  >
                    <rect
                      height="16"
                      rx="0"
                      width="16"
                      x="0"
                      y="0"
                    />
                  </clippath>
                </defs>
                <g
                  clip-path="url(#pauseIconClip-:r3l:)"
                >
                  <g>
                    <path
                      d="M3.3333334922790527,3.33333L3.3333334922790527,12.6667Q3.3333335320154527,13.219,3.723857492279053,13.6095Q4.114382492279053,14,4.666663492279053,14L6.000003492279053,14Q6.552283492279052,14,6.942813492279052,13.6095Q7.333333492279053,13.219,7.333333492279053,12.6667L7.333333492279053,3.33333Q7.333333492279053,2.781049,6.942813492279052,2.390524Q6.552283492279052,2,6.000003492279053,2L4.666663492279053,2Q4.114382492279053,2.0000000397364,3.723857492279053,2.390524Q3.3333334922790527,2.781049,3.3333334922790527,3.33333ZM8.666663492279053,3.33333L8.666663492279053,12.6667Q8.666663492279053,13.219,9.057193492279053,13.6095Q9.447713492279053,14,10.000003492279053,14L11.333333492279053,14Q11.885623492279052,14,12.276143492279052,13.6095Q12.666663492279053,13.219,12.666663492279053,12.6667L12.666663492279053,3.33333Q12.666663492279053,2.781049,12.276143492279052,2.390524Q11.885623492279052,2,11.333333492279053,2L10.000003492279053,2Q9.447713492279053,2.0000000397364,9.057193492279053,2.390524Q8.666663492279053,2.781049,8.666663492279053,3.33333Z"
                      fill="currentColor"
                      fill-opacity="0.800000011920929"
                      fill-rule="evenodd"
                    />
                  </g>
                </g>
              </svg>
            </div>
          </div>
        </div>
      </div>
    </div>
  </div>
</DocumentFragment>