<DocumentFragment>
  <div
    class="ant-app"
  >
    <div>
      test
    </div>
    <div
      style="padding: 20px; max-width: 1400px; margin: 0px auto;"
    >
      <div
        style="margin-bottom: 20px;"
      >
        <h1
          style="color: rgb(51, 51, 51); margin-bottom: 10px;"
        >
          SchemaEditor 演示
        </h1>
        <p
          style="color: rgb(102, 102, 102); margin-bottom: 20px;"
        >
          这是一个强大的schema编辑和预览工具，支持实时编辑、语法高亮、错误提示等功能。
        </p>
        <div
          style="margin-bottom: 20px;"
        >
          <h3
            style="margin-bottom: 10px;"
          >
            快速示例：
          </h3>
          <div
            style="display: flex; gap: 10px; flex-wrap: wrap;"
          >
            <button
              style="padding: 8px 16px; border: 1px solid rgb(221, 221, 221); border-radius: 4px; background: rgb(255, 255, 255); cursor: pointer; font-size: 13px;"
              type="button"
            >
              基础HTML
            </button>
            <button
              style="padding: 8px 16px; border: 1px solid rgb(221, 221, 221); border-radius: 4px; background: rgb(255, 255, 255); cursor: pointer; font-size: 13px;"
              type="button"
            >
              表单组件
            </button>
            <button
              style="padding: 8px 16px; border: 1px solid rgb(221, 221, 221); border-radius: 4px; background: rgb(255, 255, 255); cursor: pointer; font-size: 13px;"
              type="button"
            >
              数据表格
            </button>
          </div>
        </div>
      </div>
      <div
        class="ant-schema-editor"
        style="height: 700px;"
      >
        <div
          class="ant-schema-editor-container"
        >
          <div
            class="ant-schema-editor-left"
          >
            <div
              class="ant-schema-editor-preview"
            >
              <div
                class="ant-schema-editor-preview-header"
              >
                <h3>
                  实时预览
                </h3>
                <div
                  class="ant-schema-editor-error"
                >
                  <span>
                    ⚠️ must have required property 'properties'
                  </span>
                </div>
              </div>
              <div
                class="ant-schema-editor-preview-content"
              >
                <div
                  class="ant-schema-editor-preview-content-empty"
                >
                  <svg
                    fill="none"
                    height="1em"
                    style="width: 80px; height: 80px;"
                    version="1.1"
                    viewBox="0 0 80 80"
                    width="1em"
                    xmlns="http://www.w3.org/2000/svg"
                    xmlns:xlink="http://www.w3.org/1999/xlink"
                  >
                    <defs>
                      <clippath
                        id="master_svg0_21_7596/2_3474"
                      >
                        <rect
                          height="80"
                          rx="0"
                          width="80"
                          x="0"
                          y="0"
                        />
                      </clippath>
                      <lineargradient
                        id="master_svg1_2_1349"
                        x1="0.5"
                        x2="0.5"
                        y1="0"
                        y2="1"
                      >
                        <stop
                          offset="0%"
                          stop-color="#DED7FA"
                          stop-opacity="1"
                        />
                        <stop
                          offset="100%"
                          stop-color="#FFE3FE"
                          stop-opacity="1"
                        />
                      </lineargradient>
                      <lineargradient
                        id="master_svg2_2_1346"
                        x1="0.5"
                        x2="0.5"
                        y1="0"
                        y2="1"
                      >
                        <stop
                          offset="0%"
                          stop-color="#0F192C"
                          stop-opacity="1"
                        />
                        <stop
                          offset="100%"
                          stop-color="#6448FF"
                          stop-opacity="1"
                        />
                      </lineargradient>
                      <lineargradient
                        id="master_svg3_2_1365"
                        x1="0.5918598771095276"
                        x2="1.2793496858987"
                        y1="1"
                        y2="0.6906462574430394"
                      >
                        <stop
                          offset="0%"
                          stop-color="#0F192C"
                          stop-opacity="1"
                        />
                        <stop
                          offset="100%"
                          stop-color="#6448FF"
                          stop-opacity="1"
                        />
                      </lineargradient>
                      <lineargradient
                        id="master_svg4_2_1362"
                        x1="0.4285028576850891"
                        x2="-0.12307909104890216"
                        y1="1"
                        y2="0.4537226971184611"
                      >
                        <stop
                          offset="0%"
                          stop-color="#0F192C"
                          stop-opacity="1"
                        />
                        <stop
                          offset="100%"
                          stop-color="#6448FF"
                          stop-opacity="1"
                        />
                      </lineargradient>
                      <lineargradient
                        id="master_svg5_2_1359"
                        x1="0"
                        x2="0.22189602887130774"
                        y1="0.17398935556411743"
                        y2="1.0689527288478575"
                      >
                        <stop
                          offset="0%"
                          stop-color="#0F192C"
                          stop-opacity="1"
                        />
                        <stop
                          offset="100%"
                          stop-color="#6448FF"
                          stop-opacity="1"
                        />
                      </lineargradient>
                      <lineargradient
                        id="master_svg6_2_1343"
                        x1="0.5"
                        x2="0.5"
                        y1="0"
                        y2="1"
                      >
                        <stop
                          offset="0%"
                          stop-color="#A390F1"
                          stop-opacity="1"
                        />
                        <stop
                          offset="100%"
                          stop-color="#CE96FF"
                          stop-opacity="1"
                        />
                      </lineargradient>
                      <lineargradient
                        id="master_svg7_2_1352"
                        x1="0.5"
                        x2="0.5"
                        y1="0"
                        y2="1"
                      >
                        <stop
                          offset="0%"
                          stop-color="#A390F1"
                          stop-opacity="1"
                        />
                        <stop
                          offset="100%"
                          stop-color="#CE96FF"
                          stop-opacity="1"
                        />
                      </lineargradient>
                      <lineargradient
                        id="master_svg8_2_1356"
                        x1="0.5775338411331177"
                        x2="0.06251772926056487"
                        y1="0.6283370852470398"
                        y2="1.072491922125925"
                      >
                        <stop
                          offset="0%"
                          stop-color="#FDFEFF"
                          stop-opacity="1"
                        />
                        <stop
                          offset="100%"
                          stop-color="#FFFFFF"
                          stop-opacity="0"
                        />
                      </lineargradient>
                    </defs>
                    <g
                      clip-path="url(#master_svg0_21_7596/2_3474)"
                    >
                      <g
                        transform="matrix(0.599428653717041,-0.8004281520843506,0.8004281520843506,0.599428653717041,-14.622492933241574,17.677883679279375)"
                      >
                        <path
                          d="M10.743072086120605,47.784194775390624C10.505512086120605,48.83269477539062,10.920867086120605,49.921394775390624,11.796501086120605,50.54529477539063L22.202471086120603,57.95899477539062C23.770671086120608,59.07629477539062,25.969871086120605,58.213994775390624,26.360871086120607,56.32859477539063L29.265271086120606,42.32259477539063C29.420471086120607,41.573994775390624,29.246871086120606,40.794694775390624,28.788571086120605,40.18269477539063L17.986491086120605,25.758414775390627C17.304941086120607,24.848324775390626,15.870111086120605,25.154144775390627,15.618871086120606,26.263044775390625L10.743072086120605,47.784194775390624Z"
                          fill="url(#master_svg1_2_1349)"
                          fill-opacity="1"
                        />
                      </g>
                      <g>
                        <path
                          d="M34.66666793823242,69.33330000000001L62.66666793823242,69.33330000000001C65.61216793823242,69.33330000000001,67.99996793823243,66.9455,67.99996793823243,64L67.99996793823243,36L34.66666793823242,36L34.66666793823242,69.33330000000001Z"
                          fill="url(#master_svg2_2_1346)"
                          fill-opacity="0.8999999761581421"
                        />
                      </g>
                      <g>
                        <path
                          d="M34.66666793823242,35.999997938232426L67.99996793823243,35.999997938232426L74.11336793823241,28.86772793823242C74.85476793823241,28.00282793823242,74.24016793823242,26.666667938232422,73.10106793823242,26.666667938232422L43.89315793823242,26.666667938232422C43.114697938232425,26.666667938232422,42.37509793823242,27.006834938232423,41.868477938232424,27.59789093823242L34.66666793823242,35.999997938232426Z"
                          fill="url(#master_svg3_2_1365)"
                          fill-opacity="0.8999999761581421"
                        />
                      </g>
                      <g
                        transform="matrix(-1,0,0,1,69.33333587646484,0)"
                      >
                        <path
                          d="M34.66666793823242,35.999997938232426L55.99996793823242,35.999997938232426L62.11336793823242,28.86772793823242C62.85476793823242,28.00282793823242,62.24016793823242,26.666667938232422,61.10106793823242,26.666667938232422L43.89315793823242,26.666667938232422C43.114697938232425,26.666667938232422,42.37509793823242,27.006834938232423,41.868477938232424,27.59789093823242L34.66666793823242,35.999997938232426Z"
                          fill="url(#master_svg4_2_1362)"
                          fill-opacity="0.8999999761581421"
                        />
                      </g>
                      <g>
                        <path
                          d="M13.333333969116211,64C13.333333969116211,66.9455,15.721143969116211,69.33330000000001,18.66666396911621,69.33330000000001L34.66663396911621,69.33330000000001L34.66663396911621,36L13.333333969116211,36L13.333333969116211,64Z"
                          fill="url(#master_svg5_2_1359)"
                          fill-opacity="1"
                        />
                      </g>
                      <g
                        transform="matrix(0.8660253882408142,0.5,-0.5,0.8660253882408142,11.12020542991445,-30.834500927293362)"
                      >
                        <path
                          d="M63.60052242260742,20.320933492279053C63.35834642260742,21.224733492279054,64.09815442260742,22.090333492279054,65.02866442260742,21.991933492279053L74.33576442260743,21.00753349227905C75.43296442260743,20.891533492279052,76.34546442260742,20.11173349227905,76.63106442260742,19.045933492279055L79.80286442260743,7.208563492279053C80.04506442260742,6.304738492279053,79.30526442260742,5.439111492279053,78.37476442260743,5.5375304922790525L69.06760442260742,6.521923492279052C67.97033442260742,6.637983492279053,67.05786442260742,7.417833492279053,66.77228442260743,8.483623492279053L63.60052242260742,20.320933492279053Z"
                          fill="url(#master_svg6_2_1343)"
                          fill-opacity="1"
                        />
                      </g>
                      <g
                        transform="matrix(0.8660253882408142,0.5,-0.5,0.8660253882408142,24.462927039698116,2.036450476932032)"
                      >
                        <path
                          d="M8.933854484375,61.65426793823242C8.691678484375,62.558067938232426,9.431486484375,63.42366793823243,10.361996484375,63.32526793823242L19.669096484375,62.34086793823242C20.766296484374998,62.22486793823242,21.678796484375,61.44506793823242,21.964396484375,60.379267938232424L25.136196484375,48.541897938232424C25.378396484375,47.63807293823242,24.638596484375,46.77244593823242,23.708096484374998,46.87086493823242L14.400936484375,47.85525793823242C13.303666484375,47.971317938232424,12.391196484375,48.75116793823242,12.105616484375,49.81695793823242L8.933854484375,61.65426793823242Z"
                          fill="url(#master_svg7_2_1352)"
                          fill-opacity="1"
                        />
                        <path
                          d="M8.933854484375,61.65426793823242C8.691678484375,62.558067938232426,9.431486484375,63.42366793823243,10.361996484375,63.32526793823242L19.669096484375,62.34086793823242C20.766296484374998,62.22486793823242,21.678796484375,61.44506793823242,21.964396484375,60.379267938232424L25.136196484375,48.541897938232424C25.378396484375,47.63807293823242,24.638596484375,46.77244593823242,23.708096484374998,46.87086493823242L14.400936484375,47.85525793823242C13.303666484375,47.971317938232424,12.391196484375,48.75116793823242,12.105616484375,49.81695793823242L8.933854484375,61.65426793823242Z"
                          fill="#F5CD47"
                          fill-opacity="1"
                        />
                      </g>
                      <g
                        transform="matrix(0.9562551379203796,0.2925339937210083,-0.2925339937210083,0.9562551379203796,14.585983404901981,-12.207144390100666)"
                      >
                        <path
                          d="M54.6709429296875,55.41946793823242Q52.3017229296875,57.53866793823242,47.4844859296875,60.09376793823242L48.7340199296875,62.44956793823242Q54.5191329296875,59.38116793823242,57.2319229296875,56.52896793823242Q57.746622929687504,56.50476793823242,58.2778529296875,56.29636793823242Q59.6389529296875,55.76236793823242,60.9075529296875,53.921867938232424Q63.0984529296875,50.74295793823242,65.4555529296875,43.05763293823242L62.9061529296875,42.27570293823242Q61.154752929687504,47.98601793823242,59.5743529296875,50.96655793823242Q59.4820529296875,50.36327793823242,59.2283529296875,49.77136793823242Q58.2042529296875,47.381887938232424,56.3872129296875,47.27252793823242Q54.6711529296875,47.16925793823242,53.6426929296875,48.994417938232424Q52.792352929687496,50.503507938232424,53.0510729296875,52.30959793823242Q53.3147529296875,54.15026793823242,54.6709429296875,55.41946793823242ZM56.4254529296875,53.413767938232425Q57.2808629296875,51.99679793823242,56.7773029296875,50.82181793823242Q56.4014729296875,49.94487793823242,56.227012929687504,49.93437793823242Q56.1756629296875,49.93128793823242,55.9659229296875,50.30352793823242Q54.9799729296875,52.05325793823242,56.4254529296875,53.413767938232425Z"
                          fill="url(#master_svg8_2_1356)"
                          fill-opacity="1"
                          fill-rule="evenodd"
                        />
                      </g>
                    </g>
                  </svg>
                  <p>
                    右侧输入schema后，在这里展示卡片预览
                  </p>
                </div>
              </div>
            </div>
          </div>
          <div
            class="ant-schema-editor-right"
          >
            <div
              class="ant-schema-editor-html"
            >
              <div
                class="ant-schema-editor-html-header"
              >
                <h3>
                  HTML模板
                </h3>
                <div
                  style="display: flex;"
                >
                  <button
                    class="ant-btn ant-btn-text ant-btn-color-default ant-btn-variant-text"
                    type="button"
                  >
                    <span
                      class="ant-btn-icon"
                    >
                      <svg
                        fill="none"
                        height="1em"
                        style="width: 14px; height: 14px;"
                        version="1.1"
                        viewBox="0 0 14 14"
                        width="1em"
                        xmlns="http://www.w3.org/2000/svg"
                        xmlns:xlink="http://www.w3.org/1999/xlink"
                      >
                        <g>
                          <path
                            d="M13.416633313465118,7.000003313465118C13.416633313465118,10.543823313465118,10.543823313465118,13.416633313465118,7.000003313465118,13.416633313465118C3.4561733134651185,13.416633313465118,0.5833333134651184,10.543823313465118,0.5833333134651184,7.000003313465118C0.5833333134651184,3.4561733134651185,3.4561733134651185,0.5833333134651184,7.000003313465118,0.5833333134651184C10.543823313465118,0.5833333134651184,13.416633313465118,3.4561733134651185,13.416633313465118,7.000003313465118ZM12.250033313465119,7.000003313465118C12.250033313465119,4.1005033134651185,9.899493313465118,1.7500033134651185,7.000003313465118,1.7500033134651185C4.1005033134651185,1.7500033134651185,1.7500033134651185,4.1005033134651185,1.7500033134651185,7.000003313465118C1.7500033134651185,9.899493313465118,4.1005033134651185,12.250033313465119,7.000003313465118,12.250033313465119C9.899493313465118,12.250033313465119,12.250033313465119,9.899493313465118,12.250033313465119,7.000003313465118ZM5.833333313465118,4.083333313465118C5.511163313465119,4.083333313465118,5.250003313465118,4.344503313465118,5.250003313465118,4.6666633134651185L5.250003313465118,9.333333313465118C5.250003313465118,9.448493313465118,5.284093313465118,9.561083313465119,5.347973313465118,9.656913313465118C5.433783313465119,9.785633313465118,5.567223313465118,9.874993313465119,5.718933313465119,9.905343313465119C5.8706333134651185,9.935683313465118,6.028183313465118,9.904513313465118,6.1569033134651185,9.818693313465118L9.656913313465118,7.485363313465118C9.720993313465119,7.442643313465118,9.77597331346512,7.387653313465118,9.818693313465118,7.323573313465118C9.904513313465118,7.194853313465118,9.935683313465118,7.037303313465118,9.905343313465119,6.8856033134651184C9.874993313465119,6.733893313465118,9.785633313465118,6.600453313465119,9.656913313465118,6.514633313465119L6.1569033134651185,4.1813033134651185C6.061083313465119,4.117423313465118,5.948493313465119,4.083333313465118,5.833333313465118,4.083333313465118ZM6.4166633134651185,8.243363313465117L8.281713313465119,7.000003313465118L6.4166633134651185,5.756633313465119L6.4166633134651185,8.243363313465117Z"
                            fill="currentColor"
                            fill-opacity="1"
                            fill-rule="evenodd"
                          />
                        </g>
                      </svg>
                    </span>
                    <span>
                      运行
                    </span>
                  </button>
                  <button
                    class="ant-btn ant-btn-text ant-btn-color-default ant-btn-variant-text ant-btn-icon-only"
                    type="button"
                  >
                    <span
                      class="ant-btn-icon"
                    >
                      <svg
                        fill="none"
                        height="1em"
                        style="width: 14px; height: 14px;"
                        version="1.1"
                        viewBox="0 0 14 14"
                        width="1em"
                        xmlns="http://www.w3.org/2000/svg"
                        xmlns:xlink="http://www.w3.org/1999/xlink"
                      >
                        <g>
                          <path
                            d="M8.57814331346512,1.9218533134651183Q8.750003313465118,2.0937033134651184,8.750003313465118,2.3333333134651184C8.750003313465118,2.6555033134651183,9.011163313465119,2.9166633134651185,9.333333313465118,2.9166633134651185C9.655503313465118,2.9166633134651185,9.916663313465119,2.6555033134651183,9.916663313465119,2.3333333134651184Q9.916663313465119,1.6104633134651185,9.403103313465119,1.0968963134651184Q8.889543313465119,0.5833333134651184,8.166663313465119,0.5833333134651184L2.3333333134651184,0.5833333134651184Q1.6104633134651185,0.5833333134651184,1.0968963134651184,1.0968963134651184Q0.5833333134651184,1.6104633134651185,0.5833333134651184,2.3333333134651184L0.5833333134651184,8.166663313465119Q0.5833333134651184,8.889543313465119,1.0968963134651184,9.403103313465119Q1.6104633134651185,9.916663313465119,2.3333333134651184,9.916663313465119C2.6555033134651183,9.916663313465119,2.9166633134651185,9.655503313465118,2.9166633134651185,9.333333313465118C2.9166633134651185,9.011163313465119,2.6555033134651183,8.750003313465118,2.3333333134651184,8.750003313465118Q2.0937033134651184,8.750003313465118,1.9218533134651183,8.57814331346512Q1.7500033134651185,8.406293313465119,1.7500033134651185,8.166663313465119L1.7500033134651185,2.3333333134651184Q1.7500033134651185,2.0937033134651184,1.9218533134651183,1.9218533134651183Q2.0937033134651184,1.7500033134651185,2.3333333134651184,1.7500033134651185L8.166663313465119,1.7500033134651185Q8.406293313465119,1.7500033134651185,8.57814331346512,1.9218533134651183ZM4.083333313465118,11.666633313465118L4.083333313465118,5.833333313465118Q4.083333313465118,5.108463313465118,4.595893313465118,4.595893313465118Q5.108463313465118,4.083333313465118,5.833333313465118,4.083333313465118L11.666633313465118,4.083333313465118Q12.391533313465118,4.083333313465118,12.904133313465119,4.595893313465118Q13.416633313465118,5.108463313465118,13.416633313465118,5.833333313465118L13.416633313465118,11.666633313465118Q13.416633313465118,12.391533313465118,12.904133313465119,12.904133313465119Q12.391533313465118,13.416633313465118,11.666633313465118,13.416633313465118L5.833333313465118,13.416633313465118Q5.108463313465118,13.416633313465118,4.595893313465118,12.904133313465119Q4.083333313465118,12.391533313465118,4.083333313465118,11.666633313465118ZM5.250003313465118,11.666633313465118Q5.250003313465118,11.908333313465118,5.420853313465118,12.079133313465118Q5.591713313465118,12.250033313465119,5.833333313465118,12.250033313465119L11.666633313465118,12.250033313465119Q11.908333313465118,12.250033313465119,12.079133313465118,12.079133313465118Q12.250033313465119,11.908333313465118,12.250033313465119,11.666633313465118L12.250033313465119,5.833333313465118Q12.250033313465119,5.591713313465118,12.079133313465118,5.420853313465118Q11.908333313465118,5.250003313465118,11.666633313465118,5.250003313465118L5.833333313465118,5.250003313465118Q5.591713313465118,5.250003313465118,5.420853313465118,5.420853313465118Q5.250003313465118,5.591713313465118,5.250003313465118,5.833333313465118L5.250003313465118,11.666633313465118Z"
                            fill="currentColor"
                            fill-opacity="1"
                            fill-rule="evenodd"
                          />
                        </g>
                      </svg>
                    </span>
                  </button>
                </div>
              </div>
              <div
                class="ant-schema-editor-html-content"
              >
                <div
                  class=" ace_editor ace_hidpi ace-tm"
                  style="height: 100%; width: 100%;"
                >
                  <textarea
                    aria-autocomplete="both"
                    aria-haspopup="false"
                    aria-label="Cursor at row 11"
                    autocapitalize="off"
                    autocomplete="off"
                    autocorrect="off"
                    class="ace_text-input"
                    role="textbox"
                    spellcheck="false"
                    style="opacity: 0; font-size: 1px;"
                    wrap="off"
                  />
                  <div
                    aria-hidden="true"
                    class="ace_gutter"
                  >
                    <div
                      class="ace_layer ace_gutter-layer ace_folding-enabled"
                      style="height: 1000000px;"
                    />
                  </div>
                  <div
                    class="ace_scroller"
                    style="line-height: 0px;"
                  >
                    <div
                      class="ace_content"
                    >
                      <div
                        class="ace_layer ace_print-margin-layer"
                      >
                        <div
                          class="ace_print-margin"
                          style="left: 4px; visibility: hidden;"
                        />
                      </div>
                      <div
                        class="ace_layer ace_marker-layer"
                      />
                      <div
                        class="ace_layer ace_text-layer"
                        style="height: 1000000px; margin: 0px 4px;"
                      />
                      <div
                        class="ace_layer ace_marker-layer"
                      />
                      <div
                        class="ace_layer ace_cursor-layer ace_hidden-cursors"
                      >
                        <div
                          class="ace_cursor"
                        />
                      </div>
                    </div>
                  </div>
                  <div
                    class="ace_scrollbar ace_scrollbar-v"
                    style="display: none; width: 20px;"
                  >
                    <div
                      class="ace_scrollbar-inner"
                      style="width: 20px;"
                    >
                       
                    </div>
                  </div>
                  <div
                    class="ace_scrollbar ace_scrollbar-h"
                    style="display: none; height: 20px;"
                  >
                    <div
                      class="ace_scrollbar-inner"
                      style="height: 20px;"
                    >
                       
                    </div>
                  </div>
                  <div
                    style="height: auto; width: auto; top: 0px; left: 0px; visibility: hidden; position: absolute; white-space: pre; overflow: hidden;"
                  >
                    <div
                      style="height: auto; width: auto; top: 0px; left: 0px; visibility: hidden; position: absolute; white-space: pre; overflow: visible;"
                    />
                    <div
                      style="height: auto; width: auto; top: 0px; left: 0px; visibility: hidden; position: absolute; white-space: pre; overflow: visible;"
                    >
                      XXXXXXXXXXXXXXXXXXXXXXXXXXXXXXXXXXXXXXXXXXXXXXXXXXXXXXXXXXXXXXXXXXXXXXXXXXXXXXXXXXXXXXXXXXXXXXXXXXXXXXXXXXXXXXXXXXXXXXXXXXXXXXXXXXXXXXXXXXXXXXXXXXXXXXXXXXXXXXXXXXXXXXXXXXXXXXXXXXXXXXXXXXXXXXXXXXXXXXXXXXXXXXXXXXXXXXXXXXXXXXXXXXXXXXXXXXXXXXXXXXXXXXXXXXXXXXXXXXXXXXXXXXXXXXXXXXXXXXXXXXXXXXXXXXXXXXXXXXXXXXXXXXXXXXXXXXXXXXXXXXXXXXXXXXXXXXXXXXXXXXXXXXXXXXXXXXXXXXXXXXXXXXXXXXXXXXXXXXXXXXXXXXXXXXXXXXXXXXXXXXXXXXXXXXXXXXXXXXXXXXXXXXXXXXXXXXXXXXXXXXXXXXXXXXXXXXXXXXXXXXXXXXXXXXXXXXXXXXXXXXXXXXXXXXXXXXXXXXXXXXXXXXXXXXXX
                    </div>
                  </div>
                  <div
                    class="ace_tooltip"
                    id="gt3"
                    role="tooltip"
                    style="display: none; pointer-events: auto;"
                  />
                </div>
              </div>
            </div>
            <div
              class="ant-schema-editor-json"
            >
              <div
                class="ant-schema-editor-json-header"
              >
                <h3>
                  Schema JSON
                </h3>
                <div
                  style="display: flex;"
                >
                  <button
                    class="ant-btn ant-btn-text ant-btn-color-default ant-btn-variant-text ant-btn-icon-only"
                    type="button"
                  >
                    <span
                      class="ant-btn-icon"
                    >
                      <svg
                        fill="none"
                        height="1em"
                        style="width: 14px; height: 14px;"
                        version="1.1"
                        viewBox="0 0 14 14"
                        width="1em"
                        xmlns="http://www.w3.org/2000/svg"
                        xmlns:xlink="http://www.w3.org/1999/xlink"
                      >
                        <g>
                          <path
                            d="M8.57814331346512,1.9218533134651183Q8.750003313465118,2.0937033134651184,8.750003313465118,2.3333333134651184C8.750003313465118,2.6555033134651183,9.011163313465119,2.9166633134651185,9.333333313465118,2.9166633134651185C9.655503313465118,2.9166633134651185,9.916663313465119,2.6555033134651183,9.916663313465119,2.3333333134651184Q9.916663313465119,1.6104633134651185,9.403103313465119,1.0968963134651184Q8.889543313465119,0.5833333134651184,8.166663313465119,0.5833333134651184L2.3333333134651184,0.5833333134651184Q1.6104633134651185,0.5833333134651184,1.0968963134651184,1.0968963134651184Q0.5833333134651184,1.6104633134651185,0.5833333134651184,2.3333333134651184L0.5833333134651184,8.166663313465119Q0.5833333134651184,8.889543313465119,1.0968963134651184,9.403103313465119Q1.6104633134651185,9.916663313465119,2.3333333134651184,9.916663313465119C2.6555033134651183,9.916663313465119,2.9166633134651185,9.655503313465118,2.9166633134651185,9.333333313465118C2.9166633134651185,9.011163313465119,2.6555033134651183,8.750003313465118,2.3333333134651184,8.750003313465118Q2.0937033134651184,8.750003313465118,1.9218533134651183,8.57814331346512Q1.7500033134651185,8.406293313465119,1.7500033134651185,8.166663313465119L1.7500033134651185,2.3333333134651184Q1.7500033134651185,2.0937033134651184,1.9218533134651183,1.9218533134651183Q2.0937033134651184,1.7500033134651185,2.3333333134651184,1.7500033134651185L8.166663313465119,1.7500033134651185Q8.406293313465119,1.7500033134651185,8.57814331346512,1.9218533134651183ZM4.083333313465118,11.666633313465118L4.083333313465118,5.833333313465118Q4.083333313465118,5.108463313465118,4.595893313465118,4.595893313465118Q5.108463313465118,4.083333313465118,5.833333313465118,4.083333313465118L11.666633313465118,4.083333313465118Q12.391533313465118,4.083333313465118,12.904133313465119,4.595893313465118Q13.416633313465118,5.108463313465118,13.416633313465118,5.833333313465118L13.416633313465118,11.666633313465118Q13.416633313465118,12.391533313465118,12.904133313465119,12.904133313465119Q12.391533313465118,13.416633313465118,11.666633313465118,13.416633313465118L5.833333313465118,13.416633313465118Q5.108463313465118,13.416633313465118,4.595893313465118,12.904133313465119Q4.083333313465118,12.391533313465118,4.083333313465118,11.666633313465118ZM5.250003313465118,11.666633313465118Q5.250003313465118,11.908333313465118,5.420853313465118,12.079133313465118Q5.591713313465118,12.250033313465119,5.833333313465118,12.250033313465119L11.666633313465118,12.250033313465119Q11.908333313465118,12.250033313465119,12.079133313465118,12.079133313465118Q12.250033313465119,11.908333313465118,12.250033313465119,11.666633313465118L12.250033313465119,5.833333313465118Q12.250033313465119,5.591713313465118,12.079133313465118,5.420853313465118Q11.908333313465118,5.250003313465118,11.666633313465118,5.250003313465118L5.833333313465118,5.250003313465118Q5.591713313465118,5.250003313465118,5.420853313465118,5.420853313465118Q5.250003313465118,5.591713313465118,5.250003313465118,5.833333313465118L5.250003313465118,11.666633313465118Z"
                            fill="currentColor"
                            fill-opacity="1"
                            fill-rule="evenodd"
                          />
                        </g>
                      </svg>
                    </span>
                  </button>
                </div>
              </div>
              <div
                class="ant-schema-editor-json-content"
              >
                <div
                  class=" ace_editor ace_hidpi ace-tm"
                  style="height: 100%; width: 100%;"
                >
                  <textarea
                    aria-autocomplete="both"
                    aria-haspopup="false"
                    aria-label="Cursor at row 16"
                    autocapitalize="off"
                    autocomplete="off"
                    autocorrect="off"
                    class="ace_text-input"
                    role="textbox"
                    spellcheck="false"
                    style="opacity: 0; font-size: 1px;"
                    wrap="off"
                  />
                  <div
                    aria-hidden="true"
                    class="ace_gutter"
                  >
                    <div
                      class="ace_layer ace_gutter-layer ace_folding-enabled"
                      style="height: 1000000px;"
                    />
                  </div>
                  <div
                    class="ace_scroller"
                    style="line-height: 0px;"
                  >
                    <div
                      class="ace_content"
                    >
                      <div
                        class="ace_layer ace_print-margin-layer"
                      >
                        <div
                          class="ace_print-margin"
                          style="left: 4px; visibility: hidden;"
                        />
                      </div>
                      <div
                        class="ace_layer ace_marker-layer"
                      />
                      <div
                        class="ace_layer ace_text-layer"
                        style="height: 1000000px; margin: 0px 4px;"
                      />
                      <div
                        class="ace_layer ace_marker-layer"
                      />
                      <div
                        class="ace_layer ace_cursor-layer ace_hidden-cursors"
                      >
                        <div
                          class="ace_cursor"
                        />
                      </div>
                    </div>
                  </div>
                  <div
                    class="ace_scrollbar ace_scrollbar-v"
                    style="display: none; width: 20px;"
                  >
                    <div
                      class="ace_scrollbar-inner"
                      style="width: 20px;"
                    >
                       
                    </div>
                  </div>
                  <div
                    class="ace_scrollbar ace_scrollbar-h"
                    style="display: none; height: 20px;"
                  >
                    <div
                      class="ace_scrollbar-inner"
                      style="height: 20px;"
                    >
                       
                    </div>
                  </div>
                  <div
                    style="height: auto; width: auto; top: 0px; left: 0px; visibility: hidden; position: absolute; white-space: pre; overflow: hidden;"
                  >
                    <div
                      style="height: auto; width: auto; top: 0px; left: 0px; visibility: hidden; position: absolute; white-space: pre; overflow: visible;"
                    />
                    <div
                      style="height: auto; width: auto; top: 0px; left: 0px; visibility: hidden; position: absolute; white-space: pre; overflow: visible;"
                    >
                      XXXXXXXXXXXXXXXXXXXXXXXXXXXXXXXXXXXXXXXXXXXXXXXXXXXXXXXXXXXXXXXXXXXXXXXXXXXXXXXXXXXXXXXXXXXXXXXXXXXXXXXXXXXXXXXXXXXXXXXXXXXXXXXXXXXXXXXXXXXXXXXXXXXXXXXXXXXXXXXXXXXXXXXXXXXXXXXXXXXXXXXXXXXXXXXXXXXXXXXXXXXXXXXXXXXXXXXXXXXXXXXXXXXXXXXXXXXXXXXXXXXXXXXXXXXXXXXXXXXXXXXXXXXXXXXXXXXXXXXXXXXXXXXXXXXXXXXXXXXXXXXXXXXXXXXXXXXXXXXXXXXXXXXXXXXXXXXXXXXXXXXXXXXXXXXXXXXXXXXXXXXXXXXXXXXXXXXXXXXXXXXXXXXXXXXXXXXXXXXXXXXXXXXXXXXXXXXXXXXXXXXXXXXXXXXXXXXXXXXXXXXXXXXXXXXXXXXXXXXXXXXXXXXXXXXXXXXXXXXXXXXXXXXXXXXXXXXXXXXXXXXXXXXXXXXX
                    </div>
                  </div>
                  <div
                    class="ace_tooltip"
                    id="gt4"
                    role="tooltip"
                    style="display: none; pointer-events: auto;"
                  />
                </div>
              </div>
            </div>
          </div>
        </div>
      </div>
      <div
        style="margin-top: 20px; padding: 15px; background: rgb(248, 249, 250); border-radius: 4px;"
      >
        <h3
          style="margin-bottom: 10px;"
        >
          功能说明：
        </h3>
        <ul
          style="margin: 0px; padding-left: 20px; color: rgb(102, 102, 102);"
        >
          <li>
            左侧HTML模板编辑器：使用AceEditor提供语法高亮和智能提示
          </li>
          <li>
            左侧Schema JSON编辑器：可以编辑完整的schema结构
          </li>
          <li>
            右侧实时预览：实时显示编辑结果，支持模板变量替换
          </li>
          <li>
            错误提示：自动检测schema格式错误并显示提示
          </li>
          <li>
            响应式设计：支持不同屏幕尺寸的适配
          </li>
        </ul>
      </div>
    </div>
  </div>
</DocumentFragment>