<DocumentFragment>
  <div
    class="ant-app"
  >
    <div>
      test
    </div>
    <div
      style="height: 500px;"
    >
      <h2>
        简单的 parseMarkdown 插件示例
      </h2>
      <div
        class="ant-md-editor markdown-editor ant-md-editor-edit"
        style="width: 100%; height: auto; display: flex; flex-direction: column; max-height: 100%;"
      >
        <div
          style="padding: 12px 20px; overflow: auto; display: flex; height: 100%; position: relative; gap: 24px; outline: none;"
          tabindex="-1"
        >
          <div
            aria-multiline="true"
            autocapitalize="false"
            autocorrect="false"
            class="ant-md-editor-content ant-md-editor-content-focus ant-md-editor-content-edit"
            contenteditable="true"
            data-slate-editor="true"
            data-slate-node="value"
            role="textbox"
            spellcheck="false"
            style="position: relative; white-space: pre-wrap; word-wrap: break-word; font-size: 14px;"
            zindex="-1"
          >
            <div
              data-slate-node="element"
              data-testid="markdown-heading"
              id="parsemarkdown-插件示例"
              style="font-size: 1.5em; font-weight: 600; line-height: 1.25; margin-top: 1em; margin-bottom: 1em;"
            >
              <span
                data-slate-node="text"
              >
                <span
                  data-be="text"
                  data-slate-leaf="true"
                  draggable="false"
                >
                  <span
                    data-slate-string="true"
                  >
                    parseMarkdown 插件示例
                  </span>
                </span>
              </span>
            </div>
            <div
              class="ant-md-editor-drag-el"
              data-be="paragraph"
              data-slate-node="element"
            >
              <span
                data-slate-node="text"
              >
                <span
                  data-be="text"
                  data-slate-leaf="true"
                  draggable="false"
                >
                  <span
                    data-slate-string="true"
                  >
                    这是一个简单的 parseMarkdown 插件示例。
                  </span>
                </span>
              </span>
            </div>
            <div
              data-slate-node="element"
              data-testid="markdown-heading"
              id="普通代码块"
              style="font-size: 1.375em; font-weight: 600; line-height: 1.25; margin-top: 1em; margin-bottom: 1em;"
            >
              <span
                data-slate-node="text"
              >
                <span
                  data-be="text"
                  data-slate-leaf="true"
                  draggable="false"
                >
                  <span
                    data-slate-string="true"
                  >
                    普通代码块
                  </span>
                </span>
              </span>
            </div>
            <div
              data-slate-node="element"
            >
              <div
                class="ace-el drag-el"
                contenteditable="false"
                data-be="code"
                data-lang="javascript"
                data-testid="code-container"
                tabindex="-1"
              >
                <div
                  contenteditable="false"
                  style="background-color: transparent; user-select: none;"
                >
                  <div
                    class="ace-container drag-el "
                    data-testid="code-editor-container"
                    style="box-sizing: border-box; background-color: rgb(252, 252, 252); max-height: 400px; overflow: auto; position: relative; height: auto; opacity: 1; border: 1px solid rgb(231, 233, 232); transition: border-color 0.2s ease-in-out;"
                  >
                    <div
                      contenteditable="false"
                      style="height: 0px; width: 100%; position: sticky; left: 0px; top: 0px; display: flex; align-items: center; justify-content: flex-end; padding-right: 0.375em; z-index: 50; box-sizing: border-box; transition: all 0.2s ease-in-out;"
                    />
                    <div
                      data-testid="ace-editor-container"
                      style="height: 200px; line-height: 22px;"
                    />
                    <div
                      data-testid="code-content-copy"
                      style="height: 0.5px; overflow: hidden; opacity: 0; pointer-events: none;"
                    >
                      console.log("这是普通的 JavaScript 代码");
                      <span
                        data-slate-node="text"
                      >
                        <span
                          data-be="text"
                          data-slate-leaf="true"
                          draggable="false"
                        >
                          <span
                            data-slate-string="true"
                          >
                            console.log("这是普通的 JavaScript 代码");
                          </span>
                        </span>
                      </span>
                    </div>
                  </div>
                </div>
              </div>
            </div>
            <div
              data-slate-node="element"
              data-testid="markdown-heading"
              id="自定义警告代码块"
              style="font-size: 1.375em; font-weight: 600; line-height: 1.25; margin-top: 1em; margin-bottom: 1em;"
            >
              <span
                data-slate-node="text"
              >
                <span
                  data-be="text"
                  data-slate-leaf="true"
                  draggable="false"
                >
                  <span
                    data-slate-string="true"
                  >
                    自定义警告代码块
                  </span>
                </span>
              </span>
            </div>
            <div
              class="ant-md-editor-drag-el"
              data-be="paragraph"
              data-slate-node="element"
            >
              <span
                data-slate-node="text"
              >
                <span
                  data-be="text"
                  data-slate-leaf="true"
                  draggable="false"
                >
                  <span
                    data-slate-string="true"
                  >
                    下面的代码块会被插件特殊处理：
                  </span>
                </span>
              </span>
            </div>
            <div
              data-slate-node="element"
            >
              <div
                class="ace-el drag-el"
                contenteditable="false"
                data-be="code"
                data-lang="text"
                data-testid="code-container"
                tabindex="-1"
              >
                <div
                  contenteditable="false"
                  style="background-color: transparent; user-select: none;"
                >
                  <div
                    class="ace-container drag-el "
                    data-testid="code-editor-container"
                    style="box-sizing: border-box; background-color: rgb(252, 252, 252); max-height: 400px; overflow: auto; position: relative; height: auto; opacity: 1; border: 1px solid rgb(231, 233, 232); transition: border-color 0.2s ease-in-out;"
                  >
                    <div
                      contenteditable="false"
                      style="height: 0px; width: 100%; position: sticky; left: 0px; top: 0px; display: flex; align-items: center; justify-content: flex-end; padding-right: 0.375em; z-index: 50; box-sizing: border-box; transition: all 0.2s ease-in-out;"
                    />
                    <div
                      data-testid="ace-editor-container"
                      style="height: 200px; line-height: 22px;"
                    />
                    <div
                      data-testid="code-content-copy"
                      style="height: 0.5px; overflow: hidden; opacity: 0; pointer-events: none;"
                    >
                      🚨 警告: 这是一个重要的警告信息！ 请注意这个内容会被特殊处理。
                      <span
                        data-slate-node="text"
                      >
                        <span
                          data-be="text"
                          data-slate-leaf="true"
                          draggable="false"
                        >
                          <span
                            data-slate-string="true"
                          >
                            🚨 警告: 这是一个重要的警告信息！
请注意这个内容会被特殊处理。
                          </span>
                        </span>
                      </span>
                    </div>
                  </div>
                </div>
              </div>
            </div>
            <div
              data-slate-node="element"
              data-testid="markdown-heading"
              id="说明"
              style="font-size: 1.375em; font-weight: 600; line-height: 1.25; margin-top: 1em; margin-bottom: 1em;"
            >
              <span
                data-slate-node="text"
              >
                <span
                  data-be="text"
                  data-slate-leaf="true"
                  draggable="false"
                >
                  <span
                    data-slate-string="true"
                  >
                    说明
                  </span>
                </span>
              </span>
            </div>
            <div
              class="ant-md-editor-list-container relative"
              data-be="list"
              data-slate-node="element"
            >
              <ul
                class="ant-md-editor-list ul"
              >
                <li
                  class="ant-md-editor-list-item"
                  data-be="list-item"
                  data-slate-node="element"
                >
                  <div
                    class="ant-md-editor-drag-el"
                    data-be="paragraph"
                    data-slate-node="element"
                  >
                    <span
                      data-slate-node="text"
                    >
                      <span
                        data-be="text"
                        data-slate-leaf="true"
                        draggable="false"
                      >
                        <span
                          data-slate-string="true"
                        >
                          普通的代码块不会被插件影响
                        </span>
                      </span>
                    </span>
                  </div>
                </li>
                <li
                  class="ant-md-editor-list-item"
                  data-be="list-item"
                  data-slate-node="element"
                >
                  <div
                    class="ant-md-editor-drag-el"
                    data-be="paragraph"
                    data-slate-node="element"
                  >
                    <span
                      data-slate-node="text"
                    >
                      <span
                        data-be="text"
                        data-slate-leaf="true"
                        draggable="false"
                      >
                        <span
                          data-slate-string="true"
                        >
                          使用 
                        </span>
                      </span>
                    </span>
                    <span
                      data-slate-node="text"
                    >
                      <span
                        data-be="text"
                        data-slate-leaf="true"
                        draggable="false"
                      >
                        <code
                          class="ant-md-editor-content-inline-code"
                        >
                          <span
                            data-slate-string="true"
                          >
                            alert
                          </span>
                        </code>
                      </span>
                    </span>
                    <span
                      data-slate-node="text"
                    >
                      <span
                        data-be="text"
                        data-slate-leaf="true"
                        draggable="false"
                      >
                        <span
                          data-slate-string="true"
                        >
                           语言标识的代码块会被转换为警告格式
                        </span>
                      </span>
                    </span>
                  </div>
                </li>
                <li
                  class="ant-md-editor-list-item"
                  data-be="list-item"
                  data-slate-node="element"
                >
                  <div
                    class="ant-md-editor-drag-el"
                    data-be="paragraph"
                    data-slate-node="element"
                  >
                    <span
                      data-slate-node="text"
                    >
                      <span
                        data-be="text"
                        data-slate-leaf="true"
                        draggable="false"
                      >
                        <span
                          data-slate-string="true"
                        >
                          插件会在内容前添加警告图标
                        </span>
                      </span>
                    </span>
                  </div>
                </li>
              </ul>
            </div>
            <div
              class="ant-md-editor-drag-el"
              data-be="paragraph"
              data-slate-node="element"
            >
              <span
                data-slate-node="text"
              >
                <span
                  data-be="text"
                  data-slate-leaf="true"
                  draggable="false"
                >
                  <span
                    data-slate-length="0"
                    data-slate-zero-width="n"
                  >
                    ﻿
                    <br />
                  </span>
                </span>
              </span>
            </div>
          </div>
        </div>
        <div
          class="ant-md-editor-focus"
          style="height: 64px;"
        />
      </div>
    </div>
    <div
      style="margin-top: 20px; padding: 20px;"
    >
      <h4>
        Props 说明：
      </h4>
      <ul>
        <li>
          <strong>
            initValue
          </strong>
          : 编辑器的初始内容值
        </li>
        <li>
          <strong>
            plugins
          </strong>
          : 插件数组，用于扩展编辑器功能
        </li>
        <li>
          <strong>
            plugins[].parseMarkdown
          </strong>
          : parseMarkdown 插件配置数组
        </li>
        <li>
          <strong>
            parseMarkdown[].match
          </strong>
          : 匹配函数，用于判断是否应用转换
        </li>
        <li>
          <strong>
            parseMarkdown[].convert
          </strong>
          : 转换函数，用于转换匹配的节点
        </li>
        <li>
          <strong>
            onChange
          </strong>
          : 内容变化时的回调函数
        </li>
      </ul>
    </div>
  </div>
</DocumentFragment>