<DocumentFragment>
  <div
    class="ant-app"
  >
    <div>
      test
    </div>
    <div
      style="display: flex; flex-direction: column; gap: 24px; padding: 64px; font-size: 14px;"
    >
      <div
        data-testid="thought-chain-list"
        markdownrenderprops="[object Object]"
        thoughtchainlist="[object Object],[object Object],[object Object],[object Object]"
      >
        thought-chain-list
      </div>
      <div>
        <h4>
          Props 说明
        </h4>
        <ul>
          <li>
            <code>
              loading
            </code>
             - 加载状态，设置为 false 表示已加载完成
          </li>
          <li>
            <code>
              thoughtChainList
            </code>
             - 思维链列表数据，包含多个不同类型的思维节点
          </li>
          <li>
            <code>
              thoughtChainList[].category
            </code>
             - 思维节点类型，如 TableSql、RagRetrieval、DeepThink、ToolCall
          </li>
          <li>
            <code>
              thoughtChainList[].info
            </code>
             - 思维节点信息描述，支持模板变量
          </li>
          <li>
            <code>
              thoughtChainList[].input
            </code>
             - 输入参数，包含具体的输入数据
          </li>
          <li>
            <code>
              thoughtChainList[].meta
            </code>
             - 元数据，包含模板变量的具体值
          </li>
          <li>
            <code>
              thoughtChainList[].runId
            </code>
             - 运行 ID，用于标识不同的执行实例
          </li>
          <li>
            <code>
              thoughtChainList[].output
            </code>
             - 输出结果，包含执行后的数据
          </li>
          <li>
            <code>
              markdownRenderProps
            </code>
             - Markdown 渲染属性配置
          </li>
          <li>
            <code>
              markdownRenderProps.eleItemRender
            </code>
             - 元素项渲染函数，自定义渲染逻辑
          </li>
          <li>
            <code>
              ele
            </code>
             - 元素对象，传递给渲染函数
          </li>
          <li>
            <code>
              defaultDom
            </code>
             - 默认 DOM 元素，传递给渲染函数
          </li>
        </ul>
      </div>
    </div>
  </div>
</DocumentFragment>