<DocumentFragment>
  <div
    class="ant-app"
  >
    <div>
      test
    </div>
    <div
      style="padding: 20px; height: 100vh; display: flex; flex-direction: column;"
    >
      <h2
        class="ant-typography"
      >
        TocHeading 简单测试
      </h2>
      <div
        class="ant-card ant-card-bordered"
        style="margin-bottom: 16px;"
      >
        <div
          class="ant-card-body"
        >
          <div
            class="ant-space ant-space-vertical ant-space-gap-row-small ant-space-gap-col-small"
            style="width: 100%;"
          >
            <div
              class="ant-space-item"
            >
              <div
                class="ant-typography"
              >
                这个演示页面用于测试 TocHeading 组件的 Anchor 渲染效果。 右侧应该显示目录，点击目录链接可以定位到对应的标题。
              </div>
            </div>
            <div
              class="ant-space-item"
            >
              <div
                class="ant-space ant-space-horizontal ant-space-align-center ant-space-gap-row-small ant-space-gap-col-small"
              >
                <div
                  class="ant-space-item"
                >
                  <button
                    class="ant-btn ant-btn-primary ant-btn-color-primary ant-btn-variant-solid"
                    type="button"
                  >
                    <span>
                      测试 Anchor 信息
                    </span>
                  </button>
                </div>
                <div
                  class="ant-space-item"
                >
                  <button
                    class="ant-btn ant-btn-default ant-btn-color-default ant-btn-variant-outlined"
                    type="button"
                  >
                    <span>
                      测试滚动效果
                    </span>
                  </button>
                </div>
              </div>
            </div>
            <div
              class="ant-space-item"
            >
              <div
                class="ant-typography ant-typography-secondary"
              >
                打开浏览器开发者工具的控制台查看测试结果。
              </div>
            </div>
          </div>
        </div>
      </div>
      <div>
        <div
          data-length="1185"
          data-testid="md-editor"
        >
          MarkdownEditor(Mock)
        </div>
      </div>
      <div
        class="ant-card ant-card-bordered"
        style="margin-bottom: 16px;"
      >
        <div
          class="ant-card-body"
        >
          这个演示页面用于测试 TocHeading 组件的 Anchor 渲染效果。 右侧应该显示目录，点击目录链接可以定位到对应的标题。 这个演示页面用于测试 TocHeading 组件的 Anchor 渲染效果。 右侧应该显示目录，点击目录链接可以定位到对应的标题。 这个演示页面用于测试 TocHeading 组件的 Anchor 渲染效果。 右侧应该显示目录，点击目录链接可以定位到对应的标题。 这个演示页面用于测试 TocHeading 组件的 Anchor 渲染效果。 右侧应该显示目录，点击目录链接可以定位到对应的标题。 这个演示页面用于测试 TocHeading 组件的 Anchor 渲染效果。 右侧应该显示目录，点击目录链接可以定位到对应的标题。 这个演示页面用于测试 TocHeading 组件的 Anchor 渲染效果。 右侧应该显示目录，点击目录链接可以定位到对应的标题。 这个演示页面用于测试 TocHeading 组件的 Anchor 渲染效果。 右侧应该显示目录，点击目录链接可以定位到对应的标题。 这个演示页面用于测试 TocHeading 组件的 Anchor 渲染效果。 右侧应该显示目录，点击目录链接可以定位到对应的标题。 这个演示页面用于测试 TocHeading 组件的 Anchor 渲染效果。 右侧应该显示目录，点击目录链接可以定位到对应的标题。 这个演示页面用于测试 TocHeading 组件的 Anchor 渲染效果。 右侧应该显示目录，点击目录链接可以定位到对应的标题。 这个演示页面用于测试 TocHeading 组件的 Anchor 渲染效果。 右侧应该显示目录，点击目录链接可以定位到对应的标题。 这个演示页面用于测试 TocHeading 组件的 Anchor 渲染效果。 右侧应该显示目录，点击目录链接可以定位到对应的标题。 这个演示页面用于测试 TocHeading 组件的 Anchor 渲染效果。 右侧应该显示目录，点击目录链接可以定位到对应的标题。 这个演示页面用于测试 TocHeading 组件的 Anchor 渲染效果。 右侧应该显示目录，点击目录链接可以定位到对应的标题。 这个演示页面用于测试 TocHeading 组件的 Anchor 渲染效果。 右侧应该显示目录，点击目录链接可以定位到对应的标题。 这个演示页面用于测试 TocHeading 组件的 Anchor 渲染效果。 右侧应该显示目录，点击目录链接可以定位到对应的标题。 这个演示页面用于测试 TocHeading 组件的 Anchor 渲染效果。 右侧应该显示目录，点击目录链接可以定位到对应的标题。 这个演示页面用于测试 TocHeading 组件的 Anchor 渲染效果。 右侧应该显示目录，点击目录链接可以定位到对应的标题。 这个演示页面用于测试 TocHeading 组件的 Anchor 渲染效果。 右侧应该显示目录，点击目录链接可以定位到对应的标题。 这个演示页面用于测试 TocHeading 组件的 Anchor 渲染效果。 右侧应该显示目录，点击目录链接可以定位到对应的标题。 这个演示页面用于测试 TocHeading 组件的 Anchor 渲染效果。 右侧应该显示目录，点击目录链接可以定位到对应的标题。 这个演示页面用于测试 TocHeading 组件的 Anchor 渲染效果。 右侧应该显示目录，点击目录链接可以定位到对应的标题。 这个演示页面用于测试 TocHeading 组件的 Anchor 渲染效果。 右侧应该显示目录，点击目录链接可以定位到对应的标题。 这个演示页面用于测试 TocHeading 组件的 Anchor 渲染效果。 右侧应该显示目录，点击目录链接可以定位到对应的标题。 这个演示页面用于测试 TocHeading 组件的 Anchor 渲染效果。 右侧应该显示目录，点击目录链接可以定位到对应的标题。 这个演示页面用于测试 TocHeading 组件的 Anchor 渲染效果。 右侧应该显示目录，点击目录链接可以定位到对应的标题。 这个演示页面用于测试 TocHeading 组件的 Anchor 渲染效果。 右侧应该显示目录，点击目录链接可以定位到对应的标题。 这个演示页面用于测试 TocHeading 组件的 Anchor 渲染效果。 右侧应该显示目录，点击目录链接可以定位到对应的标题。 这个演示页面用于测试 TocHeading 组件的 Anchor 渲染效果。 右侧应该显示目录，点击目录链接可以定位到对应的标题。 这个演示页面用于测试 TocHeading 组件的 Anchor 渲染效果。 右侧应该显示目录，点击目录链接可以定位到对应的标题。 这个演示页面用于测试 TocHeading 组件的 Anchor 渲染效果。 右侧应该显示目录，点击目录链接可以定位到对应的标题。 这个演示页面用于测试 TocHeading 组件的 Anchor 渲染效果。 右侧应该显示目录，点击目录链接可以定位到对应的标题。 这个演示页面用于测试 TocHeading 组件的 Anchor 渲染效果。 右侧应该显示目录，点击目录链接可以定位到对应的标题。 这个演示页面用于测试 TocHeading 组件的 Anchor 渲染效果。 右侧应该显示目录，点击目录链接可以定位到对应的标题。 这个演示页面用于测试 TocHeading 组件的 Anchor 渲染效果。 右侧应该显示目录，点击目录链接可以定位到对应的标题。 这个演示页面用于测试 TocHeading 组件的 Anchor 渲染效果。 右侧应该显示目录，点击目录链接可以定位到对应的标题。 这个演示页面用于测试 TocHeading 组件的 Anchor 渲染效果。 右侧应该显示目录，点击目录链接可以定位到对应的标题。 这个演示页面用于测试 TocHeading 组件的 Anchor 渲染效果。 右侧应该显示目录，点击目录链接可以定位到对应的标题。 这个演示页面用于测试 TocHeading 组件的 Anchor 渲染效果。 右侧应该显示目录，点击目录链接可以定位到对应的标题。 这个演示页面用于测试 TocHeading 组件的 Anchor 渲染效果。 右侧应该显示目录，点击目录链接可以定位到对应的标题。 这个演示页面用于测试 TocHeading 组件的 Anchor 渲染效果。 右侧应该显示目录，点击目录链接可以定位到对应的标题。 这个演示页面用于测试 TocHeading 组件的 Anchor 渲染效果。 右侧应该显示目录，点击目录链接可以定位到对应的标题。 这个演示页面用于测试 TocHeading 组件的 Anchor 渲染效果。 右侧应该显示目录，点击目录链接可以定位到对应的标题。 这个演示页面用于测试 TocHeading 组件的 Anchor 渲染效果。 右侧应该显示目录，点击目录链接可以定位到对应的标题。 这个演示页面用于测试 TocHeading 组件的 Anchor 渲染效果。 右侧应该显示目录，点击目录链接可以定位到对应的标题。 这个演示页面用于测试 TocHeading 组件的 Anchor 渲染效果。 右侧应该显示目录，点击目录链接可以定位到对应的标题。 这个演示页面用于测试 TocHeading 组件的 Anchor 渲染效果。 右侧应该显示目录，点击目录链接可以定位到对应的标题。 这个演示页面用于测试 TocHeading 组件的 Anchor 渲染效果。 右侧应该显示目录，点击目录链接可以定位到对应的标题。 这个演示页面用于测试 TocHeading 组件的 Anchor 渲染效果。 右侧应该显示目录，点击目录链接可以定位到对应的标题。 这个演示页面用于测试 TocHeading 组件的 Anchor 渲染效果。 右侧应该显示目录，点击目录链接可以定位到对应的标题。 这个演示页面用于测试 TocHeading 组件的 Anchor 渲染效果。 右侧应该显示目录，点击目录链接可以定位到对应的标题。 这个演示页面用于测试 TocHeading 组件的 Anchor 渲染效果。 右侧应该显示目录，点击目录链接可以定位到对应的标题。 这个演示页面用于测试 TocHeading 组件的 Anchor 渲染效果。 右侧应该显示目录，点击目录链接可以定位到对应的标题。 这个演示页面用于测试 TocHeading 组件的 Anchor 渲染效果。 右侧应该显示目录，点击目录链接可以定位到对应的标题。 这个演示页面用于测试 TocHeading 组件的 Anchor 渲染效果。 右侧应该显示目录，点击目录链接可以定位到对应的标题。 这个演示页面用于测试 TocHeading 组件的 Anchor 渲染效果。 右侧应该显示目录，点击目录链接可以定位到对应的标题。 这个演示页面用于测试 TocHeading 组件的 Anchor 渲染效果。 右侧应该显示目录，点击目录链接可以定位到对应的标题。 这个演示页面用于测试 TocHeading 组件的 Anchor 渲染效果。 右侧应该显示目录，点击目录链接可以定位到对应的标题。 这个演示页面用于测试 TocHeading 组件的 Anchor 渲染效果。 右侧应该显示目录，点击目录链接可以定位到对应的标题。 这个演示页面用于测试 TocHeading 组件的 Anchor 渲染效果。 右侧应该显示目录，点击目录链接可以定位到对应的标题。 这个演示页面用于测试 TocHeading 组件的 Anchor 渲染效果。 右侧应该显示目录，点击目录链接可以定位到对应的标题。 这个演示页面用于测试 TocHeading 组件的 Anchor 渲染效果。 右侧应该显示目录，点击目录链接可以定位到对应的标题。 这个演示页面用于测试 TocHeading 组件的 Anchor 渲染效果。 右侧应该显示目录，点击目录链接可以定位到对应的标题。 这个演示页面用于测试 TocHeading 组件的 Anchor 渲染效果。 右侧应该显示目录，点击目录链接可以定位到对应的标题。
        </div>
      </div>
    </div>
  </div>
</DocumentFragment>