<DocumentFragment>
  <div
    class="ant-app"
  >
    <div>
      test
    </div>
    <div
      style="padding: 20px;"
    >
      <h1>
        toMarkdown 插件演示
      </h1>
      <div
        style="margin-bottom: 20px;"
      >
        <button
          style="padding: 8px 16px; background-color: rgb(24, 144, 255); color: white; border-radius: 4px; cursor: pointer;"
        >
          导出 Markdown
        </button>
      </div>
      <div
        style="border: 1px solid rgb(217, 217, 217); border-radius: 6px;"
      >
        <div
          class="markdown-editor ant-md-editor ant-md-editor-edit"
          style="width: 400px; height: auto; display: flex; flex-direction: column; max-height: 100%;"
        >
          <div
            style="padding: 12px 20px; overflow: auto; display: flex; height: 100%; position: relative; gap: 24px; outline: none;"
            tabindex="-1"
          >
            <div
              aria-multiline="true"
              autocapitalize="false"
              autocorrect="false"
              class="ant-md-editor-content-focus ant-md-editor-content ant-md-editor-content-edit"
              contenteditable="true"
              data-slate-editor="true"
              data-slate-node="value"
              role="textbox"
              spellcheck="false"
              style="position: relative; white-space: pre-wrap; word-wrap: break-word; font-size: 14px;"
              zindex="-1"
            >
              <div
                data-slate-node="element"
                data-testid="markdown-heading"
                id="tomarkdown-插件演示"
                style="font-size: 1.5em; font-weight: 600; line-height: 1.25; margin-top: 1em; margin-bottom: 1em;"
              >
                <span
                  data-slate-node="text"
                >
                  <span
                    data-be="text"
                    data-slate-leaf="true"
                    draggable="false"
                  >
                    <span
                      data-slate-string="true"
                    >
                      toMarkdown 插件演示
                    </span>
                  </span>
                </span>
              </div>
              <div
                class="ant-md-editor-drag-el"
                data-be="paragraph"
                data-slate-node="element"
              >
                <span
                  data-slate-node="text"
                >
                  <span
                    data-be="text"
                    data-slate-leaf="true"
                    draggable="false"
                  >
                    <span
                      data-slate-string="true"
                    >
                      这个演示展示了如何使用 toMarkdown 插件来自定义 Markdown 输出格式。
                    </span>
                  </span>
                </span>
              </div>
              <div
                data-slate-node="element"
                data-testid="markdown-heading"
                id="警告代码块"
                style="font-size: 1.375em; font-weight: 600; line-height: 1.25; margin-top: 1em; margin-bottom: 1em;"
              >
                <span
                  data-slate-node="text"
                >
                  <span
                    data-be="text"
                    data-slate-leaf="true"
                    draggable="false"
                  >
                    <span
                      data-slate-string="true"
                    >
                      警告代码块
                    </span>
                  </span>
                </span>
              </div>
              <div
                class="ant-md-editor-drag-el"
                data-be="paragraph"
                data-slate-node="element"
              >
                <span
                  data-slate-node="text"
                >
                  <span
                    data-be="text"
                    data-slate-leaf="true"
                    draggable="false"
                  >
                    <span
                      data-slate-string="true"
                    >
                      下面是一个警告代码块，它会被特殊处理：
                    </span>
                  </span>
                </span>
              </div>
              <div
                data-slate-node="element"
                style="border: 2px solid rgb(255, 107, 107); border-radius: 8px; padding: 16px; background-color: rgb(255, 245, 245); margin: 16px 0px;"
              >
                <div
                  style="color: rgb(255, 107, 107); font-weight: bold; margin-bottom: 8px; font-size: 14px;"
                >
                  ⚠️ 警告
                </div>
                <pre
                  style="margin: 0px; font-family: monospace; color: rgb(51, 51, 51); white-space: pre-wrap;"
                >
                  这是一个重要的警告信息！
请仔细阅读并遵循相关指导。
系统可能会因为不当操作而出现问题。
                </pre>
                <span
                  data-slate-node="text"
                >
                  <span
                    data-be="text"
                    data-slate-leaf="true"
                    draggable="false"
                  >
                    <span
                      data-slate-string="true"
                    >
                      这是一个重要的警告信息！
请仔细阅读并遵循相关指导。
系统可能会因为不当操作而出现问题。
                    </span>
                  </span>
                </span>
              </div>
              <div
                data-slate-node="element"
                data-testid="markdown-heading"
                id="提示引用块"
                style="font-size: 1.375em; font-weight: 600; line-height: 1.25; margin-top: 1em; margin-bottom: 1em;"
              >
                <span
                  data-slate-node="text"
                >
                  <span
                    data-be="text"
                    data-slate-leaf="true"
                    draggable="false"
                  >
                    <span
                      data-slate-string="true"
                    >
                      提示引用块
                    </span>
                  </span>
                </span>
              </div>
              <span
                data-slate-node="text"
              >
                <span
                  data-be="text"
                  data-slate-leaf="true"
                  draggable="false"
                >
                  <span
                    data-slate-string="true"
                  />
                </span>
              </span>
              <div
                data-slate-node="element"
                data-testid="markdown-heading"
                id="普通内容"
                style="font-size: 1.375em; font-weight: 600; line-height: 1.25; margin-top: 1em; margin-bottom: 1em;"
              >
                <span
                  data-slate-node="text"
                >
                  <span
                    data-be="text"
                    data-slate-leaf="true"
                    draggable="false"
                  >
                    <span
                      data-slate-string="true"
                    >
                      普通内容
                    </span>
                  </span>
                </span>
              </div>
              <div
                class="ant-md-editor-drag-el"
                data-be="paragraph"
                data-slate-node="element"
              >
                <span
                  data-slate-node="text"
                >
                  <span
                    data-be="text"
                    data-slate-leaf="true"
                    draggable="false"
                  >
                    <span
                      data-slate-string="true"
                    >
                      这些是普通的内容，不会被插件特殊处理：
                    </span>
                  </span>
                </span>
              </div>
              <div
                data-slate-node="element"
              >
                <div
                  class="ace-el drag-el"
                  contenteditable="false"
                  data-be="code"
                  data-lang="javascript"
                  tabindex="-1"
                >
                  <div
                    contenteditable="false"
                    style="background-color: transparent; user-select: none;"
                  >
                    <div
                      class="ace-container drag-el "
                      style="box-sizing: border-box; background-color: rgb(252, 252, 252); max-height: 400px; overflow: auto; position: relative; height: auto; opacity: 1; border: 1px solid rgb(231, 233, 232); transition: border-color 0.2s ease-in-out;"
                    >
                      <div
                        contenteditable="false"
                        style="height: 0px; width: 100%; position: sticky; left: 0px; top: 0px; display: flex; align-items: center; justify-content: flex-end; padding-right: 0.375em; z-index: 50; box-sizing: border-box; transition: all 0.2s ease-in-out;"
                      />
                      <div
                        style="height: 200px; line-height: 22px;"
                      />
                      <div
                        style="height: 0.5px; overflow: hidden; opacity: 0; pointer-events: none;"
                      >
                        console.log("这是普通的 JavaScript 代码");
                        <span
                          data-slate-node="text"
                        >
                          <span
                            data-be="text"
                            data-slate-leaf="true"
                            draggable="false"
                          >
                            <span
                              data-slate-string="true"
                            >
                              console.log("这是普通的 JavaScript 代码");
                            </span>
                          </span>
                        </span>
                      </div>
                    </div>
                  </div>
                </div>
              </div>
              <blockquote
                data-be="blockquote"
                data-slate-node="element"
              >
                <div
                  class="ant-md-editor-drag-el"
                  data-be="paragraph"
                  data-slate-node="element"
                >
                  <span
                    data-slate-node="text"
                  >
                    <span
                      data-be="text"
                      data-slate-leaf="true"
                      draggable="false"
                    >
                      <span
                        data-slate-string="true"
                      >
                        这是普通的引用块
不会被特殊处理
                      </span>
                    </span>
                  </span>
                </div>
              </blockquote>
              <div
                data-slate-node="element"
                data-testid="markdown-heading"
                id="说明"
                style="font-size: 1.375em; font-weight: 600; line-height: 1.25; margin-top: 1em; margin-bottom: 1em;"
              >
                <span
                  data-slate-node="text"
                >
                  <span
                    data-be="text"
                    data-slate-leaf="true"
                    draggable="false"
                  >
                    <span
                      data-slate-string="true"
                    >
                      说明
                    </span>
                  </span>
                </span>
              </div>
              <div
                class="ant-md-editor-list-container relative"
                data-be="list"
                data-slate-node="element"
              >
                <ul
                  class="ant-md-editor-list ul"
                >
                  <li
                    class="ant-md-editor-list-item"
                    data-be="list-item"
                    data-slate-node="element"
                  >
                    <div
                      class="ant-md-editor-drag-el"
                      data-be="paragraph"
                      data-slate-node="element"
                    >
                      <span
                        data-slate-node="text"
                      >
                        <span
                          data-be="text"
                          data-slate-leaf="true"
                          draggable="false"
                        >
                          <span
                            data-slate-string="true"
                          >
                            使用 
                          </span>
                        </span>
                      </span>
                      <span
                        data-slate-node="text"
                      >
                        <span
                          data-be="text"
                          data-slate-leaf="true"
                          draggable="false"
                        >
                          <code
                            class="ant-md-editor-content-inline-code"
                          >
                            <span
                              data-slate-string="true"
                            >
                              warning
                            </span>
                          </code>
                        </span>
                      </span>
                      <span
                        data-slate-node="text"
                      >
                        <span
                          data-be="text"
                          data-slate-leaf="true"
                          draggable="false"
                        >
                          <span
                            data-slate-string="true"
                          >
                             语言标识的代码块会被转换为警告框
                          </span>
                        </span>
                      </span>
                    </div>
                  </li>
                  <li
                    class="ant-md-editor-list-item"
                    data-be="list-item"
                    data-slate-node="element"
                  >
                    <div
                      class="ant-md-editor-drag-el"
                      data-be="paragraph"
                      data-slate-node="element"
                    >
                      <span
                        data-slate-node="text"
                      >
                        <span
                          data-be="text"
                          data-slate-leaf="true"
                          draggable="false"
                        >
                          <span
                            data-slate-string="true"
                          >
                            以 "💡 提示:" 开头的引用块会被转换为提示框
                          </span>
                        </span>
                      </span>
                    </div>
                  </li>
                  <li
                    class="ant-md-editor-list-item"
                    data-be="list-item"
                    data-slate-node="element"
                  >
                    <div
                      class="ant-md-editor-drag-el"
                      data-be="paragraph"
                      data-slate-node="element"
                    >
                      <span
                        data-slate-node="text"
                      >
                        <span
                          data-be="text"
                          data-slate-leaf="true"
                          draggable="false"
                        >
                          <span
                            data-slate-string="true"
                          >
                            其他内容保持原样
                          </span>
                        </span>
                      </span>
                    </div>
                  </li>
                  <li
                    class="ant-md-editor-list-item"
                    data-be="list-item"
                    data-slate-node="element"
                  >
                    <div
                      class="ant-md-editor-drag-el"
                      data-be="paragraph"
                      data-slate-node="element"
                    >
                      <span
                        data-slate-node="text"
                      >
                        <span
                          data-be="text"
                          data-slate-leaf="true"
                          draggable="false"
                        >
                          <span
                            data-slate-string="true"
                          >
                            导出 Markdown 时，自定义元素会被正确转换回原始格式
                          </span>
                        </span>
                      </span>
                    </div>
                  </li>
                </ul>
              </div>
              <div
                class="ant-md-editor-drag-el"
                data-be="paragraph"
                data-slate-node="element"
              >
                <span
                  data-slate-node="text"
                >
                  <span
                    data-be="text"
                    data-slate-leaf="true"
                    draggable="false"
                  >
                    <span
                      data-slate-length="0"
                      data-slate-zero-width="n"
                    >
                      ﻿
                      <br />
                    </span>
                  </span>
                </span>
              </div>
            </div>
            <div>
              <div
                class=""
              >
                <div
                  class="ant-anchor-wrapper"
                  style="max-height: min(calc(100vh - 180px), 70vh); min-width: 200px; overflow-y: auto; overflow-x: hidden; padding-right: 4px;"
                >
                  <div
                    class="ant-anchor"
                  >
                    <span
                      class="ant-anchor-ink"
                      style="top: 0px; height: 0px;"
                    />
                    <div
                      class="ant-anchor-link"
                    >
                      <a
                        class="ant-anchor-link-title"
                        href="#tomarkdown-插件演示"
                        title=""
                      >
                        <span
                          style="max-width: 200px; display: inline-block; overflow: hidden; text-overflow: ellipsis; white-space: nowrap; font-size: 14px;"
                        >
                          toMarkdown 插件演示
                        </span>
                      </a>
                      <div
                        class="ant-anchor-link"
                      >
                        <a
                          class="ant-anchor-link-title"
                          href="#警告代码块"
                          title=""
                        >
                          <span
                            style="max-width: 200px; display: inline-block; overflow: hidden; text-overflow: ellipsis; white-space: nowrap; font-size: 14px;"
                          >
                            警告代码块
                          </span>
                        </a>
                      </div>
                      <div
                        class="ant-anchor-link"
                      >
                        <a
                          class="ant-anchor-link-title"
                          href="#提示引用块"
                          title=""
                        >
                          <span
                            style="max-width: 200px; display: inline-block; overflow: hidden; text-overflow: ellipsis; white-space: nowrap; font-size: 14px;"
                          >
                            提示引用块
                          </span>
                        </a>
                      </div>
                      <div
                        class="ant-anchor-link"
                      >
                        <a
                          class="ant-anchor-link-title"
                          href="#普通内容"
                          title=""
                        >
                          <span
                            style="max-width: 200px; display: inline-block; overflow: hidden; text-overflow: ellipsis; white-space: nowrap; font-size: 14px;"
                          >
                            普通内容
                          </span>
                        </a>
                      </div>
                      <div
                        class="ant-anchor-link"
                      >
                        <a
                          class="ant-anchor-link-title"
                          href="#说明"
                          title=""
                        >
                          <span
                            style="max-width: 200px; display: inline-block; overflow: hidden; text-overflow: ellipsis; white-space: nowrap; font-size: 14px;"
                          >
                            说明
                          </span>
                        </a>
                      </div>
                    </div>
                  </div>
                </div>
              </div>
            </div>
          </div>
          <div
            class="ant-md-editor-focus"
            style="height: 64px;"
          />
        </div>
      </div>
    </div>
  </div>
</DocumentFragment>