<DocumentFragment>
  <div
    class="ant-app"
  >
    <div>
      test
    </div>
    <div
      style="padding: 20px;"
    >
      <h3>
        ToolUseBarThink 不同状态对比
      </h3>
      <div
        style="display: flex; gap: 16px; max-width: 100%;"
      >
        <div
          style="flex: 1 1 0%;"
        >
          <h4>
            Loading 状态
          </h4>
          <p
            style="font-size: 12px; color: rgb(102, 102, 102); margin-bottom: 8px;"
          >
            hover 显示浮动按钮
          </p>
          <div
            class="tool-use-bar-think tool-use-bar-think-expanded tool-use-bar-think-loading"
            data-testid="ToolUseBarThink"
          >
            <div
              class="tool-use-bar-think-bar "
              data-testid="tool-use-bar-think-bar"
            >
              <div
                class="tool-use-bar-think-header "
                data-testid="tool-use-bar-think-header"
              >
                <div
                  class="tool-use-bar-think-header-left "
                >
                  <div
                    class="tool-use-bar-think-image-wrapper "
                  >
                    <div
                      class="tool-use-bar-think-image "
                    >
                      <svg
                        fill="none"
                        height="14"
                        viewBox="0 0 14 14"
                        width="14"
                        xmlns="http://www.w3.org/2000/svg"
                      >
                        <defs>
                          <clippath
                            id="a"
                          >
                            <rect
                              height="14"
                              rx="0"
                              width="14"
                            />
                          </clippath>
                        </defs>
                        <g
                          clip-path="url(#a)"
                        >
                          <path
                            d="M6.66 12.627q.19-.178.34-.372.15.194.34.372.922.863 2.182.781 1.26-.082 2.063-1.057.68-.824.668-1.848 1.04-.748 1.154-2.091.11-1.301-.732-2.198.389-1.05-.086-2.134-.479-1.094-1.528-1.519-.097-.699-.608-1.245Q9.781.6 8.799.58q-.983-.02-1.684.668-.06.059-.115.12-.055-.061-.115-.12Q6.184.558 5.2.579q-.982.02-1.654.737-.511.546-.608 1.245-1.05.425-1.528 1.519-.475 1.084-.086 2.134-.842.897-.732 2.198.113 1.343 1.154 2.091-.011 1.024.668 1.848.802.975 2.063 1.057 1.26.082 2.182-.781zm-.243-5.038V10.5q-.002.757-.554 1.275-.554.518-1.31.469-.756-.05-1.238-.634-.22-.268-.32-.57.25.043.505.043a.583.583 0 000-1.166q-.452 0-.847-.218L2.64 9.69q-.806-.454-.883-1.376-.077-.912.624-1.493a.599.599 0 00.016-.013q.12-.097.256-.173a.584.584 0 00-.303-1.093q-.09-.49.13-.994.212-.484.61-.75.06.147.14.285a.583.583 0 101.01-.583q-.143-.248-.154-.534l-.001-.01q-.019-.486.314-.842.336-.359.828-.369.49-.01.841.334.351.345.35.838v2.318q-.038.608-.405 1.097-.371.496-.956.701a.583.583 0 00.388 1.1q.545-.191.973-.544zm1.166 0V10.5q.001.757.554 1.275.553.518 1.31.469.756-.05 1.237-.634.22-.268.32-.57-.25.043-.504.043a.583.583 0 110-1.166q.45 0 .843-.216a.494.494 0 01.018-.01q.805-.455.883-1.377.077-.912-.624-1.493a.523.523 0 01-.017-.013q-.12-.098-.256-.173a.583.583 0 01.304-1.093q.09-.49-.13-.994-.213-.484-.61-.75-.06.147-.14.285a.583.583 0 11-1.01-.583q.137-.237.154-.51v-.026q.022-.491-.314-.85-.335-.359-.827-.369-.491-.01-.842.334-.35.345-.349.838v2.316q.038.61.405 1.1.371.495.956.7a.583.583 0 01-.388 1.1q-.545-.191-.973-.544z"
                            fill="currentColor"
                            fill-rule="evenodd"
                          />
                        </g>
                      </svg>
                    </div>
                  </div>
                  <div
                    class="tool-use-bar-think-name "
                  >
                    思考中...
                  </div>
                </div>
              </div>
              <div
                class="tool-use-bar-think-target "
              >
                分析需求
              </div>
              <div
                class="tool-use-bar-think-time "
              >
                2.3s
              </div>
              <div
                class="tool-use-bar-think-expand "
              >
                <svg
                  fill="none"
                  height="14"
                  viewBox="0 0 14 14"
                  width="14"
                  xmlns="http://www.w3.org/2000/svg"
                >
                  <defs>
                    <clippath
                      id="a"
                    >
                      <rect
                        height="14"
                        rx="0"
                        width="14"
                      />
                    </clippath>
                  </defs>
                  <g
                    clip-path="url(#a)"
                  >
                    <path
                      d="M9.504 5.662L7 3.158 4.496 5.662a.584.584 0 11-.825-.824L6.588 1.92a.583.583 0 01.824 0l2.917 2.917a.583.583 0 01-.825.824zM7 10.842L4.496 8.338a.583.583 0 10-.825.824l2.917 2.917a.583.583 0 00.824 0l2.917-2.916a.584.584 0 10-.825-.825L7 10.842z"
                      fill="currentColor"
                      fill-rule="evenodd"
                    />
                  </g>
                </svg>
              </div>
            </div>
            <div
              class="tool-use-bar-think-container tool-use-bar-think-container-loading"
              data-testid="tool-use-bar-think-container"
              style="height: 1px; padding: 0px; margin: 0px; overflow: hidden; min-height: 0; visibility: hidden;"
            >
              <div
                class="tool-use-bar-think-content"
              >
                <div
                  style="padding: 12px;"
                >
                  <p>
                    思考过程内容：
                  </p>
                  <ul>
                    <li>
                      分析用户需求
                    </li>
                    <li>
                      制定解决方案
                    </li>
                    <li>
                      评估可行性
                    </li>
                  </ul>
                </div>
              </div>
            </div>
          </div>
        </div>
        <div
          style="flex: 1 1 0%;"
        >
          <h4>
            Success 状态
          </h4>
          <p
            style="font-size: 12px; color: rgb(102, 102, 102); margin-bottom: 8px;"
          >
            无浮动按钮
          </p>
          <div
            class="tool-use-bar-think tool-use-bar-think-expanded"
            data-testid="ToolUseBarThink"
          >
            <div
              class="tool-use-bar-think-bar "
              data-testid="tool-use-bar-think-bar"
            >
              <div
                class="tool-use-bar-think-header "
                data-testid="tool-use-bar-think-header"
              >
                <div
                  class="tool-use-bar-think-header-left "
                >
                  <div
                    class="tool-use-bar-think-image-wrapper "
                  >
                    <div
                      class="tool-use-bar-think-image "
                    >
                      <svg
                        fill="none"
                        height="14"
                        viewBox="0 0 14 14"
                        width="14"
                        xmlns="http://www.w3.org/2000/svg"
                      >
                        <defs>
                          <clippath
                            id="a"
                          >
                            <rect
                              height="14"
                              rx="0"
                              width="14"
                            />
                          </clippath>
                        </defs>
                        <g
                          clip-path="url(#a)"
                        >
                          <path
                            d="M6.66 12.627q.19-.178.34-.372.15.194.34.372.922.863 2.182.781 1.26-.082 2.063-1.057.68-.824.668-1.848 1.04-.748 1.154-2.091.11-1.301-.732-2.198.389-1.05-.086-2.134-.479-1.094-1.528-1.519-.097-.699-.608-1.245Q9.781.6 8.799.58q-.983-.02-1.684.668-.06.059-.115.12-.055-.061-.115-.12Q6.184.558 5.2.579q-.982.02-1.654.737-.511.546-.608 1.245-1.05.425-1.528 1.519-.475 1.084-.086 2.134-.842.897-.732 2.198.113 1.343 1.154 2.091-.011 1.024.668 1.848.802.975 2.063 1.057 1.26.082 2.182-.781zm-.243-5.038V10.5q-.002.757-.554 1.275-.554.518-1.31.469-.756-.05-1.238-.634-.22-.268-.32-.57.25.043.505.043a.583.583 0 000-1.166q-.452 0-.847-.218L2.64 9.69q-.806-.454-.883-1.376-.077-.912.624-1.493a.599.599 0 00.016-.013q.12-.097.256-.173a.584.584 0 00-.303-1.093q-.09-.49.13-.994.212-.484.61-.75.06.147.14.285a.583.583 0 101.01-.583q-.143-.248-.154-.534l-.001-.01q-.019-.486.314-.842.336-.359.828-.369.49-.01.841.334.351.345.35.838v2.318q-.038.608-.405 1.097-.371.496-.956.701a.583.583 0 00.388 1.1q.545-.191.973-.544zm1.166 0V10.5q.001.757.554 1.275.553.518 1.31.469.756-.05 1.237-.634.22-.268.32-.57-.25.043-.504.043a.583.583 0 110-1.166q.45 0 .843-.216a.494.494 0 01.018-.01q.805-.455.883-1.377.077-.912-.624-1.493a.523.523 0 01-.017-.013q-.12-.098-.256-.173a.583.583 0 01.304-1.093q.09-.49-.13-.994-.213-.484-.61-.75-.06.147-.14.285a.583.583 0 11-1.01-.583q.137-.237.154-.51v-.026q.022-.491-.314-.85-.335-.359-.827-.369-.491-.01-.842.334-.35.345-.349.838v2.316q.038.61.405 1.1.371.495.956.7a.583.583 0 01-.388 1.1q-.545-.191-.973-.544z"
                            fill="currentColor"
                            fill-rule="evenodd"
                          />
                        </g>
                      </svg>
                    </div>
                  </div>
                  <div
                    class="tool-use-bar-think-name "
                  >
                    思考完成
                  </div>
                </div>
              </div>
              <div
                class="tool-use-bar-think-target "
              >
                分析需求
              </div>
              <div
                class="tool-use-bar-think-time "
              >
                2.3s
              </div>
              <div
                class="tool-use-bar-think-expand "
              >
                <svg
                  fill="none"
                  height="14"
                  viewBox="0 0 14 14"
                  width="14"
                  xmlns="http://www.w3.org/2000/svg"
                >
                  <defs>
                    <clippath
                      id="a"
                    >
                      <rect
                        height="14"
                        rx="0"
                        width="14"
                      />
                    </clippath>
                  </defs>
                  <g
                    clip-path="url(#a)"
                  >
                    <path
                      d="M9.504 5.662L7 3.158 4.496 5.662a.584.584 0 11-.825-.824L6.588 1.92a.583.583 0 01.824 0l2.917 2.917a.583.583 0 01-.825.824zM7 10.842L4.496 8.338a.583.583 0 10-.825.824l2.917 2.917a.583.583 0 00.824 0l2.917-2.916a.584.584 0 10-.825-.825L7 10.842z"
                      fill="currentColor"
                      fill-rule="evenodd"
                    />
                  </g>
                </svg>
              </div>
            </div>
            <div
              class="tool-use-bar-think-container"
              data-testid="tool-use-bar-think-container"
              style="height: 1px; padding: 0px; margin: 0px; overflow: hidden; min-height: 0; visibility: hidden;"
            >
              <div
                class="tool-use-bar-think-content"
              >
                <div
                  style="padding: 12px;"
                >
                  <p>
                    思考过程内容：
                  </p>
                  <ul>
                    <li>
                      分析用户需求
                    </li>
                    <li>
                      制定解决方案
                    </li>
                    <li>
                      评估可行性
                    </li>
                  </ul>
                </div>
              </div>
            </div>
          </div>
        </div>
        <div
          style="flex: 1 1 0%;"
        >
          <h4>
            Error 状态
          </h4>
          <p
            style="font-size: 12px; color: rgb(102, 102, 102); margin-bottom: 8px;"
          >
            无浮动按钮
          </p>
          <div
            class="tool-use-bar-think tool-use-bar-think-expanded"
            data-testid="ToolUseBarThink"
          >
            <div
              class="tool-use-bar-think-bar "
              data-testid="tool-use-bar-think-bar"
            >
              <div
                class="tool-use-bar-think-header "
                data-testid="tool-use-bar-think-header"
              >
                <div
                  class="tool-use-bar-think-header-left "
                >
                  <div
                    class="tool-use-bar-think-image-wrapper "
                  >
                    <div
                      class="tool-use-bar-think-image "
                    >
                      <svg
                        fill="none"
                        height="14"
                        viewBox="0 0 14 14"
                        width="14"
                        xmlns="http://www.w3.org/2000/svg"
                      >
                        <defs>
                          <clippath
                            id="a"
                          >
                            <rect
                              height="14"
                              rx="0"
                              width="14"
                            />
                          </clippath>
                        </defs>
                        <g
                          clip-path="url(#a)"
                        >
                          <path
                            d="M6.66 12.627q.19-.178.34-.372.15.194.34.372.922.863 2.182.781 1.26-.082 2.063-1.057.68-.824.668-1.848 1.04-.748 1.154-2.091.11-1.301-.732-2.198.389-1.05-.086-2.134-.479-1.094-1.528-1.519-.097-.699-.608-1.245Q9.781.6 8.799.58q-.983-.02-1.684.668-.06.059-.115.12-.055-.061-.115-.12Q6.184.558 5.2.579q-.982.02-1.654.737-.511.546-.608 1.245-1.05.425-1.528 1.519-.475 1.084-.086 2.134-.842.897-.732 2.198.113 1.343 1.154 2.091-.011 1.024.668 1.848.802.975 2.063 1.057 1.26.082 2.182-.781zm-.243-5.038V10.5q-.002.757-.554 1.275-.554.518-1.31.469-.756-.05-1.238-.634-.22-.268-.32-.57.25.043.505.043a.583.583 0 000-1.166q-.452 0-.847-.218L2.64 9.69q-.806-.454-.883-1.376-.077-.912.624-1.493a.599.599 0 00.016-.013q.12-.097.256-.173a.584.584 0 00-.303-1.093q-.09-.49.13-.994.212-.484.61-.75.06.147.14.285a.583.583 0 101.01-.583q-.143-.248-.154-.534l-.001-.01q-.019-.486.314-.842.336-.359.828-.369.49-.01.841.334.351.345.35.838v2.318q-.038.608-.405 1.097-.371.496-.956.701a.583.583 0 00.388 1.1q.545-.191.973-.544zm1.166 0V10.5q.001.757.554 1.275.553.518 1.31.469.756-.05 1.237-.634.22-.268.32-.57-.25.043-.504.043a.583.583 0 110-1.166q.45 0 .843-.216a.494.494 0 01.018-.01q.805-.455.883-1.377.077-.912-.624-1.493a.523.523 0 01-.017-.013q-.12-.098-.256-.173a.583.583 0 01.304-1.093q.09-.49-.13-.994-.213-.484-.61-.75-.06.147-.14.285a.583.583 0 11-1.01-.583q.137-.237.154-.51v-.026q.022-.491-.314-.85-.335-.359-.827-.369-.491-.01-.842.334-.35.345-.349.838v2.316q.038.61.405 1.1.371.495.956.7a.583.583 0 01-.388 1.1q-.545-.191-.973-.544z"
                            fill="currentColor"
                            fill-rule="evenodd"
                          />
                        </g>
                      </svg>
                    </div>
                  </div>
                  <div
                    class="tool-use-bar-think-name "
                  >
                    思考失败
                  </div>
                </div>
              </div>
              <div
                class="tool-use-bar-think-target "
              >
                分析需求
              </div>
              <div
                class="tool-use-bar-think-time "
              >
                5.2s
              </div>
              <div
                class="tool-use-bar-think-expand "
              >
                <svg
                  fill="none"
                  height="14"
                  viewBox="0 0 14 14"
                  width="14"
                  xmlns="http://www.w3.org/2000/svg"
                >
                  <defs>
                    <clippath
                      id="a"
                    >
                      <rect
                        height="14"
                        rx="0"
                        width="14"
                      />
                    </clippath>
                  </defs>
                  <g
                    clip-path="url(#a)"
                  >
                    <path
                      d="M9.504 5.662L7 3.158 4.496 5.662a.584.584 0 11-.825-.824L6.588 1.92a.583.583 0 01.824 0l2.917 2.917a.583.583 0 01-.825.824zM7 10.842L4.496 8.338a.583.583 0 10-.825.824l2.917 2.917a.583.583 0 00.824 0l2.917-2.916a.584.584 0 10-.825-.825L7 10.842z"
                      fill="currentColor"
                      fill-rule="evenodd"
                    />
                  </g>
                </svg>
              </div>
            </div>
            <div
              class="tool-use-bar-think-container"
              data-testid="tool-use-bar-think-container"
              style="height: 1px; padding: 0px; margin: 0px; overflow: hidden; min-height: 0; visibility: hidden;"
            >
              <div
                class="tool-use-bar-think-content"
              >
                <div
                  style="padding: 12px;"
                >
                  <p>
                    思考过程内容：
                  </p>
                  <ul>
                    <li>
                      分析用户需求
                    </li>
                    <li>
                      制定解决方案
                    </li>
                    <li>
                      评估可行性
                    </li>
                  </ul>
                </div>
              </div>
            </div>
          </div>
        </div>
      </div>
    </div>
  </div>
</DocumentFragment>