<DocumentFragment>
  <div
    class="ant-app"
  >
    <div>
      test
    </div>
    <div
      style="padding: 24px;"
    >
      <h3>
        基础用法
      </h3>
      <div
        class="visual-list-container visual-list-default"
      >
        <ul
          class="visual-list "
        >
          <li
            class="visual-list-item"
          >
            <img
              alt="afc163"
              class="visual-list-image "
              src="https://avatars.githubusercontent.com/u/507615?s=40&v=4"
              title="afc163"
            />
          </li>
          <li
            class="visual-list-item"
          >
            <img
              alt="li-jia-nan"
              class="visual-list-image "
              src="https://avatars.githubusercontent.com/u/49217418?s=40&v=4"
              title="li-jia-nan"
            />
          </li>
          <li
            class="visual-list-item"
          >
            <img
              alt="MadCcc"
              class="visual-list-image "
              src="https://avatars.githubusercontent.com/u/27722486?s=40&v=4"
              title="MadCcc"
            />
          </li>
          <li
            class="visual-list-item"
          >
            <img
              alt="zombieJ"
              class="visual-list-image "
              src="https://avatars.githubusercontent.com/u/5378891?s=40&v=4"
              title="zombieJ"
            />
          </li>
          <li
            class="visual-list-item"
          >
            <img
              alt="benjycui"
              class="visual-list-image "
              src="https://avatars.githubusercontent.com/u/3580607?s=40&v=4"
              title="benjycui"
            />
          </li>
          <li
            class="visual-list-item"
          >
            <img
              alt="ycjcl868"
              class="visual-list-image "
              src="https://avatars.githubusercontent.com/u/13595509?s=40&v=4"
              title="ycjcl868"
            />
          </li>
          <li
            class="visual-list-item"
          >
            <img
              alt="coding-ice"
              class="visual-list-image "
              src="https://avatars.githubusercontent.com/u/49827327?s=40&v=4"
              title="coding-ice"
            />
          </li>
          <li
            class="visual-list-item"
          >
            <img
              alt="yesmeck"
              class="visual-list-image "
              src="https://avatars.githubusercontent.com/u/465125?s=40&v=4"
              title="yesmeck"
            />
          </li>
          <li
            class="visual-list-item"
          >
            <img
              alt="xrkffgg"
              class="visual-list-image "
              src="https://avatars.githubusercontent.com/u/29775873?s=40&v=4"
              title="xrkffgg"
            />
          </li>
          <li
            class="visual-list-item"
          >
            <img
              alt="hengkx"
              class="visual-list-image "
              src="https://avatars.githubusercontent.com/u/8358236?s=40&v=4"
              title="hengkx"
            />
          </li>
          <li
            class="visual-list-item"
          >
            <img
              alt="Wxh16144"
              class="visual-list-image "
              src="https://avatars.githubusercontent.com/u/32004925?s=40&v=4"
              title="Wxh16144"
            />
          </li>
          <li
            class="visual-list-item"
          >
            <img
              alt="kiner-tang"
              class="visual-list-image "
              src="https://avatars.githubusercontent.com/u/10286961?s=40&v=4"
              title="kiner-tang"
            />
          </li>
          <li
            class="visual-list-item"
          >
            <img
              alt="arvinxx"
              class="visual-list-image "
              src="https://avatars.githubusercontent.com/u/28616219?s=40&v=4"
              title="arvinxx"
            />
          </li>
          <li
            class="visual-list-item"
          >
            <img
              alt="ilanus"
              class="visual-list-image "
              src="https://avatars.githubusercontent.com/u/9677898?s=40&v=4"
              title="ilanus"
            />
          </li>
          <li
            class="visual-list-item"
          >
            <img
              alt="yoyo837"
              class="visual-list-image "
              src="https://avatars.githubusercontent.com/u/6134547?s=40&v=4"
              title="yoyo837"
            />
          </li>
          <li
            class="visual-list-item"
          >
            <img
              alt="PeachScript"
              class="visual-list-image "
              src="https://avatars.githubusercontent.com/u/5035925?s=40&v=4"
              title="PeachScript"
            />
          </li>
          <li
            class="visual-list-item"
          >
            <img
              alt="xiao11lang"
              class="visual-list-image "
              src="https://avatars.githubusercontent.com/u/33827620?s=40&v=4"
              title="xiao11lang"
            />
          </li>
          <li
            class="visual-list-item"
          >
            <img
              alt="zhangyanling77"
              class="visual-list-image "
              src="https://avatars.githubusercontent.com/u/19699453?s=40&v=4"
              title="zhangyanling77"
            />
          </li>
          <li
            class="visual-list-item"
          >
            <img
              alt="TrickyPi"
              class="visual-list-image "
              src="https://avatars.githubusercontent.com/u/33021497?s=40&v=4"
              title="TrickyPi"
            />
          </li>
          <li
            class="visual-list-item"
          >
            <img
              alt="zhangchao-wooc"
              class="visual-list-image "
              src="https://avatars.githubusercontent.com/u/56663373?s=40&v=4"
              title="zhangchao-wooc"
            />
          </li>
          <li
            class="visual-list-item"
          >
            <img
              alt="crazyair"
              class="visual-list-image "
              src="https://avatars.githubusercontent.com/u/7971419?s=40&v=4"
              title="crazyair"
            />
          </li>
          <li
            class="visual-list-item"
          >
            <img
              alt="snow-monster"
              class="visual-list-image "
              src="https://avatars.githubusercontent.com/u/20292202?s=40&v=4"
              title="snow-monster"
            />
          </li>
          <li
            class="visual-list-item"
          >
            <img
              alt="leixd1994"
              class="visual-list-image "
              src="https://avatars.githubusercontent.com/u/23328517?s=40&v=4"
              title="leixd1994"
            />
          </li>
          <li
            class="visual-list-item"
          >
            <img
              alt="Meet-student"
              class="visual-list-image "
              src="https://avatars.githubusercontent.com/u/59312002?s=40&v=4"
              title="Meet-student"
            />
          </li>
          <li
            class="visual-list-item"
          >
            <img
              alt="aojunhao123"
              class="visual-list-image "
              src="https://avatars.githubusercontent.com/u/82765353?s=40&v=4"
              title="aojunhao123"
            />
          </li>
          <li
            class="visual-list-item"
          >
            <img
              alt="zeroslope"
              class="visual-list-image "
              src="https://avatars.githubusercontent.com/u/10218146?s=40&v=4"
              title="zeroslope"
            />
          </li>
          <li
            class="visual-list-item"
          >
            <img
              alt="shifenhutu"
              class="visual-list-image "
              src="https://avatars.githubusercontent.com/u/104620424?s=40&v=4"
              title="shifenhutu"
            />
          </li>
          <li
            class="visual-list-item"
          >
            <img
              alt="user-xxy"
              class="visual-list-image "
              src="https://avatars.githubusercontent.com/u/55080157?s=40&v=4"
              title="user-xxy"
            />
          </li>
          <li
            class="visual-list-item"
          >
            <img
              alt="vagusX"
              class="visual-list-image "
              src="https://avatars.githubusercontent.com/u/6828924?s=40&v=4"
              title="vagusX"
            />
          </li>
          <li
            class="visual-list-item"
          >
            <img
              alt="AshoneA"
              class="visual-list-image "
              src="https://avatars.githubusercontent.com/u/22393991?s=40&v=4"
              title="AshoneA"
            />
          </li>
          <li
            class="visual-list-item"
          >
            <img
              alt="WynterDing"
              class="visual-list-image "
              src="https://avatars.githubusercontent.com/u/11213298?s=40&v=4"
              title="WynterDing"
            />
          </li>
          <li
            class="visual-list-item"
          >
            <img
              alt="heiyu4585"
              class="visual-list-image "
              src="https://avatars.githubusercontent.com/u/10607168?s=40&v=4"
              title="heiyu4585"
            />
          </li>
          <li
            class="visual-list-item"
          >
            <img
              alt="zqran"
              class="visual-list-image "
              src="https://avatars.githubusercontent.com/u/15389209?s=40&v=4"
              title="zqran"
            />
          </li>
          <li
            class="visual-list-item"
          >
            <img
              alt="chenshuai2144"
              class="visual-list-image "
              src="https://avatars.githubusercontent.com/u/8186664?s=40&v=4"
              title="chenshuai2144"
            />
          </li>
          <li
            class="visual-list-item"
          >
            <img
              alt="OysterD3"
              class="visual-list-image "
              src="https://avatars.githubusercontent.com/u/7383278?s=40&v=4"
              title="OysterD3"
            />
          </li>
          <li
            class="visual-list-item"
          >
            <img
              alt="yanceyou"
              class="visual-list-image "
              src="https://avatars.githubusercontent.com/u/16320418?s=40&v=4"
              title="yanceyou"
            />
          </li>
          <li
            class="visual-list-item"
          >
            <img
              alt="muzea"
              class="visual-list-image "
              src="https://avatars.githubusercontent.com/u/7843281?s=40&v=4"
              title="muzea"
            />
          </li>
          <li
            class="visual-list-item"
          >
            <img
              alt="jaredleechn"
              class="visual-list-image "
              src="https://avatars.githubusercontent.com/u/5318333?s=40&v=4"
              title="jaredleechn"
            />
          </li>
          <li
            class="visual-list-item"
          >
            <img
              alt="itellboy"
              class="visual-list-image "
              src="https://avatars.githubusercontent.com/u/17695267?s=40&v=4"
              title="itellboy"
            />
          </li>
          <li
            class="visual-list-item"
          >
            <img
              alt="yingxirz"
              class="visual-list-image "
              src="https://avatars.githubusercontent.com/u/24960043?s=40&v=4"
              title="yingxirz"
            />
          </li>
          <li
            class="visual-list-item"
          >
            <img
              alt="GeorgeHcc"
              class="visual-list-image "
              src="https://avatars.githubusercontent.com/u/72842677?s=40&v=4"
              title="GeorgeHcc"
            />
          </li>
          <li
            class="visual-list-item"
          >
            <img
              alt="ddcat1115"
              class="visual-list-image "
              src="https://avatars.githubusercontent.com/u/7017767?s=40&v=4"
              title="ddcat1115"
            />
          </li>
          <li
            class="visual-list-item"
          >
            <img
              alt="waywardmonkeys"
              class="visual-list-image "
              src="https://avatars.githubusercontent.com/u/178582?s=40&v=4"
              title="waywardmonkeys"
            />
          </li>
        </ul>
        <div
          style="width: 4px;"
        />
      </div>
      <h3
        style="margin-top: 24px;"
      >
        描述
      </h3>
      <div
        class="visual-list-container visual-list-default"
      >
        <ul
          class="visual-list "
        >
          <li
            class="visual-list-item visual-list-item-circle"
          >
            <img
              alt="afc163"
              class="visual-list-image "
              src="https://avatars.githubusercontent.com/u/507615?s=40&v=4"
              title="afc163"
            />
          </li>
          <li
            class="visual-list-item visual-list-item-circle"
          >
            <img
              alt="li-jia-nan"
              class="visual-list-image "
              src="https://avatars.githubusercontent.com/u/49217418?s=40&v=4"
              title="li-jia-nan"
            />
          </li>
          <li
            class="visual-list-item visual-list-item-circle"
          >
            <img
              alt="MadCcc"
              class="visual-list-image "
              src="https://avatars.githubusercontent.com/u/27722486?s=40&v=4"
              title="MadCcc"
            />
          </li>
          <li
            class="visual-list-item visual-list-item-circle"
          >
            <img
              alt="zombieJ"
              class="visual-list-image "
              src="https://avatars.githubusercontent.com/u/5378891?s=40&v=4"
              title="zombieJ"
            />
          </li>
          <li
            class="visual-list-item visual-list-item-circle"
          >
            <img
              alt="benjycui"
              class="visual-list-image "
              src="https://avatars.githubusercontent.com/u/3580607?s=40&v=4"
              title="benjycui"
            />
          </li>
          <li
            class="visual-list-item visual-list-item-circle"
          >
            <img
              alt="ycjcl868"
              class="visual-list-image "
              src="https://avatars.githubusercontent.com/u/13595509?s=40&v=4"
              title="ycjcl868"
            />
          </li>
          <li
            class="visual-list-item visual-list-item-circle"
          >
            <img
              alt="coding-ice"
              class="visual-list-image "
              src="https://avatars.githubusercontent.com/u/49827327?s=40&v=4"
              title="coding-ice"
            />
          </li>
          <li
            class="visual-list-item visual-list-item-circle"
          >
            <img
              alt="yesmeck"
              class="visual-list-image "
              src="https://avatars.githubusercontent.com/u/465125?s=40&v=4"
              title="yesmeck"
            />
          </li>
          <li
            class="visual-list-item visual-list-item-circle"
          >
            <img
              alt="xrkffgg"
              class="visual-list-image "
              src="https://avatars.githubusercontent.com/u/29775873?s=40&v=4"
              title="xrkffgg"
            />
          </li>
          <li
            class="visual-list-item visual-list-item-circle"
          >
            <img
              alt="hengkx"
              class="visual-list-image "
              src="https://avatars.githubusercontent.com/u/8358236?s=40&v=4"
              title="hengkx"
            />
          </li>
          <li
            class="visual-list-item visual-list-item-circle"
          >
            <img
              alt="Wxh16144"
              class="visual-list-image "
              src="https://avatars.githubusercontent.com/u/32004925?s=40&v=4"
              title="Wxh16144"
            />
          </li>
          <li
            class="visual-list-item visual-list-item-circle"
          >
            <img
              alt="kiner-tang"
              class="visual-list-image "
              src="https://avatars.githubusercontent.com/u/10286961?s=40&v=4"
              title="kiner-tang"
            />
          </li>
          <li
            class="visual-list-item visual-list-item-circle"
          >
            <img
              alt="arvinxx"
              class="visual-list-image "
              src="https://avatars.githubusercontent.com/u/28616219?s=40&v=4"
              title="arvinxx"
            />
          </li>
          <li
            class="visual-list-item visual-list-item-circle"
          >
            <img
              alt="ilanus"
              class="visual-list-image "
              src="https://avatars.githubusercontent.com/u/9677898?s=40&v=4"
              title="ilanus"
            />
          </li>
          <li
            class="visual-list-item visual-list-item-circle"
          >
            <img
              alt="yoyo837"
              class="visual-list-image "
              src="https://avatars.githubusercontent.com/u/6134547?s=40&v=4"
              title="yoyo837"
            />
          </li>
          <li
            class="visual-list-item visual-list-item-circle"
          >
            <img
              alt="PeachScript"
              class="visual-list-image "
              src="https://avatars.githubusercontent.com/u/5035925?s=40&v=4"
              title="PeachScript"
            />
          </li>
          <li
            class="visual-list-item visual-list-item-circle"
          >
            <img
              alt="xiao11lang"
              class="visual-list-image "
              src="https://avatars.githubusercontent.com/u/33827620?s=40&v=4"
              title="xiao11lang"
            />
          </li>
          <li
            class="visual-list-item visual-list-item-circle"
          >
            <img
              alt="zhangyanling77"
              class="visual-list-image "
              src="https://avatars.githubusercontent.com/u/19699453?s=40&v=4"
              title="zhangyanling77"
            />
          </li>
          <li
            class="visual-list-item visual-list-item-circle"
          >
            <img
              alt="TrickyPi"
              class="visual-list-image "
              src="https://avatars.githubusercontent.com/u/33021497?s=40&v=4"
              title="TrickyPi"
            />
          </li>
          <li
            class="visual-list-item visual-list-item-circle"
          >
            <img
              alt="zhangchao-wooc"
              class="visual-list-image "
              src="https://avatars.githubusercontent.com/u/56663373?s=40&v=4"
              title="zhangchao-wooc"
            />
          </li>
          <li
            class="visual-list-item visual-list-item-circle"
          >
            <img
              alt="crazyair"
              class="visual-list-image "
              src="https://avatars.githubusercontent.com/u/7971419?s=40&v=4"
              title="crazyair"
            />
          </li>
          <li
            class="visual-list-item visual-list-item-circle"
          >
            <img
              alt="snow-monster"
              class="visual-list-image "
              src="https://avatars.githubusercontent.com/u/20292202?s=40&v=4"
              title="snow-monster"
            />
          </li>
          <li
            class="visual-list-item visual-list-item-circle"
          >
            <img
              alt="leixd1994"
              class="visual-list-image "
              src="https://avatars.githubusercontent.com/u/23328517?s=40&v=4"
              title="leixd1994"
            />
          </li>
          <li
            class="visual-list-item visual-list-item-circle"
          >
            <img
              alt="Meet-student"
              class="visual-list-image "
              src="https://avatars.githubusercontent.com/u/59312002?s=40&v=4"
              title="Meet-student"
            />
          </li>
          <li
            class="visual-list-item visual-list-item-circle"
          >
            <img
              alt="aojunhao123"
              class="visual-list-image "
              src="https://avatars.githubusercontent.com/u/82765353?s=40&v=4"
              title="aojunhao123"
            />
          </li>
          <li
            class="visual-list-item visual-list-item-circle"
          >
            <img
              alt="zeroslope"
              class="visual-list-image "
              src="https://avatars.githubusercontent.com/u/10218146?s=40&v=4"
              title="zeroslope"
            />
          </li>
          <li
            class="visual-list-item visual-list-item-circle"
          >
            <img
              alt="shifenhutu"
              class="visual-list-image "
              src="https://avatars.githubusercontent.com/u/104620424?s=40&v=4"
              title="shifenhutu"
            />
          </li>
          <li
            class="visual-list-item visual-list-item-circle"
          >
            <img
              alt="user-xxy"
              class="visual-list-image "
              src="https://avatars.githubusercontent.com/u/55080157?s=40&v=4"
              title="user-xxy"
            />
          </li>
          <li
            class="visual-list-item visual-list-item-circle"
          >
            <img
              alt="vagusX"
              class="visual-list-image "
              src="https://avatars.githubusercontent.com/u/6828924?s=40&v=4"
              title="vagusX"
            />
          </li>
          <li
            class="visual-list-item visual-list-item-circle"
          >
            <img
              alt="AshoneA"
              class="visual-list-image "
              src="https://avatars.githubusercontent.com/u/22393991?s=40&v=4"
              title="AshoneA"
            />
          </li>
          <li
            class="visual-list-item visual-list-item-circle"
          >
            <img
              alt="WynterDing"
              class="visual-list-image "
              src="https://avatars.githubusercontent.com/u/11213298?s=40&v=4"
              title="WynterDing"
            />
          </li>
          <li
            class="visual-list-item visual-list-item-circle"
          >
            <img
              alt="heiyu4585"
              class="visual-list-image "
              src="https://avatars.githubusercontent.com/u/10607168?s=40&v=4"
              title="heiyu4585"
            />
          </li>
          <li
            class="visual-list-item visual-list-item-circle"
          >
            <img
              alt="zqran"
              class="visual-list-image "
              src="https://avatars.githubusercontent.com/u/15389209?s=40&v=4"
              title="zqran"
            />
          </li>
          <li
            class="visual-list-item visual-list-item-circle"
          >
            <img
              alt="chenshuai2144"
              class="visual-list-image "
              src="https://avatars.githubusercontent.com/u/8186664?s=40&v=4"
              title="chenshuai2144"
            />
          </li>
          <li
            class="visual-list-item visual-list-item-circle"
          >
            <img
              alt="OysterD3"
              class="visual-list-image "
              src="https://avatars.githubusercontent.com/u/7383278?s=40&v=4"
              title="OysterD3"
            />
          </li>
          <li
            class="visual-list-item visual-list-item-circle"
          >
            <img
              alt="yanceyou"
              class="visual-list-image "
              src="https://avatars.githubusercontent.com/u/16320418?s=40&v=4"
              title="yanceyou"
            />
          </li>
          <li
            class="visual-list-item visual-list-item-circle"
          >
            <img
              alt="muzea"
              class="visual-list-image "
              src="https://avatars.githubusercontent.com/u/7843281?s=40&v=4"
              title="muzea"
            />
          </li>
          <li
            class="visual-list-item visual-list-item-circle"
          >
            <img
              alt="jaredleechn"
              class="visual-list-image "
              src="https://avatars.githubusercontent.com/u/5318333?s=40&v=4"
              title="jaredleechn"
            />
          </li>
          <li
            class="visual-list-item visual-list-item-circle"
          >
            <img
              alt="itellboy"
              class="visual-list-image "
              src="https://avatars.githubusercontent.com/u/17695267?s=40&v=4"
              title="itellboy"
            />
          </li>
          <li
            class="visual-list-item visual-list-item-circle"
          >
            <img
              alt="yingxirz"
              class="visual-list-image "
              src="https://avatars.githubusercontent.com/u/24960043?s=40&v=4"
              title="yingxirz"
            />
          </li>
          <li
            class="visual-list-item visual-list-item-circle"
          >
            <img
              alt="GeorgeHcc"
              class="visual-list-image "
              src="https://avatars.githubusercontent.com/u/72842677?s=40&v=4"
              title="GeorgeHcc"
            />
          </li>
          <li
            class="visual-list-item visual-list-item-circle"
          >
            <img
              alt="ddcat1115"
              class="visual-list-image "
              src="https://avatars.githubusercontent.com/u/7017767?s=40&v=4"
              title="ddcat1115"
            />
          </li>
          <li
            class="visual-list-item visual-list-item-circle"
          >
            <img
              alt="waywardmonkeys"
              class="visual-list-image "
              src="https://avatars.githubusercontent.com/u/178582?s=40&v=4"
              title="waywardmonkeys"
            />
          </li>
        </ul>
        <div
          style="width: 4px;"
        />
        <div
          class="visual-list-description "
        >
          43个成员
        </div>
      </div>
      <div
        style="margin-top: 20px;"
      >
        <h4>
          Props 说明：
        </h4>
        <ul>
          <li>
            <strong>
              data
            </strong>
            : 图片数据数组，必需参数
          </li>
          <li>
            <strong>
              shape
            </strong>
            : 图片形状，可选 'default'、'circle'
          </li>
          <li>
            <strong>
              filter
            </strong>
            : 数据过滤函数，用于筛选显示的图片
          </li>
          <li>
            <strong>
              href
            </strong>
            : 如果提供，图片将变为可点击的链接
          </li>
        </ul>
      </div>
    </div>
  </div>
</DocumentFragment>