<DocumentFragment>
  <div
    class="ant-app"
  >
    <div>
      test
    </div>
    <div
      style="height: 520px; width: 100%;"
    >
      <div
        class="ant-workspace"
      >
        <div
          class="ant-workspace-header"
        >
          <div
            class="ant-workspace-title"
          >
            实时跟随空状态示例
          </div>
        </div>
        <div
          class="ant-workspace-tabs"
        >
          <div
            aria-label="segmented control"
            class="ant-segmented ant-workspace-segmented ant-segmented-block"
            role="radiogroup"
            tabindex="0"
          >
            <div
              class="ant-segmented-group"
            >
              <label
                class="ant-segmented-item ant-segmented-item-selected"
              >
                <input
                  class="ant-segmented-item-input"
                  name="test-id"
                  type="radio"
                />
                <div
                  aria-selected="true"
                  class="ant-segmented-item-label"
                >
                  <div
                    class="ant-workspace-tab-item"
                  >
                    <svg
                      fill="none"
                      height="16"
                      version="1.1"
                      viewBox="0 0 16 16"
                      width="16"
                      xmlns="http://www.w3.org/2000/svg"
                      xmlns:xlink="http://www.w3.org/1999/xlink"
                    >
                      <defs>
                        <clippath
                          id="master_svg0_754_14312/703_60809/184_06188/1_28042"
                        >
                          <rect
                            height="16"
                            rx="0"
                            width="16"
                            x="0"
                            y="0"
                          />
                        </clippath>
                      </defs>
                      <g
                        clip-path="url(#master_svg0_754_14312/703_60809/184_06188/1_28042)"
                      >
                        <g>
                          <path
                            d="M9.999993653087616,2.7333341706657412C9.999993653087616,2.916074170665741,9.924983653087615,3.090804170665741,9.792493653087616,3.216664170665741L8.459163653087616,4.48333417066574C8.335263653087615,4.601034170665741,8.170893653087617,4.666664170665741,7.999993653087616,4.666664170665741C7.631803653087616,4.666664170665741,7.333333653087616,4.368194170665741,7.333333653087616,4.000004170665741C7.333333653087616,3.817264170665741,7.408343653087616,3.642534170665741,7.540833653087616,3.516664170665741L8.874163653087615,2.2500041706657408C8.998063653087616,2.132294170665741,9.162433653087616,2.066664170665741,9.333333653087616,2.066664170665741C9.701523653087616,2.066664170665741,9.999993653087616,2.365144170665741,9.999993653087616,2.7333341706657412ZM3.577253653087616,4.690664170665741L1.6441636530876158,4.157404170665741C1.586167653087616,4.141404170665741,1.526535653087616,4.133324170665741,1.4666306530876159,4.133324170665741C1.098440653087616,4.133324170665741,0.799963653087616,4.431804170665741,0.799963653087616,4.799994170665741C0.799963653087616,5.099904170665741,1.000230653087616,5.3629041706657405,1.289344653087616,5.442654170665741L3.222223653087616,5.975864170665741C3.280423653087616,5.991924170665741,3.340053653087616,5.999994170665741,3.399963653087616,5.999994170665741C3.768153653087616,5.999994170665741,4.0666336530876155,5.701514170665741,4.0666336530876155,5.333324170665741C4.0666336530876155,5.033414170665741,3.8663636530876158,4.770424170665741,3.577253653087616,4.690664170665741ZM4.4833936530876155,8.45916417066574C4.601103653087616,8.335264170665742,4.666723653087616,8.17089417066574,4.666723653087616,7.999994170665741C4.666723653087616,7.631804170665741,4.368253653087616,7.333334170665741,4.000063653087616,7.333334170665741C3.817323653087616,7.333334170665741,3.642593653087616,7.408344170665741,3.516723653087616,7.540834170665741L2.250063653087616,8.874164170665741C2.132353653087616,8.99806417066574,2.066723653087616,9.16243417066574,2.066723653087616,9.333334170665742C2.066723653087616,9.70152417066574,2.365203653087616,9.99999417066574,2.733393653087616,9.99999417066574C2.916133653087616,9.99999417066574,3.090863653087616,9.924984170665741,3.216723653087616,9.79249417066574L4.4833936530876155,8.45916417066574ZM5.975853653087616,3.222314170665741L5.442683653087616,1.289594170665741C5.3628736530876155,1.000261170665741,5.099873653087616,0.799994170665741,4.799963653087616,0.799994170665741C4.431773653087616,0.799994170665741,4.133293653087616,1.098471170665741,4.133293653087616,1.4666611706657409C4.133293653087616,1.526566170665741,4.141373653087616,1.586198170665741,4.157303653087617,1.643947170665741L4.690633653087616,3.577284170665741C4.770393653087616,3.8663941706657408,5.033383653087616,4.0666641706657405,5.333293653087616,4.0666641706657405C5.701483653087616,4.0666641706657405,5.999963653087616,3.768184170665741,5.999963653087616,3.399994170665741C5.999963653087616,3.340084170665741,5.991893653087616,3.280454170665741,5.975853653087616,3.222314170665741ZM8.407633653087615,14.04579417066574L8.407033653087616,14.044294170665742L5.407633653087616,6.712424170665741Q5.1477836530876155,6.100434170665741,5.624103653087616,5.624104170665741Q6.100433653087616,5.147784170665741,6.720493653087616,5.411004170665741L14.045763653087615,8.407634170665741Q14.720463653087617,8.68440417066574,14.663763653087615,9.41079417066574Q14.607163653087616,10.13718417066574,13.898363653087616,10.305884170665742L10.999863653087615,10.999694170665741L10.306393653087616,13.898994170665741Q10.140023653087615,14.60809417066574,9.411133653087616,14.664794170665742Q8.683033653087616,14.721494170665741,8.407633653087615,14.04579417066574ZM6.641693653087616,6.207574170665741Q6.644033653087616,6.213074170665741,6.646183653087616,6.218544170665741L6.641693653087616,6.207574170665741ZM6.199503653087616,6.638334170665741Q6.2053336530876155,6.640804170665741,6.211123653087616,6.643084170665741L6.199503653087616,6.638334170665741ZM9.703113653087616,10.68824417066574L9.250013653087615,12.583494170665741L6.942213653087616,6.942174170665741L12.582863653087616,9.24976417066574L10.689473653087616,9.702984170665742Q9.894223653087616,9.892934170665741,9.703113653087616,10.68824417066574Z"
                            fill="#343A45"
                            fill-opacity="1"
                            fill-rule="evenodd"
                            style="mix-blend-mode: normal;"
                          />
                        </g>
                      </g>
                    </svg>
                    <span
                      class="ant-workspace-tab-title"
                    >
                      Markdown 空态
                    </span>
                  </div>
                </div>
              </label>
              <label
                class="ant-segmented-item"
              >
                <input
                  class="ant-segmented-item-input"
                  name="test-id"
                  type="radio"
                />
                <div
                  aria-selected="false"
                  class="ant-segmented-item-label"
                >
                  <div
                    class="ant-workspace-tab-item"
                  >
                    <svg
                      fill="none"
                      height="16"
                      version="1.1"
                      viewBox="0 0 16 16"
                      width="16"
                      xmlns="http://www.w3.org/2000/svg"
                      xmlns:xlink="http://www.w3.org/1999/xlink"
                    >
                      <defs>
                        <clippath
                          id="master_svg0_754_14312/703_60809/184_06188/1_28042"
                        >
                          <rect
                            height="16"
                            rx="0"
                            width="16"
                            x="0"
                            y="0"
                          />
                        </clippath>
                      </defs>
                      <g
                        clip-path="url(#master_svg0_754_14312/703_60809/184_06188/1_28042)"
                      >
                        <g>
                          <path
                            d="M9.999993653087616,2.7333341706657412C9.999993653087616,2.916074170665741,9.924983653087615,3.090804170665741,9.792493653087616,3.216664170665741L8.459163653087616,4.48333417066574C8.335263653087615,4.601034170665741,8.170893653087617,4.666664170665741,7.999993653087616,4.666664170665741C7.631803653087616,4.666664170665741,7.333333653087616,4.368194170665741,7.333333653087616,4.000004170665741C7.333333653087616,3.817264170665741,7.408343653087616,3.642534170665741,7.540833653087616,3.516664170665741L8.874163653087615,2.2500041706657408C8.998063653087616,2.132294170665741,9.162433653087616,2.066664170665741,9.333333653087616,2.066664170665741C9.701523653087616,2.066664170665741,9.999993653087616,2.365144170665741,9.999993653087616,2.7333341706657412ZM3.577253653087616,4.690664170665741L1.6441636530876158,4.157404170665741C1.586167653087616,4.141404170665741,1.526535653087616,4.133324170665741,1.4666306530876159,4.133324170665741C1.098440653087616,4.133324170665741,0.799963653087616,4.431804170665741,0.799963653087616,4.799994170665741C0.799963653087616,5.099904170665741,1.000230653087616,5.3629041706657405,1.289344653087616,5.442654170665741L3.222223653087616,5.975864170665741C3.280423653087616,5.991924170665741,3.340053653087616,5.999994170665741,3.399963653087616,5.999994170665741C3.768153653087616,5.999994170665741,4.0666336530876155,5.701514170665741,4.0666336530876155,5.333324170665741C4.0666336530876155,5.033414170665741,3.8663636530876158,4.770424170665741,3.577253653087616,4.690664170665741ZM4.4833936530876155,8.45916417066574C4.601103653087616,8.335264170665742,4.666723653087616,8.17089417066574,4.666723653087616,7.999994170665741C4.666723653087616,7.631804170665741,4.368253653087616,7.333334170665741,4.000063653087616,7.333334170665741C3.817323653087616,7.333334170665741,3.642593653087616,7.408344170665741,3.516723653087616,7.540834170665741L2.250063653087616,8.874164170665741C2.132353653087616,8.99806417066574,2.066723653087616,9.16243417066574,2.066723653087616,9.333334170665742C2.066723653087616,9.70152417066574,2.365203653087616,9.99999417066574,2.733393653087616,9.99999417066574C2.916133653087616,9.99999417066574,3.090863653087616,9.924984170665741,3.216723653087616,9.79249417066574L4.4833936530876155,8.45916417066574ZM5.975853653087616,3.222314170665741L5.442683653087616,1.289594170665741C5.3628736530876155,1.000261170665741,5.099873653087616,0.799994170665741,4.799963653087616,0.799994170665741C4.431773653087616,0.799994170665741,4.133293653087616,1.098471170665741,4.133293653087616,1.4666611706657409C4.133293653087616,1.526566170665741,4.141373653087616,1.586198170665741,4.157303653087617,1.643947170665741L4.690633653087616,3.577284170665741C4.770393653087616,3.8663941706657408,5.033383653087616,4.0666641706657405,5.333293653087616,4.0666641706657405C5.701483653087616,4.0666641706657405,5.999963653087616,3.768184170665741,5.999963653087616,3.399994170665741C5.999963653087616,3.340084170665741,5.991893653087616,3.280454170665741,5.975853653087616,3.222314170665741ZM8.407633653087615,14.04579417066574L8.407033653087616,14.044294170665742L5.407633653087616,6.712424170665741Q5.1477836530876155,6.100434170665741,5.624103653087616,5.624104170665741Q6.100433653087616,5.147784170665741,6.720493653087616,5.411004170665741L14.045763653087615,8.407634170665741Q14.720463653087617,8.68440417066574,14.663763653087615,9.41079417066574Q14.607163653087616,10.13718417066574,13.898363653087616,10.305884170665742L10.999863653087615,10.999694170665741L10.306393653087616,13.898994170665741Q10.140023653087615,14.60809417066574,9.411133653087616,14.664794170665742Q8.683033653087616,14.721494170665741,8.407633653087615,14.04579417066574ZM6.641693653087616,6.207574170665741Q6.644033653087616,6.213074170665741,6.646183653087616,6.218544170665741L6.641693653087616,6.207574170665741ZM6.199503653087616,6.638334170665741Q6.2053336530876155,6.640804170665741,6.211123653087616,6.643084170665741L6.199503653087616,6.638334170665741ZM9.703113653087616,10.68824417066574L9.250013653087615,12.583494170665741L6.942213653087616,6.942174170665741L12.582863653087616,9.24976417066574L10.689473653087616,9.702984170665742Q9.894223653087616,9.892934170665741,9.703113653087616,10.68824417066574Z"
                            fill="#343A45"
                            fill-opacity="1"
                            fill-rule="evenodd"
                            style="mix-blend-mode: normal;"
                          />
                        </g>
                      </g>
                    </svg>
                    <span
                      class="ant-workspace-tab-title"
                    >
                      HTML 空态
                    </span>
                  </div>
                </div>
              </label>
              <label
                class="ant-segmented-item"
              >
                <input
                  class="ant-segmented-item-input"
                  name="test-id"
                  type="radio"
                />
                <div
                  aria-selected="false"
                  class="ant-segmented-item-label"
                >
                  <div
                    class="ant-workspace-tab-item"
                  >
                    <svg
                      fill="none"
                      height="16"
                      version="1.1"
                      viewBox="0 0 16 16"
                      width="16"
                      xmlns="http://www.w3.org/2000/svg"
                      xmlns:xlink="http://www.w3.org/1999/xlink"
                    >
                      <defs>
                        <clippath
                          id="master_svg0_754_14312/703_60809/184_06188/1_28042"
                        >
                          <rect
                            height="16"
                            rx="0"
                            width="16"
                            x="0"
                            y="0"
                          />
                        </clippath>
                      </defs>
                      <g
                        clip-path="url(#master_svg0_754_14312/703_60809/184_06188/1_28042)"
                      >
                        <g>
                          <path
                            d="M9.999993653087616,2.7333341706657412C9.999993653087616,2.916074170665741,9.924983653087615,3.090804170665741,9.792493653087616,3.216664170665741L8.459163653087616,4.48333417066574C8.335263653087615,4.601034170665741,8.170893653087617,4.666664170665741,7.999993653087616,4.666664170665741C7.631803653087616,4.666664170665741,7.333333653087616,4.368194170665741,7.333333653087616,4.000004170665741C7.333333653087616,3.817264170665741,7.408343653087616,3.642534170665741,7.540833653087616,3.516664170665741L8.874163653087615,2.2500041706657408C8.998063653087616,2.132294170665741,9.162433653087616,2.066664170665741,9.333333653087616,2.066664170665741C9.701523653087616,2.066664170665741,9.999993653087616,2.365144170665741,9.999993653087616,2.7333341706657412ZM3.577253653087616,4.690664170665741L1.6441636530876158,4.157404170665741C1.586167653087616,4.141404170665741,1.526535653087616,4.133324170665741,1.4666306530876159,4.133324170665741C1.098440653087616,4.133324170665741,0.799963653087616,4.431804170665741,0.799963653087616,4.799994170665741C0.799963653087616,5.099904170665741,1.000230653087616,5.3629041706657405,1.289344653087616,5.442654170665741L3.222223653087616,5.975864170665741C3.280423653087616,5.991924170665741,3.340053653087616,5.999994170665741,3.399963653087616,5.999994170665741C3.768153653087616,5.999994170665741,4.0666336530876155,5.701514170665741,4.0666336530876155,5.333324170665741C4.0666336530876155,5.033414170665741,3.8663636530876158,4.770424170665741,3.577253653087616,4.690664170665741ZM4.4833936530876155,8.45916417066574C4.601103653087616,8.335264170665742,4.666723653087616,8.17089417066574,4.666723653087616,7.999994170665741C4.666723653087616,7.631804170665741,4.368253653087616,7.333334170665741,4.000063653087616,7.333334170665741C3.817323653087616,7.333334170665741,3.642593653087616,7.408344170665741,3.516723653087616,7.540834170665741L2.250063653087616,8.874164170665741C2.132353653087616,8.99806417066574,2.066723653087616,9.16243417066574,2.066723653087616,9.333334170665742C2.066723653087616,9.70152417066574,2.365203653087616,9.99999417066574,2.733393653087616,9.99999417066574C2.916133653087616,9.99999417066574,3.090863653087616,9.924984170665741,3.216723653087616,9.79249417066574L4.4833936530876155,8.45916417066574ZM5.975853653087616,3.222314170665741L5.442683653087616,1.289594170665741C5.3628736530876155,1.000261170665741,5.099873653087616,0.799994170665741,4.799963653087616,0.799994170665741C4.431773653087616,0.799994170665741,4.133293653087616,1.098471170665741,4.133293653087616,1.4666611706657409C4.133293653087616,1.526566170665741,4.141373653087616,1.586198170665741,4.157303653087617,1.643947170665741L4.690633653087616,3.577284170665741C4.770393653087616,3.8663941706657408,5.033383653087616,4.0666641706657405,5.333293653087616,4.0666641706657405C5.701483653087616,4.0666641706657405,5.999963653087616,3.768184170665741,5.999963653087616,3.399994170665741C5.999963653087616,3.340084170665741,5.991893653087616,3.280454170665741,5.975853653087616,3.222314170665741ZM8.407633653087615,14.04579417066574L8.407033653087616,14.044294170665742L5.407633653087616,6.712424170665741Q5.1477836530876155,6.100434170665741,5.624103653087616,5.624104170665741Q6.100433653087616,5.147784170665741,6.720493653087616,5.411004170665741L14.045763653087615,8.407634170665741Q14.720463653087617,8.68440417066574,14.663763653087615,9.41079417066574Q14.607163653087616,10.13718417066574,13.898363653087616,10.305884170665742L10.999863653087615,10.999694170665741L10.306393653087616,13.898994170665741Q10.140023653087615,14.60809417066574,9.411133653087616,14.664794170665742Q8.683033653087616,14.721494170665741,8.407633653087615,14.04579417066574ZM6.641693653087616,6.207574170665741Q6.644033653087616,6.213074170665741,6.646183653087616,6.218544170665741L6.641693653087616,6.207574170665741ZM6.199503653087616,6.638334170665741Q6.2053336530876155,6.640804170665741,6.211123653087616,6.643084170665741L6.199503653087616,6.638334170665741ZM9.703113653087616,10.68824417066574L9.250013653087615,12.583494170665741L6.942213653087616,6.942174170665741L12.582863653087616,9.24976417066574L10.689473653087616,9.702984170665742Q9.894223653087616,9.892934170665741,9.703113653087616,10.68824417066574Z"
                            fill="#343A45"
                            fill-opacity="1"
                            fill-rule="evenodd"
                            style="mix-blend-mode: normal;"
                          />
                        </g>
                      </g>
                    </svg>
                    <span
                      class="ant-workspace-tab-title"
                    >
                      Shell 空态（自定义）
                    </span>
                  </div>
                </div>
              </label>
              <label
                class="ant-segmented-item"
              >
                <input
                  class="ant-segmented-item-input"
                  name="test-id"
                  type="radio"
                />
                <div
                  aria-selected="false"
                  class="ant-segmented-item-label"
                >
                  <div
                    class="ant-workspace-tab-item"
                  >
                    <svg
                      fill="none"
                      height="14.666666030883789"
                      version="1.1"
                      viewBox="0 0 13.333333969116211 14.666666030883789"
                      width="13.333333969116211"
                      xmlns="http://www.w3.org/2000/svg"
                      xmlns:xlink="http://www.w3.org/1999/xlink"
                    >
                      <g>
                        <path
                          d="M10.4714,0.195262L13.1381,2.86193C13.2631,2.98695,13.3333,3.15652,13.3333,3.33333L13.3333,7.66667Q13.3333,8.34281,12.8381,8.83807Q12.3428,9.33333,11.6667,9.33333L7,9.33333Q6.32386,9.33333,5.8286,8.83807Q5.33333,8.34281,5.33333,7.66667L5.33333,1.66667Q5.33333,0.990524,5.8286,0.495262Q6.32386,0,7,0L10,0C10.1768,0,10.3464,0.0702381,10.4714,0.195262ZM8.66667,1.33333L7,1.33333Q6.87614,1.33333,6.7714,1.43807Q6.66667,1.54281,6.66667,1.66667L6.66667,7.66667Q6.66667,7.79052,6.7714,7.89526Q6.87614,8,7,8L11.6667,8Q11.7905,8,11.8953,7.89526Q12,7.79052,12,7.66667L12,4.66667L10.6667,4.66667Q9.83824,4.66667,9.25245,4.08088Q8.66667,3.49509,8.66667,2.66667L8.66667,1.33333ZM11.7239,3.33333L10.6667,3.33333Q10.3905,3.33333,10.1953,3.13807Q10,2.94281,10,2.66667L10,1.60948L11.7239,3.33333ZM3.33333,4C2.96514,4,2.66667,4.29848,2.66667,4.66667L2.66667,10.5333Q2.66667,11.0761,3.12859,11.5381Q3.59052,12,4.13333,12L8.66667,12C9.03486,12,9.33333,11.7015,9.33333,11.3333C9.33333,10.9651,9.03486,10.6667,8.66667,10.6667L4.16449,10.6667Q4.16282,10.6658,4.1609,10.6647Q4.11685,10.6407,4.07141,10.5953Q4.02596,10.5498,4.00193,10.5058Q4.00089,10.5039,4,10.5022L4,4.66667C4,4.29848,3.70152,4,3.33333,4ZM0,7.33333C0,6.96514,0.298477,6.66667,0.666667,6.66667C1.03486,6.66667,1.33333,6.96514,1.33333,7.33333L1.33333,13.1688Q1.33422,13.1705,1.33526,13.1724Q1.35929,13.2165,1.40474,13.2619Q1.45018,13.3074,1.49423,13.3314Q1.49615,13.3324,1.49782,13.3333L6,13.3333C6.36819,13.3333,6.66667,13.6318,6.66667,14C6.66667,14.3682,6.36819,14.6667,6,14.6667L1.46667,14.6667Q0.923856,14.6667,0.461928,14.2047Q0,13.7428,0,13.2L0,7.33333Z"
                          fill="#767E8B"
                          fill-opacity="1"
                          fill-rule="evenodd"
                          style="mix-blend-mode: normal;"
                        />
                      </g>
                    </svg>
                    <span
                      class="ant-workspace-tab-title"
                    >
                      文件列表空态
                    </span>
                  </div>
                </div>
              </label>
              <label
                class="ant-segmented-item"
              >
                <input
                  class="ant-segmented-item-input"
                  name="test-id"
                  type="radio"
                />
                <div
                  aria-selected="false"
                  class="ant-segmented-item-label"
                >
                  <div
                    class="ant-workspace-tab-item"
                  >
                    <svg
                      fill="none"
                      height="14.666666030883789"
                      version="1.1"
                      viewBox="0 0 13.333333969116211 14.666666030883789"
                      width="13.333333969116211"
                      xmlns="http://www.w3.org/2000/svg"
                      xmlns:xlink="http://www.w3.org/1999/xlink"
                    >
                      <g>
                        <path
                          d="M10.4714,0.195262L13.1381,2.86193C13.2631,2.98695,13.3333,3.15652,13.3333,3.33333L13.3333,7.66667Q13.3333,8.34281,12.8381,8.83807Q12.3428,9.33333,11.6667,9.33333L7,9.33333Q6.32386,9.33333,5.8286,8.83807Q5.33333,8.34281,5.33333,7.66667L5.33333,1.66667Q5.33333,0.990524,5.8286,0.495262Q6.32386,0,7,0L10,0C10.1768,0,10.3464,0.0702381,10.4714,0.195262ZM8.66667,1.33333L7,1.33333Q6.87614,1.33333,6.7714,1.43807Q6.66667,1.54281,6.66667,1.66667L6.66667,7.66667Q6.66667,7.79052,6.7714,7.89526Q6.87614,8,7,8L11.6667,8Q11.7905,8,11.8953,7.89526Q12,7.79052,12,7.66667L12,4.66667L10.6667,4.66667Q9.83824,4.66667,9.25245,4.08088Q8.66667,3.49509,8.66667,2.66667L8.66667,1.33333ZM11.7239,3.33333L10.6667,3.33333Q10.3905,3.33333,10.1953,3.13807Q10,2.94281,10,2.66667L10,1.60948L11.7239,3.33333ZM3.33333,4C2.96514,4,2.66667,4.29848,2.66667,4.66667L2.66667,10.5333Q2.66667,11.0761,3.12859,11.5381Q3.59052,12,4.13333,12L8.66667,12C9.03486,12,9.33333,11.7015,9.33333,11.3333C9.33333,10.9651,9.03486,10.6667,8.66667,10.6667L4.16449,10.6667Q4.16282,10.6658,4.1609,10.6647Q4.11685,10.6407,4.07141,10.5953Q4.02596,10.5498,4.00193,10.5058Q4.00089,10.5039,4,10.5022L4,4.66667C4,4.29848,3.70152,4,3.33333,4ZM0,7.33333C0,6.96514,0.298477,6.66667,0.666667,6.66667C1.03486,6.66667,1.33333,6.96514,1.33333,7.33333L1.33333,13.1688Q1.33422,13.1705,1.33526,13.1724Q1.35929,13.2165,1.40474,13.2619Q1.45018,13.3074,1.49423,13.3314Q1.49615,13.3324,1.49782,13.3333L6,13.3333C6.36819,13.3333,6.66667,13.6318,6.66667,14C6.66667,14.3682,6.36819,14.6667,6,14.6667L1.46667,14.6667Q0.923856,14.6667,0.461928,14.2047Q0,13.7428,0,13.2L0,7.33333Z"
                          fill="#767E8B"
                          fill-opacity="1"
                          fill-rule="evenodd"
                          style="mix-blend-mode: normal;"
                        />
                      </g>
                    </svg>
                    <span
                      class="ant-workspace-tab-title"
                    >
                      文件列表空态（自定义）
                    </span>
                  </div>
                </div>
              </label>
            </div>
          </div>
        </div>
        <div
          class="ant-workspace-content"
        >
          <div
            class="ant-workspace-realtime-container"
          >
            <header
              class="ant-workspace-realtime-header"
            >
              <div
                class="ant-workspace-realtime-header-left"
              >
                <div
                  class="ant-workspace-realtime-header-icon ant-workspace-realtime-header-icon--default"
                >
                  <svg
                    fill="none"
                    height="22.006362915039062"
                    version="1.1"
                    viewBox="0 0 22.009868621826172 22.006362915039062"
                    width="22.009868621826172"
                    xmlns="http://www.w3.org/2000/svg"
                    xmlns:xlink="http://www.w3.org/1999/xlink"
                  >
                    <g>
                      <path
                        d="M10.422,20.6548Q10.7468,20.3507,11.0049,20.0177Q11.263,20.3507,11.5878,20.6548Q13.1683,22.1344,15.3288,21.9942Q17.4893,21.854,18.8653,20.1825Q20.0291,18.7687,20.01,17.0146Q21.7938,15.7319,21.9881,13.4291Q22.1764,11.1984,20.7339,9.66134Q21.4002,7.86213,20.5862,6.0028Q19.765,4.127,17.9668,3.39968Q17.8008,2.20148,16.9245,1.2658Q15.7728,0.0361228,14.0884,0.0010131Q12.4039,-0.0340967,11.202,1.14652Q11.099,1.24767,11.0049,1.3525Q10.9108,1.24767,10.8078,1.14652Q9.60588,-0.0340973,7.92146,0.00101274Q6.23703,0.0361222,5.08533,1.2658Q4.20899,2.20148,4.04299,3.39968Q2.24477,4.127,1.42358,6.00279Q0.609601,7.86213,1.27589,9.66134Q-0.166551,11.1984,0.0217089,13.4291Q0.216055,15.7319,1.99978,17.0147Q1.9807,18.7687,3.14453,20.1825Q4.52053,21.854,6.68102,21.9942Q8.84151,22.1344,10.422,20.6548ZM10.0048,12.0187L10.0048,17.009Q10.003,18.3073,9.05512,19.1947Q8.10683,20.0825,6.81054,19.9984Q5.51424,19.9143,4.68864,18.9114Q4.31097,18.4526,4.14091,17.9341Q4.56801,18.0091,5.00476,18.009L5.00592,18.009C5.55802,18.0087,6.00545,17.5611,6.00545,17.009C6.00545,16.4567,5.55774,16.009,5.00545,16.009L5.00545,16.009Q4.23034,16.0093,3.55386,15.6354C3.55386,15.6354,3.52935,15.6211,3.52935,15.6211Q2.14802,14.8414,2.01462,13.2609Q1.88271,11.6978,3.08519,10.7024C3.0947,10.6952,3.10407,10.6878,3.11331,10.6803Q3.31916,10.5127,3.55123,10.3838L3.55123,10.3838C3.86975,10.207,4.06681,9.87228,4.06681,9.50895C4.06681,8.95666,3.6191,8.50895,3.06681,8.50895C3.05509,8.50895,3.04336,8.50916,3.03164,8.50957Q2.87784,7.66801,3.25571,6.80486Q3.61892,5.9752,4.30069,5.52Q4.40291,5.77111,4.53919,6.00773L4.53919,6.00773C4.71795,6.31802,5.04833,6.50898,5.40593,6.50898C5.95822,6.50898,6.40593,6.06126,6.40593,5.50898C6.40593,5.33376,6.3599,5.16162,6.27243,5.0098Q6.02717,4.58406,6.0071,4.09313C6.0071,4.09313,6.00624,4.07582,6.00624,4.07582Q5.97387,3.24286,6.54507,2.63297Q7.12092,2.01813,7.96314,2.00058Q8.80535,1.98302,9.40632,2.57333Q10.0073,3.16364,10.0048,4.00898L10.0048,7.98338Q9.94,9.02619,9.31168,9.86395Q8.67467,10.7133,7.67315,11.0656C7.27284,11.2064,7.005,11.5846,7.005,12.0089C7.005,12.5612,7.45272,13.0089,8.005,13.0089C8.11803,13.0089,8.23024,12.9898,8.33685,12.9523Q9.27193,12.6233,10.0048,12.0187ZM12.005,12.0185L12.005,17.0079L12.005,17.009Q12.0068,18.3073,12.9547,19.1947Q13.903,20.0825,15.1993,19.9984Q16.4956,19.9143,17.3212,18.9114Q17.6988,18.4527,17.8689,17.9342Q17.4418,18.0091,17.005,18.009L17.005,18.009C16.4524,18.0087,16.005,17.5611,16.005,17.009C16.005,16.4567,16.4527,16.009,17.005,16.009L17.005,16.009Q17.7764,16.0092,18.4497,15.6392C18.4599,15.633,18.4701,15.627,18.4805,15.6211Q19.8618,14.8414,19.9952,13.2609Q20.1271,11.6979,18.9248,10.7025C18.9152,10.6953,18.9058,10.6879,18.8965,10.6803Q18.6904,10.5124,18.458,10.3834C18.1401,10.207,17.943,9.87228,17.943,9.50895C17.943,8.95666,18.3907,8.50895,18.943,8.50895C18.9547,8.50895,18.9665,8.50916,18.9782,8.50957Q19.132,7.66801,18.7541,6.80487Q18.3911,5.97558,17.7098,5.52042Q17.6072,5.77188,17.4705,6.00878C17.2919,6.31829,16.9617,6.50898,16.6044,6.50898C16.0521,6.50898,15.6044,6.06126,15.6044,5.50898C15.6044,5.33352,15.6505,5.16115,15.7382,5.00918Q15.9731,4.60213,16.002,4.13531C16.002,4.11999,16.0023,4.10467,16.003,4.08937Q16.0406,3.24781,15.4647,2.63297Q14.8889,2.01813,14.0467,2.00058Q13.2045,1.98302,12.6035,2.57333Q12.0025,3.16364,12.005,4.00898L12.005,7.98034Q12.0691,9.02497,12.6983,9.86395Q13.3353,10.7133,14.3369,11.0656C14.7372,11.2064,15.005,11.5846,15.005,12.0089C15.005,12.5612,14.5573,13.0089,14.005,13.0089C13.892,13.0089,13.7798,12.9898,13.6732,12.9523Q12.738,12.6233,12.005,12.0185Z"
                        fill="#14161C"
                        fill-opacity="1"
                        fill-rule="evenodd"
                        style="mix-blend-mode: normal;"
                      />
                    </g>
                  </svg>
                </div>
                <div
                  class="ant-workspace-realtime-header-content"
                >
                  <div
                    class="ant-workspace-realtime-header-title"
                  >
                    Markdown 内容
                  </div>
                  <div
                    class="ant-workspace-realtime-header-subtitle"
                  />
                </div>
              </div>
              <div
                class="ant-workspace-realtime-header-right"
              />
            </header>
            <div
              class="ant-workspace-realtime-content"
            >
              <div
                class="markdown-editor ant-md-editor ant-workspace-realtime--markdown ant-md-editor-readonly"
                style="width: 100%; height: 100%; display: flex; flex-direction: column; max-height: 100%;"
              >
                <div
                  style="padding: 16px; overflow: auto; display: flex; height: 100%; position: relative; gap: 24px; outline: none;"
                  tabindex="-1"
                >
                  <div
                    autocapitalize="false"
                    autocorrect="false"
                    class="ant-workspace-realtime--markdown ant-md-editor-content-readonly ant-md-editor-content"
                    data-slate-editor="true"
                    data-slate-node="value"
                    spellcheck="false"
                    style="position: relative; white-space: pre-wrap; word-wrap: break-word; font-size: 14px;"
                    zindex="-1"
                  >
                    <div
                      class="ant-md-editor-drag-el empty"
                      data-be="paragraph"
                      data-empty="true"
                      data-slate-node="element"
                      data-slate-placeholder="请输入"
                    >
                      <span
                        data-slate-node="text"
                      >
                        <span
                          data-be="text"
                          data-slate-leaf="true"
                          draggable="false"
                        >
                          <span
                            data-slate-length="0"
                            data-slate-zero-width="n"
                          >
                            ﻿
                            <br />
                          </span>
                        </span>
                      </span>
                    </div>
                  </div>
                </div>
              </div>
            </div>
          </div>
        </div>
      </div>
    </div>
  </div>
</DocumentFragment>