<DocumentFragment>
  <div
    class="ant-app"
  >
    <div>
      test
    </div>
    <div
      style="padding: 20px;"
    >
      <h3
        style="margin: 0px 0px 12px;"
      >
        正负柱状图
      </h3>
      <div
        style="display: flex; gap: 8px; margin-bottom: 12px; flex-wrap: wrap;"
      >
        <button
          class="ant-btn ant-btn-primary ant-btn-color-primary ant-btn-variant-solid"
          type="button"
        >
          <span>
            随机更新数据
          </span>
        </button>
        <div
          style="padding: 8px 12px; background-color: rgb(255, 255, 255); border: 1px solid rgb(217, 217, 217); border-radius: 4px; font-size: 12px; color: rgb(102, 102, 102);"
        >
          💡 使用扁平化数据结构，包含 xtitle 和 ytitle 字段，支持二级筛选。
        </div>
      </div>
      <div
        class="bar-chart-container  "
        style="width: 700px; height: 500px; background-color: rgb(255, 255, 255); border-radius: 8px; padding: 20px; position: relative; border: 1px solid rgb(232, 232, 232); margin: initial; max-width: none; box-sizing: border-box;"
      >
        <div
          data-testid="chart-toolbar"
        >
          正负柱状图
        </div>
        <div
          data-testid="chart-filter"
        >
          <button
            data-selected="true"
          >
            财务数据
          </button>
          <button
            data-selected="false"
          >
            温度变化
          </button>
        </div>
        <div
          class="chart-wrapper"
        >
          <div
            data-datasets="[{"label":"利润","data":[120,-60,80,-30],"borderColor":"#1677ff","backgroundColor":"#1677ff","borderWidth":0,"categoryPercentage":0.7,"barPercentage":0.8,"borderSkipped":false},{"label":"成本","data":[-90,-40,-50,-20],"borderColor":"#8954FC","backgroundColor":"#8954FC","borderWidth":0,"categoryPercentage":0.7,"barPercentage":0.8,"borderSkipped":false}]"
            data-labels="["1","2","3","4"]"
            data-testid="bar-chart"
          >
            Bar Chart
          </div>
        </div>
      </div>
      <div
        style="margin-top: 20px; background-color: rgb(240, 248, 255); padding: 15px; border-radius: 8px; border: 1px solid rgb(232, 232, 232);"
      >
        <h4
          style="margin-top: 0px; color: rgb(51, 51, 51);"
        >
          扁平化数据格式示例：
        </h4>
        <pre
          style="background-color: rgb(255, 255, 255); padding: 10px; border-radius: 4px; font-size: 11px; margin: 0px; overflow: auto;"
        >
          // 扁平化数据格式：包含 xtitle 和 ytitle 字段
[
  {
    category: "财务数据",
    type: "利润",
    x: 1,
    y: 120,
    xtitle: "季度",
    ytitle: "金额"
  },
  {
    category: "财务数据",
    type: "成本",
    x: 1,
    y: -90,
    xtitle: "季度",
    ytitle: "金额"
  },
  {
    category: "温度变化",
    type: "最高温",
    x: 1,
    y: 15,
    xtitle: "月份",
    ytitle: "温度(°C)"
  },
  // ... 更多数据
]
        </pre>
      </div>
    </div>
  </div>
</DocumentFragment>