<DocumentFragment>
  <div
    class="ant-app"
  >
    <div>
      test
    </div>
    <div
      style="padding: 20px;"
    >
      <h3
        style="margin: 0px 0px 12px;"
      >
        堆叠柱状图
      </h3>
      <div
        style="display: flex; gap: 8px; margin-bottom: 12px; flex-wrap: wrap;"
      >
        <button
          class="ant-btn ant-btn-primary ant-btn-color-primary ant-btn-variant-solid"
          type="button"
        >
          <span>
            切换主题 (浅色)
          </span>
        </button>
        <button
          class="ant-btn ant-btn-primary ant-btn-color-primary ant-btn-variant-solid"
          type="button"
        >
          <span>
            切换图例位置（bottom）
          </span>
        </button>
        <button
          class="ant-btn ant-btn-primary ant-btn-color-primary ant-btn-variant-solid"
          type="button"
        >
          <span>
            切换象限（I）
          </span>
        </button>
      </div>
      <div
        class="bar-chart-container "
        style="width: 700px; height: 500px; background-color: rgb(255, 255, 255); border-radius: 8px; padding: 20px; position: relative; border: 1px solid rgb(232, 232, 232);"
      >
        <div
          data-testid="chart-toolbar"
        >
          堆叠柱状图
        </div>
        <div
          data-testid="chart-filter"
        >
          <button
            data-selected="true"
          >
            流量来源
          </button>
          <button
            data-selected="false"
          >
            部门预算
          </button>
        </div>
        <div
          class="chart-wrapper"
        >
          <div
            data-datasets="[{"label":"直接访问","data":[120,132,101,134,90,230,210],"borderColor":"#1677ff","backgroundColor":"#1677ff","borderWidth":0,"categoryPercentage":0.7,"barPercentage":0.8,"stack":"stack","borderSkipped":false},{"label":"搜索引擎","data":[220,182,191,234,290,330,310],"borderColor":"#8954FC","backgroundColor":"#8954FC","borderWidth":0,"categoryPercentage":0.7,"barPercentage":0.8,"stack":"stack","borderSkipped":false},{"label":"外链引荐","data":[150,232,201,154,190,330,410],"borderColor":"#15e7e4","backgroundColor":"#15e7e4","borderWidth":0,"categoryPercentage":0.7,"barPercentage":0.8,"stack":"stack","borderSkipped":false}]"
            data-labels="["Mon","Tue","Wed","Thu","Fri","Sat","Sun"]"
            data-testid="bar-chart"
          >
            Bar Chart
          </div>
        </div>
      </div>
      <div
        style="background-color: rgb(255, 255, 255); padding: 15px; border-radius: 8px; border: 1px solid rgb(232, 232, 232); margin-top: 20px;"
      >
        <h4
          style="margin-top: 0px; color: rgb(51, 51, 51);"
        >
          当前配置信息：
        </h4>
        <pre
          style="background-color: rgb(245, 245, 245); padding: 10px; border-radius: 4px; overflow: auto; font-size: 12px;"
        >
          [
  {
    "type": "traffic",
    "typeName": "流量来源",
    "labels": [
      "Mon",
      "Tue",
      "Wed",
      "Thu",
      "Fri",
      "Sat",
      "Sun"
    ],
    "datasets": [
      {
        "label": "直接访问",
        "data": [
          120,
          132,
          101,
          134,
          90,
          230,
          210
        ],
        "borderColor": "#1677ff",
        "backgroundColor": "#1677ff"
      },
      {
        "label": "搜索引擎",
        "data": [
          220,
          182,
          191,
          234,
          290,
          330,
          310
        ],
        "borderColor": "#8954FC",
        "backgroundColor": "#8954FC"
      },
      {
        "label": "外链引荐",
        "data": [
          150,
          232,
          201,
          154,
          190,
          330,
          410
        ],
        "borderColor": "#15e7e4",
        "backgroundColor": "#15e7e4"
      }
    ],
    "theme": "light",
    "legendPosition": "bottom",
    "xTitle": "日期",
    "yTitle": "PV",
    "yMin": 0,
    "showGrid": true,
    "stacked": true,
    "xPosition": "bottom",
    "yPosition": "left"
  },
  {
    "type": "department",
    "typeName": "部门预算",
    "labels": [
      "市场部",
      "销售部",
      "技术部",
      "人事部",
      "财务部"
    ],
    "datasets": [
      {
        "label": "人力成本",
        "data": [
          45000,
          52000,
          68000,
          28000,
          35000
        ],
        "borderColor": "#FF6B6B",
        "backgroundColor": "#FF6B6B"
      },
      {
        "label": "运营成本",
        "data": [
          28000,
          35000,
          42000,
          18000,
          22000
        ],
        "borderColor": "#4ECDC4",
        "backgroundColor": "#4ECDC4"
      },
      {
        "label": "设备成本",
        "data": [
          18000,
          25000,
          55000,
          12000,
          15000
        ],
        "borderColor": "#45B7D1",
        "backgroundColor": "#45B7D1"
      }
    ],
    "theme": "light",
    "legendPosition": "bottom",
    "xTitle": "部门",
    "yTitle": "预算金额",
    "yMin": 0,
    "showGrid": true,
    "stacked": true,
    "xPosition": "bottom",
    "yPosition": "left"
  }
]
        </pre>
      </div>
    </div>
  </div>
</DocumentFragment>