// Jest Snapshot v1, https://goo.gl/fbAQLP

exports[`SuggestionList renders items vertically and respects max count 6 1`] = `
<div
  aria-label="追问区域"
  class="follow-up"
  role="group"
>
  <div
    aria-label="追问建议"
    class="follow-up-suggestions"
  >
    <button
      aria-label="选择建议：问0"
      class="follow-up-suggestion"
      type="button"
    >
      <span
        class="follow-up-label"
      >
        问0
      </span>
      <span
        aria-hidden="true"
        class="follow-up-arrow"
      />
    </button>
  </div>
</div>
`;


