<DocumentFragment>
  <div
    class="ant-app"
  >
    <div>
      test
    </div>
    <div
      style="padding: 12px; color: rgb(118, 126, 139); font-size: 12px;"
    >
      <p>
        性别分布饼图：展示男性30%和女性70%的两个独立单值饼图
      </p>
      <p>
        每个饼图中心显示对应的百分比和标签
      </p>
      <div
        data-data="[{"label":"男性","value":30},{"label":"女性","value":70}]"
        data-height="120"
        data-testid="donut-chart"
        data-title="用户性别分布"
        data-width="120"
      >
        Donut Chart - 用户性别分布
      </div>
    </div>
  </div>
</DocumentFragment>