<DocumentFragment>
  <div
    class="ant-app"
  >
    <div>
      test
    </div>
    <div
      style="padding: 20px;"
    >
      <h3>
        自定义发送按钮示例
      </h3>
      <p>
        这个示例展示了如何使用 
        <code>
          actionsRender
        </code>
         属性来自定义发送按钮。
      </p>
      <div
        class="ant-space ant-space-vertical ant-space-gap-row-large ant-space-gap-col-large"
        style="width: 100%;"
      >
        <div
          class="ant-space-item"
        >
          <div
            class="ant-dropdown-trigger ant-md-input-field"
            style="min-height: 120px; max-height: 300px; border-radius: 12px;"
          >
            <div
              class="ant-md-input-field-background"
              style="min-height: 120px; height: 100%; width: 100%;"
            >
              <svg
                fill="none"
                height="100%"
                style="border-radius: inherit;"
                version="1.1"
                width="100%"
                xmlns="http://www.w3.org/2000/svg"
                xmlns:xlink="http://www.w3.org/1999/xlink"
              >
                <defs>
                  <radialgradient
                    cx="0.5"
                    cy="1"
                    id="master_svg1_55_47405"
                    r="0.5"
                  >
                    <stop
                      offset="0%"
                      stop-color="#CD36FF"
                      stop-opacity="0.4"
                    >
                      <animate
                        attributeName="stop-color"
                        dur="4s"
                        repeatCount="indefinite"
                        values="#CD36FF; #FFD972; #eff0f1; #CD36FF;#CD36FF"
                      />
                    </stop>
                    <stop
                      offset="33.333333333333336%"
                      stop-color="#FFD972"
                      stop-opacity="0.4"
                    >
                      <animate
                        attributeName="stop-color"
                        dur="4s"
                        repeatCount="indefinite"
                        values="#FFD972; #eff0f1; #CD36FF; #FFD972;#FFD972"
                      />
                    </stop>
                    <stop
                      offset="66.66666666666667%"
                      stop-color="#eff0f1"
                      stop-opacity="0.4"
                    >
                      <animate
                        attributeName="stop-color"
                        dur="4s"
                        repeatCount="indefinite"
                        values="#eff0f1; #CD36FF; #FFD972; #eff0f1;#eff0f1"
                      />
                    </stop>
                  </radialgradient>
                </defs>
                <g>
                  <rect
                    fill="url(#master_svg1_55_47405)"
                    height="100%"
                    width="100%"
                    x="0"
                    y="0"
                  />
                </g>
              </svg>
            </div>
            <div
              style="flex: 1 1 0%; background-color: rgb(255, 255, 255); width: 100%; display: flex; z-index: 9; flex-direction: column; box-sizing: border-box; border-radius: 10px; cursor: auto; opacity: 1;"
            >
              <div
                class="ant-md-input-field-editor"
                style="display: flex; flex-direction: column; border-radius: 10px; max-height: min(400px); flex: 1 1 0%;"
              >
                <div
                  class="markdown-editor ant-md-editor ant-md-editor-edit"
                  style="width: 100%; height: auto; display: flex; flex-direction: column; max-height: 100%; flex: 1 1 0%; padding: 4px 64px 4px 4px;"
                >
                  <div
                    style="padding: 8px; overflow: auto; display: flex; height: 100%; position: relative; gap: 24px; outline: none;"
                    tabindex="-1"
                  >
                    <div
                      aria-multiline="true"
                      autocapitalize="false"
                      autocorrect="false"
                      class="ant-md-editor-content-focus ant-md-editor-content ant-md-editor-content-edit"
                      contenteditable="true"
                      data-slate-editor="true"
                      data-slate-node="value"
                      role="textbox"
                      spellcheck="false"
                      style="position: relative; white-space: pre-wrap; word-wrap: break-word; font-size: 14px;"
                      zindex="-1"
                    >
                      <div
                        class="ant-md-editor-drag-el"
                        data-be="paragraph"
                        data-slate-node="element"
                      >
                        <span
                          data-slate-node="text"
                        >
                          <span
                            data-be="text"
                            data-slate-leaf="true"
                            draggable="false"
                          >
                            <span
                              data-slate-string="true"
                            >
                              试试输入一些内容，然后点击自定义的发送按钮...
                            </span>
                          </span>
                        </span>
                      </div>
                      <div
                        class="ant-md-editor-drag-el"
                        data-be="paragraph"
                        data-slate-node="element"
                      >
                        <span
                          data-slate-node="text"
                        >
                          <span
                            data-be="text"
                            data-slate-leaf="true"
                            draggable="false"
                          >
                            <span
                              data-slate-length="0"
                              data-slate-zero-width="n"
                            >
                              ﻿
                              <br />
                            </span>
                          </span>
                        </span>
                      </div>
                    </div>
                  </div>
                </div>
              </div>
              <div
                class="ant-md-input-field-send-actions"
                contenteditable="false"
              >
                <button
                  aria-describedby="test-id"
                  class="ant-btn ant-btn-text ant-btn-color-default ant-btn-variant-text ant-btn-sm ant-btn-icon-only"
                  type="button"
                >
                  <span
                    class="ant-btn-icon"
                  >
                    <span
                      aria-label="setting"
                      class="anticon anticon-setting"
                      role="img"
                    >
                      <svg
                        aria-hidden="true"
                        data-icon="setting"
                        fill="currentColor"
                        focusable="false"
                        height="1em"
                        viewBox="64 64 896 896"
                        width="1em"
                      >
                        <path
                          d="M924.8 625.7l-65.5-56c3.1-19 4.7-38.4 4.7-57.8s-1.6-38.8-4.7-57.8l65.5-56a32.03 32.03 0 009.3-35.2l-.9-2.6a443.74 443.74 0 00-79.7-137.9l-1.8-2.1a32.12 32.12 0 00-35.1-9.5l-81.3 28.9c-30-24.6-63.5-44-99.7-57.6l-15.7-85a32.05 32.05 0 00-25.8-25.7l-2.7-.5c-52.1-9.4-106.9-9.4-159 0l-2.7.5a32.05 32.05 0 00-25.8 25.7l-15.8 85.4a351.86 351.86 0 00-99 57.4l-81.9-29.1a32 32 0 00-35.1 9.5l-1.8 2.1a446.02 446.02 0 00-79.7 137.9l-.9 2.6c-4.5 12.5-.8 26.5 9.3 35.2l66.3 56.6c-3.1 18.8-4.6 38-4.6 57.1 0 19.2 1.5 38.4 4.6 57.1L99 625.5a32.03 32.03 0 00-9.3 35.2l.9 2.6c18.1 50.4 44.9 96.9 79.7 137.9l1.8 2.1a32.12 32.12 0 0035.1 9.5l81.9-29.1c29.8 24.5 63.1 43.9 99 57.4l15.8 85.4a32.05 32.05 0 0025.8 25.7l2.7.5a449.4 449.4 0 00159 0l2.7-.5a32.05 32.05 0 0025.8-25.7l15.7-85a350 350 0 0099.7-57.6l81.3 28.9a32 32 0 0035.1-9.5l1.8-2.1c34.8-41.1 61.6-87.5 79.7-137.9l.9-2.6c4.5-12.3.8-26.3-9.3-35zM788.3 465.9c2.5 15.1 3.8 30.6 3.8 46.1s-1.3 31-3.8 46.1l-6.6 40.1 74.7 63.9a370.03 370.03 0 01-42.6 73.6L721 702.8l-31.4 25.8c-23.9 19.6-50.5 35-79.3 45.8l-38.1 14.3-17.9 97a377.5 377.5 0 01-85 0l-17.9-97.2-37.8-14.5c-28.5-10.8-55-26.2-78.7-45.7l-31.4-25.9-93.4 33.2c-17-22.9-31.2-47.6-42.6-73.6l75.5-64.5-6.5-40c-2.4-14.9-3.7-30.3-3.7-45.5 0-15.3 1.2-30.6 3.7-45.5l6.5-40-75.5-64.5c11.3-26.1 25.6-50.7 42.6-73.6l93.4 33.2 31.4-25.9c23.7-19.5 50.2-34.9 78.7-45.7l37.9-14.3 17.9-97.2c28.1-3.2 56.8-3.2 85 0l17.9 97 38.1 14.3c28.7 10.8 55.4 26.2 79.3 45.8l31.4 25.8 92.8-32.9c17 22.9 31.2 47.6 42.6 73.6L781.8 426l6.5 39.9zM512 326c-97.2 0-176 78.8-176 176s78.8 176 176 176 176-78.8 176-176-78.8-176-176-176zm79.2 255.2A111.6 111.6 0 01512 614c-29.9 0-58-11.7-79.2-32.8A111.6 111.6 0 01400 502c0-29.9 11.7-58 32.8-79.2C454 401.6 482.1 390 512 390c29.9 0 58 11.6 79.2 32.8A111.6 111.6 0 01624 502c0 29.9-11.7 58-32.8 79.2z"
                        />
                      </svg>
                    </span>
                  </span>
                </button>
                <button
                  aria-describedby="test-id"
                  class="ant-btn ant-btn-primary ant-btn-color-primary ant-btn-variant-solid ant-btn-sm"
                  style="border-radius: 6px; transition: all 0.2s;"
                  type="button"
                >
                  <span
                    class="ant-btn-icon"
                  >
                    <span
                      aria-label="send"
                      class="anticon anticon-send"
                      role="img"
                    >
                      <svg
                        aria-hidden="true"
                        data-icon="send"
                        fill="currentColor"
                        focusable="false"
                        height="1em"
                        viewBox="64 64 896 896"
                        width="1em"
                      >
                        <defs>
                          <style />
                        </defs>
                        <path
                          d="M931.4 498.9L94.9 79.5c-3.4-1.7-7.3-2.1-11-1.2a15.99 15.99 0 00-11.7 19.3l86.2 352.2c1.3 5.3 5.2 9.6 10.4 11.3l147.7 50.7-147.6 50.7c-5.2 1.8-9.1 6-10.3 11.3L72.2 926.5c-.9 3.7-.5 7.6 1.2 10.9 3.9 7.9 13.5 11.1 21.5 7.2l836.5-417c3.1-1.5 5.6-4.1 7.2-7.1 3.9-8 .7-17.6-7.2-21.6zM170.8 826.3l50.3-205.6 295.2-101.3c2.3-.8 4.2-2.6 5-5 1.4-4.2-.8-8.7-5-10.2L221.1 403 171 198.2l628 314.9-628.2 313.2z"
                        />
                      </svg>
                    </span>
                  </span>
                  <span>
                    发送
                  </span>
                </button>
              </div>
            </div>
          </div>
        </div>
        <div
          class="ant-space-item"
        >
          <div
            style="padding: 16px; background: rgb(245, 245, 245); border-radius: 8px; font-size: 13px;"
          >
            <h4
              style="margin: 0px 0px 8px 0px;"
            >
              功能说明：
            </h4>
            <ul
              style="margin: 0px; padding-left: 20px;"
            >
              <li>
                🎯 
                <strong>
                  自定义发送按钮
                </strong>
                ：替换默认的发送图标为带文字的按钮
              </li>
              <li>
                ⚙️ 
                <strong>
                  添加设置按钮
                </strong>
                ：在发送区域添加额外的操作按钮
              </li>
              <li>
                🎨 
                <strong>
                  状态响应
                </strong>
                ：按钮会根据 hover、loading、disabled 状态变化
              </li>
              <li>
                💡 
                <strong>
                  提示信息
                </strong>
                ：每个按钮都有相应的 Tooltip 提示
              </li>
            </ul>
          </div>
        </div>
      </div>
    </div>
  </div>
</DocumentFragment>