<DocumentFragment>
  <div
    class="ant-app"
  >
    <div>
      test
    </div>
    <div
      style="padding: 24px;"
    >
      <h2>
        自定义附件按钮 Popover 演示
      </h2>
      <p>
        通过 
        <code>
          customPopover
        </code>
         属性，您可以完全自定义附件按钮的交互体验。
      </p>
      <div
        class="ant-space ant-space-vertical ant-space-gap-row-large ant-space-gap-col-large"
        style="width: 100%;"
      >
        <div
          class="ant-space-item"
        >
          <div
            class="ant-card ant-card-bordered ant-card-small"
          >
            <div
              class="ant-card-head"
            >
              <div
                class="ant-card-head-wrapper"
              >
                <div
                  class="ant-card-head-title"
                >
                  默认样式
                </div>
              </div>
            </div>
            <div
              class="ant-card-body"
            >
              <div
                data-length="21"
                data-testid="md-input-field"
              >
                MarkdownInputField(Mock)
              </div>
            </div>
          </div>
        </div>
        <div
          class="ant-space-item"
        >
          <div
            class="ant-card ant-card-bordered ant-card-small"
          >
            <div
              class="ant-card-head"
            >
              <div
                class="ant-card-head-wrapper"
              >
                <div
                  class="ant-card-head-title"
                >
                  简单 Tooltip 替换
                </div>
              </div>
            </div>
            <div
              class="ant-card-body"
            >
              <div
                data-length="21"
                data-testid="md-input-field"
              >
                MarkdownInputField(Mock)
              </div>
            </div>
          </div>
        </div>
        <div
          class="ant-space-item"
        >
          <div
            class="ant-card ant-card-bordered ant-card-small"
          >
            <div
              class="ant-card-head"
            >
              <div
                class="ant-card-head-wrapper"
              >
                <div
                  class="ant-card-head-title"
                >
                  自定义 Popover 内容
                </div>
              </div>
            </div>
            <div
              class="ant-card-body"
            >
              <div
                data-length="21"
                data-testid="md-input-field"
              >
                MarkdownInputField(Mock)
              </div>
            </div>
          </div>
        </div>
        <div
          class="ant-space-item"
        >
          <div
            class="ant-card ant-card-bordered ant-card-small"
          >
            <div
              class="ant-card-head"
            >
              <div
                class="ant-card-head-wrapper"
              >
                <div
                  class="ant-card-head-title"
                >
                  Modal 上传向导
                </div>
              </div>
            </div>
            <div
              class="ant-card-body"
            >
              <div
                data-length="21"
                data-testid="md-input-field"
              >
                MarkdownInputField(Mock)
              </div>
            </div>
          </div>
        </div>
        <div
          class="ant-space-item"
        >
          <div
            class="ant-card ant-card-bordered ant-card-small"
          >
            <div
              class="ant-card-head"
            >
              <div
                class="ant-card-head-wrapper"
              >
                <div
                  class="ant-card-head-title"
                >
                  彩色样式 Popover
                </div>
              </div>
            </div>
            <div
              class="ant-card-body"
            >
              <div
                data-length="21"
                data-testid="md-input-field"
              >
                MarkdownInputField(Mock)
              </div>
            </div>
          </div>
        </div>
      </div>
    </div>
  </div>
</DocumentFragment>