<DocumentFragment>
  <div
    class="ant-app"
  >
    <div>
      test
    </div>
    <div
      style="padding: 20px; margin: auto; max-width: 800px; display: flex; flex-direction: column; gap: 20px;"
    >
      <div>
        圆角：
        <div
          class="ant-slider ant-slider-horizontal"
        >
          <div
            class="ant-slider-rail"
          />
          <div
            class="ant-slider-track"
            style="left: 0%; width: 0%;"
          />
          <div
            class="ant-slider-step"
          />
          <div
            aria-describedby="test-id"
            aria-disabled="false"
            aria-orientation="horizontal"
            aria-valuemax="100"
            aria-valuemin="0"
            aria-valuenow="0"
            class="ant-slider-handle"
            role="slider"
            style="left: 0%; transform: translateX(-50%);"
            tabindex="0"
          />
        </div>
      </div>
      <ul />
      <h2>
        基本
      </h2>
      <div
        class="ant-dropdown-trigger ant-md-input-field"
        style="border-radius: 12px;"
      >
        <div
          class="ant-md-input-field-background"
        >
          <svg
            fill="none"
            height="100%"
            style="border-radius: inherit;"
            version="1.1"
            width="100%"
            xmlns="http://www.w3.org/2000/svg"
            xmlns:xlink="http://www.w3.org/1999/xlink"
          >
            <defs>
              <lineargradient
                id="master_svg1_55_47405"
                x1="2.463307335887066e-16"
                x2="0.9838055372238159"
                y1="0.5"
                y2="0.5"
              >
                <stop
                  offset="0%"
                  stop-color="#CD36FF"
                  stop-opacity="0.6300000071525574"
                >
                  <animate
                    attributeName="stop-color"
                    dur="4s"
                    repeatCount="indefinite"
                    values="#CD36FF;  #FFD972;  #5EBFFF;  #6FFFA7;#CD36FF"
                  />
                </stop>
                <stop
                  offset="25%"
                  stop-color=" #FFD972"
                  stop-opacity="0.6300000071525574"
                >
                  <animate
                    attributeName="stop-color"
                    dur="4s"
                    repeatCount="indefinite"
                    values=" #FFD972;  #5EBFFF;  #6FFFA7; #CD36FF; #FFD972"
                  />
                </stop>
                <stop
                  offset="50%"
                  stop-color=" #5EBFFF"
                  stop-opacity="0.6300000071525574"
                >
                  <animate
                    attributeName="stop-color"
                    dur="4s"
                    repeatCount="indefinite"
                    values=" #5EBFFF;  #6FFFA7; #CD36FF;  #FFD972; #5EBFFF"
                  />
                </stop>
                <stop
                  offset="75%"
                  stop-color=" #6FFFA7"
                  stop-opacity="0.6300000071525574"
                >
                  <animate
                    attributeName="stop-color"
                    dur="4s"
                    repeatCount="indefinite"
                    values=" #6FFFA7; #CD36FF;  #FFD972;  #5EBFFF; #6FFFA7"
                  />
                </stop>
              </lineargradient>
            </defs>
            <g>
              <rect
                fill="url(#master_svg1_55_47405)"
                height="100%"
                width="100%"
                x="0"
                y="0"
              />
            </g>
          </svg>
        </div>
        <div
          class="ant-md-input-field-editor"
          style="border-radius: 10px; max-height: 120px;"
        >
          <div
            class="markdown-editor ant-md-editor ant-md-editor-edit"
            style="width: 100%; height: 100%; display: flex; flex-direction: column; max-height: 100%; min-height: 32px; cursor: auto; opacity: 1;"
          >
            <div
              style="padding: 12px 64px 12px 12px; overflow: auto; display: flex; height: 100%; position: relative; gap: 24px;"
            >
              <div
                aria-multiline="true"
                autocapitalize="false"
                autocorrect="false"
                class="ant-md-editor-content-focus ant-md-editor-content ant-md-editor-content-edit"
                contenteditable="true"
                data-slate-editor="true"
                data-slate-node="value"
                role="textbox"
                spellcheck="false"
                style="position: relative; white-space: pre-wrap; word-wrap: break-word; font-size: 14px;"
                zindex="-1"
              >
                <div
                  class="ant-md-editor-drag-el empty"
                  data-be="paragraph"
                  data-slate-node="element"
                >
                  <span
                    contenteditable="false"
                    style="font-size: 0px; line-height: 0; display: inline-block;"
                  >
                     
                  </span>
                  <span
                    data-slate-node="text"
                  >
                    <span
                      class=" "
                      data-be="text"
                      data-slate-leaf="true"
                      draggable="false"
                    >
                      <span
                        data-slate-length="0"
                        data-slate-zero-width="n"
                      >
                        ﻿
                        <br />
                      </span>
                    </span>
                  </span>
                  <span
                    contenteditable="false"
                    style="font-size: 0px; line-height: 0; display: inline-block;"
                  >
                     
                  </span>
                </div>
              </div>
            </div>
          </div>
        </div>
        <div
          class="ant-md-input-field-send-before-actions"
          contenteditable="false"
        >
          <span
            style="color: red; padding: 4px; font-size: 14px; border-radius: 4px;"
          >
            测试
          </span>
        </div>
        <div
          class="ant-md-input-field-send-actions"
          contenteditable="false"
        />
      </div>
      <h2>
        文件上传
      </h2>
      <div
        class="ant-dropdown-trigger ant-md-input-field"
        style="border-radius: 12px;"
      >
        <div
          class="ant-md-input-field-background"
        >
          <svg
            fill="none"
            height="100%"
            style="border-radius: inherit;"
            version="1.1"
            width="100%"
            xmlns="http://www.w3.org/2000/svg"
            xmlns:xlink="http://www.w3.org/1999/xlink"
          >
            <defs>
              <lineargradient
                id="master_svg1_55_47405"
                x1="2.463307335887066e-16"
                x2="0.9838055372238159"
                y1="0.5"
                y2="0.5"
              >
                <stop
                  offset="0%"
                  stop-color="#CD36FF"
                  stop-opacity="0.6300000071525574"
                >
                  <animate
                    attributeName="stop-color"
                    dur="4s"
                    repeatCount="indefinite"
                    values="#CD36FF;  #FFD972;  #5EBFFF;  #6FFFA7;#CD36FF"
                  />
                </stop>
                <stop
                  offset="25%"
                  stop-color=" #FFD972"
                  stop-opacity="0.6300000071525574"
                >
                  <animate
                    attributeName="stop-color"
                    dur="4s"
                    repeatCount="indefinite"
                    values=" #FFD972;  #5EBFFF;  #6FFFA7; #CD36FF; #FFD972"
                  />
                </stop>
                <stop
                  offset="50%"
                  stop-color=" #5EBFFF"
                  stop-opacity="0.6300000071525574"
                >
                  <animate
                    attributeName="stop-color"
                    dur="4s"
                    repeatCount="indefinite"
                    values=" #5EBFFF;  #6FFFA7; #CD36FF;  #FFD972; #5EBFFF"
                  />
                </stop>
                <stop
                  offset="75%"
                  stop-color=" #6FFFA7"
                  stop-opacity="0.6300000071525574"
                >
                  <animate
                    attributeName="stop-color"
                    dur="4s"
                    repeatCount="indefinite"
                    values=" #6FFFA7; #CD36FF;  #FFD972;  #5EBFFF; #6FFFA7"
                  />
                </stop>
              </lineargradient>
            </defs>
            <g>
              <rect
                fill="url(#master_svg1_55_47405)"
                height="100%"
                width="100%"
                x="0"
                y="0"
              />
            </g>
          </svg>
        </div>
        <div
          class="ant-md-input-field-editor"
          style="border-radius: 10px; max-height: 210px;"
        >
          <div
            class="ant-md-editor-attachment-list"
            style="height: 0px; overflow: hidden; padding: 0px; opacity: 1;"
          >
            <div
              class="ant-image ant-image-error"
            >
              <img
                alt="Preview"
                class="ant-image-img"
                style="display: none;"
              />
              <div
                class="ant-image-mask"
                style="display: none;"
              >
                <div
                  class="ant-image-mask-info"
                >
                  <span
                    aria-label="eye"
                    class="anticon anticon-eye"
                    role="img"
                  >
                    <svg
                      aria-hidden="true"
                      data-icon="eye"
                      fill="currentColor"
                      focusable="false"
                      height="1em"
                      viewBox="64 64 896 896"
                      width="1em"
                    >
                      <path
                        d="M942.2 486.2C847.4 286.5 704.1 186 512 186c-192.2 0-335.4 100.5-430.2 300.3a60.3 60.3 0 000 51.5C176.6 737.5 319.9 838 512 838c192.2 0 335.4-100.5 430.2-300.3 7.7-16.2 7.7-35 0-51.5zM512 766c-161.3 0-279.4-81.8-362.7-254C232.6 339.8 350.7 258 512 258c161.3 0 279.4 81.8 362.7 254C791.5 684.2 673.4 766 512 766zm-4-430c-97.2 0-176 78.8-176 176s78.8 176 176 176 176-78.8 176-176-78.8-176-176-176zm0 288c-61.9 0-112-50.1-112-112s50.1-112 112-112 112 50.1 112 112-50.1 112-112 112z"
                      />
                    </svg>
                  </span>
                  Preview
                </div>
              </div>
            </div>
          </div>
          <div
            class="ant-md-editor-attachment-list-close-icon"
            style="opacity: 0; transition: all 0.3s cubic-bezier(0.4, 0, 0.2, 1);"
          >
            <span
              aria-label="delete"
              class="anticon anticon-delete"
              role="img"
            >
              <svg
                aria-hidden="true"
                data-icon="delete"
                fill="currentColor"
                focusable="false"
                height="1em"
                viewBox="64 64 896 896"
                width="1em"
              >
                <path
                  d="M360 184h-8c4.4 0 8-3.6 8-8v8h304v-8c0 4.4 3.6 8 8 8h-8v72h72v-80c0-35.3-28.7-64-64-64H352c-35.3 0-64 28.7-64 64v80h72v-72zm504 72H160c-17.7 0-32 14.3-32 32v32c0 4.4 3.6 8 8 8h60.4l24.7 523c1.6 34.1 29.8 61 63.9 61h454c34.2 0 62.3-26.8 63.9-61l24.7-523H888c4.4 0 8-3.6 8-8v-32c0-17.7-14.3-32-32-32zM731.3 840H292.7l-24.2-512h487l-24.2 512z"
                />
              </svg>
            </span>
          </div>
          <div
            class="markdown-editor ant-md-editor ant-md-editor-edit"
            style="width: 100%; height: 100%; display: flex; flex-direction: column; max-height: 100%; min-height: 32px; cursor: auto; opacity: 1;"
          >
            <div
              style="padding: 12px 64px 12px 12px; overflow: auto; display: flex; height: 100%; position: relative; gap: 24px;"
            >
              <div
                aria-multiline="true"
                autocapitalize="false"
                autocorrect="false"
                class="ant-md-editor-content-focus ant-md-editor-content ant-md-editor-content-edit"
                contenteditable="true"
                data-slate-editor="true"
                data-slate-node="value"
                role="textbox"
                spellcheck="false"
                style="position: relative; white-space: pre-wrap; word-wrap: break-word; font-size: 14px;"
                zindex="-1"
              >
                <div
                  class="ant-md-editor-drag-el empty"
                  data-be="paragraph"
                  data-slate-node="element"
                >
                  <span
                    contenteditable="false"
                    style="font-size: 0px; line-height: 0; display: inline-block;"
                  >
                     
                  </span>
                  <span
                    data-slate-node="text"
                  >
                    <span
                      class=" "
                      data-be="text"
                      data-slate-leaf="true"
                      draggable="false"
                    >
                      <span
                        data-slate-length="0"
                        data-slate-zero-width="n"
                      >
                        ﻿
                        <br />
                      </span>
                    </span>
                  </span>
                  <span
                    contenteditable="false"
                    style="font-size: 0px; line-height: 0; display: inline-block;"
                  >
                     
                  </span>
                </div>
              </div>
            </div>
          </div>
        </div>
        <div
          class="ant-md-input-field-send-before-actions"
          contenteditable="false"
        />
        <div
          class="ant-md-input-field-send-actions"
          contenteditable="false"
        >
          <div
            class="ant-md-editor-attachment-button"
          >
            <svg
              aria-describedby="test-id"
              fill="none"
              height="1em"
              version="1.1"
              viewBox="0 0 12.076727867126465 12.392213821411133"
              width="1em"
              xmlns="http://www.w3.org/2000/svg"
              xmlns:xlink="http://www.w3.org/1999/xlink"
            >
              <g>
                <path
                  d="M3.50024,8.033940000000001L8.31124,3.22861L8.31036,3.22772Q8.385,3.15316,8.42541,3.0557Q8.465810000000001,2.95824,8.465810000000001,2.85274Q8.465810000000001,2.80054,8.45563,2.74934Q8.44544,2.69814,8.42547,2.64991Q8.40549,2.60169,8.37649,2.55828Q8.34749,2.51488,8.31058,2.47797Q8.27366,2.4410600000000002,8.230260000000001,2.4120600000000003Q8.18686,2.38306,8.13863,2.36308Q8.090399999999999,2.3430999999999997,8.03921,2.33292Q7.98801,2.32274,7.93581,2.32274Q7.83047,2.32274,7.73313,2.3630199999999997Q7.6358,2.4032999999999998,7.56126,2.47775L7.56038,2.4768600000000003L2.74938,7.2822Q2.26143,7.77015,2.26143,8.459900000000001Q2.26143,9.14966,2.74916,9.63739Q3.23689,10.12512,3.92664,10.12512Q4.6164,10.12512,5.10413,9.63739L9.97136,4.78149Q10.79225,3.95976,10.79135,2.79919Q10.79055,1.63862,9.96918,0.8187Q9.14781,-0.001222999999999974,7.98724,0.000001999999999946489Q6.82667,0.0012259999999999494,6.00703,0.822881L1.15116,5.67875Q-0.0002809999999999757,6.83099,0,8.45975Q0.0002809999999999757,10.08851,1.15199,11.24025Q2.3037,12.39195,3.93246,12.39225Q5.56122,12.39245,6.71333,11.24115L11.92115,6.03339L11.92025,6.0325Q11.99475,5.95796,12.03515,5.86056Q12.07545,5.76316,12.07545,5.65774Q12.07545,5.60554,12.06525,5.55434Q12.05515,5.50314,12.03515,5.45491Q12.01515,5.40669,11.98615,5.36328Q11.95715,5.31988,11.92025,5.28297Q11.88335,5.24606,11.83995,5.21706Q11.79655,5.18806,11.74825,5.16808Q11.70005,5.1481,11.64885,5.13792Q11.59765,5.12774,11.54545,5.12774Q11.44005,5.12774,11.34265,5.16808Q11.24525,5.20842,11.17075,5.28297L11.16985,5.28209L5.96229,10.48962Q5.12141,11.32995,3.93265,11.32975Q2.74388,11.32955,1.90329,10.48892Q1.062705,9.64834,1.0625,8.45957Q1.062295,7.2708,1.90246,6.43005L6.75925,1.57326Q7.268,1.063261,7.98836,1.0625010000000001Q8.70872,1.061741,9.21855,1.57066Q9.72837,2.07959,9.72888,2.79995Q9.72939,3.52031,9.22093,4.029310000000001L4.35283,8.88609Q3.92664,9.31227,3.50046,8.88609Q3.07428,8.459900000000001,3.50024,8.033940000000001Z"
                  fill="currentColor"
                  fill-opacity="1"
                  fill-rule="evenodd"
                />
              </g>
            </svg>
          </div>
        </div>
      </div>
      <h2>
        滚动条
      </h2>
      <div
        class="ant-dropdown-trigger ant-md-input-field"
        style="border-radius: 12px;"
      >
        <div
          class="ant-md-input-field-background"
        >
          <svg
            fill="none"
            height="100%"
            style="border-radius: inherit;"
            version="1.1"
            width="100%"
            xmlns="http://www.w3.org/2000/svg"
            xmlns:xlink="http://www.w3.org/1999/xlink"
          >
            <defs>
              <lineargradient
                id="master_svg1_55_47405"
                x1="2.463307335887066e-16"
                x2="0.9838055372238159"
                y1="0.5"
                y2="0.5"
              >
                <stop
                  offset="0%"
                  stop-color="#CD36FF"
                  stop-opacity="0.6300000071525574"
                >
                  <animate
                    attributeName="stop-color"
                    dur="4s"
                    repeatCount="indefinite"
                    values="#CD36FF; #FFD972; #5EBFFF; #6FFFA7;#CD36FF"
                  />
                </stop>
                <stop
                  offset="25%"
                  stop-color="#FFD972"
                  stop-opacity="0.6300000071525574"
                >
                  <animate
                    attributeName="stop-color"
                    dur="4s"
                    repeatCount="indefinite"
                    values="#FFD972; #5EBFFF; #6FFFA7; #CD36FF;#FFD972"
                  />
                </stop>
                <stop
                  offset="50%"
                  stop-color="#5EBFFF"
                  stop-opacity="0.6300000071525574"
                >
                  <animate
                    attributeName="stop-color"
                    dur="4s"
                    repeatCount="indefinite"
                    values="#5EBFFF; #6FFFA7; #CD36FF; #FFD972;#5EBFFF"
                  />
                </stop>
                <stop
                  offset="75%"
                  stop-color="#6FFFA7"
                  stop-opacity="0.6300000071525574"
                >
                  <animate
                    attributeName="stop-color"
                    dur="4s"
                    repeatCount="indefinite"
                    values="#6FFFA7; #CD36FF; #FFD972; #5EBFFF;#6FFFA7"
                  />
                </stop>
              </lineargradient>
            </defs>
            <g>
              <rect
                fill="url(#master_svg1_55_47405)"
                height="100%"
                width="100%"
                x="0"
                y="0"
              />
            </g>
          </svg>
        </div>
        <div
          class="ant-md-input-field-editor"
          style="border-radius: 10px; max-height: 120px;"
        >
          <div
            class="markdown-editor ant-md-editor ant-md-editor-edit"
            style="width: 100%; height: 100%; display: flex; flex-direction: column; max-height: 100%; min-height: 32px; cursor: auto; opacity: 1;"
          >
            <div
              style="padding: 12px 64px 12px 12px; overflow: auto; display: flex; height: 100%; position: relative; gap: 24px;"
            >
              <div
                aria-multiline="true"
                autocapitalize="false"
                autocorrect="false"
                class="ant-md-editor-content-focus ant-md-editor-content ant-md-editor-content-edit"
                contenteditable="true"
                data-slate-editor="true"
                data-slate-node="value"
                role="textbox"
                spellcheck="false"
                style="position: relative; white-space: pre-wrap; word-wrap: break-word; font-size: 14px;"
                zindex="-1"
              >
                <div
                  class="ant-md-editor-drag-el"
                  data-be="paragraph"
                  data-slate-node="element"
                >
                  <span
                    contenteditable="false"
                    style="font-size: 0px; line-height: 0; display: inline-block;"
                  >
                     
                  </span>
                  <span
                    data-slate-node="text"
                  >
                    <span
                      class=" "
                      data-be="text"
                      data-slate-leaf="true"
                      draggable="false"
                    >
                      <span
                        data-slate-string="true"
                      >
                        《原神》克洛琳德将于6月正式上线 ，官方也放出了克洛琳德的突破材料 ，那么克洛琳德的突破材料都是什么 ，又要在哪里采集呢 ？下面请看由“关蝎”为大家分享的《原神》克洛琳德突破材料一览 ，希望可以帮助到大家 。《原神》克洛琳德将于6月正式上线 ，官方也放出了克洛琳德的突破材料 ，那么克洛琳德的突破材料都是什么 ，又要在哪里采集呢 ？下面请看由“关蝎”为大家分享的《原神》克洛琳德突破材料一览 ，希望可以帮助到大家 。《原神》克洛琳德将于6月正式上线 ，官方也放出了克洛琳德的突破材料 ，那么克洛琳德的突破材料都是什么 ，又要在哪里采集呢 ？下面请看由“关蝎”为大家分享的《原神》克洛琳德突破材料一览 ，希望可以帮助到大家 。《原神》克洛琳德将于6月正式上线 ，官方也放出了克洛琳德的突破材料 ，那么克洛琳德的突破材料都是什么 ，又要在哪里采集呢 ？下面请看由“关蝎”为大家分享的《原神》克洛琳德突破材料一览 ，希望可以帮助到大家 。
                      </span>
                    </span>
                  </span>
                  <span
                    contenteditable="false"
                    style="font-size: 0px; line-height: 0; display: inline-block;"
                  >
                     
                  </span>
                </div>
              </div>
            </div>
          </div>
        </div>
        <div
          class="ant-md-input-field-send-before-actions"
          contenteditable="false"
        />
        <div
          class="ant-md-input-field-send-actions"
          contenteditable="false"
        />
      </div>
      <h2>
        disable
      </h2>
      <div
        class="ant-dropdown-trigger ant-md-input-field ant-md-input-field-disabled"
        style="border-radius: 12px;"
      >
        <div
          class="ant-md-input-field-background"
        >
          <svg
            fill="none"
            height="100%"
            style="border-radius: inherit;"
            version="1.1"
            width="100%"
            xmlns="http://www.w3.org/2000/svg"
            xmlns:xlink="http://www.w3.org/1999/xlink"
          >
            <defs>
              <lineargradient
                id="master_svg1_55_47405"
                x1="2.463307335887066e-16"
                x2="0.9838055372238159"
                y1="0.5"
                y2="0.5"
              >
                <stop
                  offset="0%"
                  stop-color="#CD36FF"
                  stop-opacity="0.6300000071525574"
                >
                  <animate
                    attributeName="stop-color"
                    dur="4s"
                    repeatCount="indefinite"
                    values="#CD36FF; #FFD972; #5EBFFF; #6FFFA7;#CD36FF"
                  />
                </stop>
                <stop
                  offset="25%"
                  stop-color="#FFD972"
                  stop-opacity="0.6300000071525574"
                >
                  <animate
                    attributeName="stop-color"
                    dur="4s"
                    repeatCount="indefinite"
                    values="#FFD972; #5EBFFF; #6FFFA7; #CD36FF;#FFD972"
                  />
                </stop>
                <stop
                  offset="50%"
                  stop-color="#5EBFFF"
                  stop-opacity="0.6300000071525574"
                >
                  <animate
                    attributeName="stop-color"
                    dur="4s"
                    repeatCount="indefinite"
                    values="#5EBFFF; #6FFFA7; #CD36FF; #FFD972;#5EBFFF"
                  />
                </stop>
                <stop
                  offset="75%"
                  stop-color="#6FFFA7"
                  stop-opacity="0.6300000071525574"
                >
                  <animate
                    attributeName="stop-color"
                    dur="4s"
                    repeatCount="indefinite"
                    values="#6FFFA7; #CD36FF; #FFD972; #5EBFFF;#6FFFA7"
                  />
                </stop>
              </lineargradient>
            </defs>
            <g>
              <rect
                fill="url(#master_svg1_55_47405)"
                height="100%"
                width="100%"
                x="0"
                y="0"
              />
            </g>
          </svg>
        </div>
        <div
          class="ant-md-input-field-editor ant-md-input-field-editor-disabled"
          style="border-radius: 10px; max-height: 120px;"
        >
          <div
            class="markdown-editor ant-md-editor ant-md-editor-edit"
            style="width: 100%; height: 100%; display: flex; flex-direction: column; max-height: 100%; min-height: 32px; cursor: not-allowed; opacity: 0.5;"
          >
            <div
              style="padding: 12px 64px 12px 12px; overflow: auto; display: flex; height: 100%; position: relative; gap: 24px;"
            >
              <div
                aria-multiline="true"
                autocapitalize="false"
                autocorrect="false"
                class="ant-md-editor-content-focus ant-md-editor-content ant-md-editor-content-edit"
                contenteditable="true"
                data-slate-editor="true"
                data-slate-node="value"
                role="textbox"
                spellcheck="false"
                style="position: relative; white-space: pre-wrap; word-wrap: break-word; font-size: 14px;"
                zindex="-1"
              >
                <div
                  class="ant-md-editor-drag-el empty"
                  data-be="paragraph"
                  data-slate-node="element"
                >
                  <span
                    contenteditable="false"
                    style="font-size: 0px; line-height: 0; display: inline-block;"
                  >
                     
                  </span>
                  <span
                    data-slate-node="text"
                  >
                    <span
                      class=" "
                      data-be="text"
                      data-slate-leaf="true"
                      draggable="false"
                    >
                      <span
                        data-slate-length="0"
                        data-slate-zero-width="n"
                      >
                        ﻿
                        <br />
                      </span>
                    </span>
                  </span>
                  <span
                    contenteditable="false"
                    style="font-size: 0px; line-height: 0; display: inline-block;"
                  >
                     
                  </span>
                </div>
              </div>
            </div>
          </div>
        </div>
        <div
          class="ant-md-input-field-send-before-actions"
          contenteditable="false"
        />
        <div
          class="ant-md-input-field-send-actions"
          contenteditable="false"
        />
      </div>
      <div>
        颜色
        <div
          aria-describedby="test-id"
          class="ant-color-picker-trigger"
        >
          <div
            class="ant-color-picker-color-block"
          >
            <div
              class="ant-color-picker-color-block-inner"
              style="background: rgb(205, 54, 255);"
            />
          </div>
        </div>
        <div
          aria-describedby="test-id"
          class="ant-color-picker-trigger"
        >
          <div
            class="ant-color-picker-color-block"
          >
            <div
              class="ant-color-picker-color-block-inner"
              style="background: rgb(255, 217, 114);"
            />
          </div>
        </div>
        <div
          aria-describedby="test-id"
          class="ant-color-picker-trigger"
        >
          <div
            class="ant-color-picker-color-block"
          >
            <div
              class="ant-color-picker-color-block-inner"
              style="background: rgb(94, 191, 255);"
            />
          </div>
        </div>
        <div
          aria-describedby="test-id"
          class="ant-color-picker-trigger"
        >
          <div
            class="ant-color-picker-color-block"
          >
            <div
              class="ant-color-picker-color-block-inner"
              style="background: rgb(111, 255, 167);"
            />
          </div>
        </div>
      </div>
      <svg
        fill="none"
        height="100%"
        style="border-radius: 0;"
        version="1.1"
        width="100%"
        xmlns="http://www.w3.org/2000/svg"
        xmlns:xlink="http://www.w3.org/1999/xlink"
      >
        <defs>
          <lineargradient
            id="master_svg1_55_47405"
            x1="2.463307335887066e-16"
            x2="0.9838055372238159"
            y1="0.5"
            y2="0.5"
          >
            <stop
              offset="0%"
              stop-color="#CD36FF"
              stop-opacity="0.6300000071525574"
            >
              <animate
                attributeName="stop-color"
                dur="3s"
                repeatCount="indefinite"
                values="#CD36FF;  #FFD972;  #5EBFFF;  #6FFFA7;#CD36FF"
              />
            </stop>
            <stop
              offset="25%"
              stop-color=" #FFD972"
              stop-opacity="0.6300000071525574"
            >
              <animate
                attributeName="stop-color"
                dur="3s"
                repeatCount="indefinite"
                values=" #FFD972;  #5EBFFF;  #6FFFA7; #CD36FF; #FFD972"
              />
            </stop>
            <stop
              offset="50%"
              stop-color=" #5EBFFF"
              stop-opacity="0.6300000071525574"
            >
              <animate
                attributeName="stop-color"
                dur="3s"
                repeatCount="indefinite"
                values=" #5EBFFF;  #6FFFA7; #CD36FF;  #FFD972; #5EBFFF"
              />
            </stop>
            <stop
              offset="75%"
              stop-color=" #6FFFA7"
              stop-opacity="0.6300000071525574"
            >
              <animate
                attributeName="stop-color"
                dur="3s"
                repeatCount="indefinite"
                values=" #6FFFA7; #CD36FF;  #FFD972;  #5EBFFF; #6FFFA7"
              />
            </stop>
          </lineargradient>
        </defs>
        <g>
          <rect
            fill="url(#master_svg1_55_47405)"
            height="100%"
            width="100%"
            x="0"
            y="0"
          />
        </g>
      </svg>
    </div>
  </div>
</DocumentFragment>