<DocumentFragment>
  <div
    class="ant-app"
  >
    <div>
      test
    </div>
    <div
      class="markdown-editor ant-md-editor ant-md-editor-edit ant-md-editor-report"
      style="width: 100vw; height: 100vh; display: flex; flex-direction: column; max-height: 100%;"
    >
      <div
        style="padding: 12px 20px; overflow: auto; display: flex; height: 100%; position: relative; gap: 24px;"
      >
        <div
          aria-multiline="true"
          autocapitalize="false"
          autocorrect="false"
          class="ant-md-editor-content-focus ant-md-editor-content ant-md-editor-content-report ant-md-editor-content-edit"
          contenteditable="true"
          data-slate-editor="true"
          data-slate-node="value"
          role="textbox"
          spellcheck="false"
          style="position: relative; white-space: pre-wrap; word-wrap: break-word; font-size: 16px;"
          zindex="-1"
        >
          <div
            class="ant-md-editor-drag-el"
            data-be="paragraph"
            data-slate-node="element"
          >
            <span
              data-slate-node="text"
            >
              <span
                class=" "
                data-be="text"
                data-slate-leaf="true"
                draggable="false"
              >
                <span
                  data-slate-string="true"
                >
                  你好，hhhh
                </span>
              </span>
            </span>
          </div>
          <div
            class="ant-md-editor-drag-el"
            data-be="paragraph"
            data-slate-node="element"
          >
            <span
              data-slate-node="text"
            >
              <span
                class=" "
                data-be="text"
                data-slate-leaf="true"
                draggable="false"
              >
                <span
                  data-slate-string="true"
                >
                  哒哒哒哒
                </span>
              </span>
            </span>
          </div>
          <div
            data-be="card"
            data-slate-node="element"
            style="display: flex; gap: 4px; max-width: 100%; align-items: flex-end;"
          >
            <span
              data-be="card-before"
              data-slate-node="element"
              style="min-width: 4px; height: 100%; font-weight: 800; position: relative; z-index: 99; font-size: 2em; display: none; line-height: 1;"
            >
              <span
                data-slate-node="text"
              >
                <span
                  class=" "
                  data-be="text"
                  data-slate-leaf="true"
                  draggable="false"
                >
                  <span
                    data-slate-length="0"
                    data-slate-zero-width="n"
                  >
                    ﻿
                    <br />
                  </span>
                </span>
              </span>
            </span>
            <div
              class="ant-md-editor-content-table-container ant-md-editor-content-table-container-editable"
              data-be="table"
              data-slate-node="element"
              draggable="false"
              tabindex="0"
            >
              <div
                style="max-width: 100%; width: 100%;"
              >
                <div
                  aria-describedby="test-id"
                  class="ant-md-editor-content-table"
                  style="flex: 1; min-width: 0;"
                >
                  <table
                    class="ant-md-editor-content-table-editor-table"
                  >
                    <tbody
                      data-slate-node="element"
                    >
                      <tr
                        data-slate-node="element"
                      >
                        <td
                          data-be="td"
                          data-slate-node="element"
                          style="max-width: 200px; overflow: auto; text-wrap: wrap;"
                        >
                          <div
                            class="ant-md-editor-drag-el"
                            data-be="paragraph"
                            data-slate-node="element"
                          >
                            <span
                              data-slate-node="text"
                            >
                              <span
                                class=" "
                                data-be="text"
                                data-slate-leaf="true"
                                draggable="false"
                              >
                                <span
                                  data-slate-string="true"
                                >
                                  111
                                </span>
                              </span>
                            </span>
                          </div>
                        </td>
                        <td
                          data-be="td"
                          data-slate-node="element"
                          style="max-width: 200px; overflow: auto; text-wrap: wrap;"
                        >
                          <div
                            class="ant-md-editor-drag-el"
                            data-be="paragraph"
                            data-slate-node="element"
                          >
                            <span
                              data-slate-node="text"
                            >
                              <span
                                class=" "
                                data-be="text"
                                data-slate-leaf="true"
                                draggable="false"
                              >
                                <span
                                  data-slate-string="true"
                                >
                                  111
                                </span>
                              </span>
                            </span>
                          </div>
                        </td>
                        <td
                          data-be="td"
                          data-slate-node="element"
                          style="max-width: 200px; overflow: auto; text-wrap: wrap;"
                        >
                          <div
                            class="ant-md-editor-drag-el"
                            data-be="paragraph"
                            data-slate-node="element"
                          >
                            <span
                              data-slate-node="text"
                            >
                              <span
                                class=" "
                                data-be="text"
                                data-slate-leaf="true"
                                draggable="false"
                              >
                                <span
                                  data-slate-string="true"
                                >
                                  1111
                                </span>
                              </span>
                            </span>
                          </div>
                        </td>
                      </tr>
                      <tr
                        data-slate-node="element"
                      >
                        <td
                          data-be="td"
                          data-slate-node="element"
                          style="max-width: 200px; overflow: auto; text-wrap: wrap;"
                        >
                          <div
                            class="ant-md-editor-drag-el"
                            data-be="paragraph"
                            data-slate-node="element"
                          >
                            <span
                              data-slate-node="text"
                            >
                              <span
                                class=" "
                                data-be="text"
                                data-slate-leaf="true"
                                draggable="false"
                              >
                                <span
                                  data-slate-string="true"
                                >
                                  1
                                </span>
                              </span>
                            </span>
                          </div>
                        </td>
                        <td
                          data-be="td"
                          data-slate-node="element"
                          style="max-width: 200px; overflow: auto; text-wrap: wrap;"
                        >
                          <div
                            class="ant-md-editor-drag-el"
                            data-be="paragraph"
                            data-slate-node="element"
                          >
                            <span
                              data-slate-node="text"
                            >
                              <span
                                class=" "
                                data-be="text"
                                data-slate-leaf="true"
                                draggable="false"
                              >
                                <span
                                  data-slate-string="true"
                                >
                                  111
                                </span>
                              </span>
                            </span>
                          </div>
                        </td>
                        <td
                          data-be="td"
                          data-slate-node="element"
                          style="max-width: 200px; overflow: auto; text-wrap: wrap;"
                        >
                          <div
                            class="ant-md-editor-drag-el"
                            data-be="paragraph"
                            data-slate-node="element"
                          >
                            <span
                              data-slate-node="text"
                            >
                              <span
                                class=" "
                                data-be="text"
                                data-slate-leaf="true"
                                draggable="false"
                              >
                                <span
                                  data-slate-string="true"
                                >
                                  11
                                </span>
                              </span>
                            </span>
                          </div>
                        </td>
                      </tr>
                      <tr
                        data-slate-node="element"
                      >
                        <td
                          data-be="td"
                          data-slate-node="element"
                          style="max-width: 200px; overflow: auto; text-wrap: wrap;"
                        >
                          <div
                            class="ant-md-editor-drag-el"
                            data-be="paragraph"
                            data-slate-node="element"
                          >
                            <span
                              data-slate-node="text"
                            >
                              <span
                                class=" "
                                data-be="text"
                                data-slate-leaf="true"
                                draggable="false"
                              >
                                <span
                                  data-slate-string="true"
                                >
                                  111
                                </span>
                              </span>
                            </span>
                          </div>
                        </td>
                        <td
                          data-be="td"
                          data-slate-node="element"
                          style="max-width: 200px; overflow: auto; text-wrap: wrap;"
                        >
                          <div
                            class="ant-md-editor-drag-el"
                            data-be="paragraph"
                            data-slate-node="element"
                          >
                            <span
                              data-slate-node="text"
                            >
                              <span
                                class=" "
                                data-be="text"
                                data-slate-leaf="true"
                                draggable="false"
                              >
                                <span
                                  data-slate-string="true"
                                >
                                  111
                                </span>
                              </span>
                            </span>
                          </div>
                        </td>
                        <td
                          data-be="td"
                          data-slate-node="element"
                          style="max-width: 200px; overflow: auto; text-wrap: wrap;"
                        >
                          <div
                            class="ant-md-editor-drag-el"
                            data-be="paragraph"
                            data-slate-node="element"
                          >
                            <span
                              data-slate-node="text"
                            >
                              <span
                                class=" "
                                data-be="text"
                                data-slate-leaf="true"
                                draggable="false"
                              >
                                <span
                                  data-slate-string="true"
                                >
                                  111
                                </span>
                              </span>
                            </span>
                          </div>
                        </td>
                      </tr>
                    </tbody>
                  </table>
                </div>
              </div>
            </div>
            <span
              data-be="card-after"
              data-slate-node="element"
              style="min-width: 4px; height: 100%; position: relative; line-height: 1; z-index: 99; font-size: 2em; overflow: hidden; display: inline-block;"
            >
              <span
                data-slate-node="text"
              >
                <span
                  class=" "
                  data-be="text"
                  data-slate-leaf="true"
                  draggable="false"
                >
                  <span
                    data-slate-length="0"
                    data-slate-zero-width="n"
                  >
                    ﻿
                    <br />
                  </span>
                </span>
              </span>
            </span>
          </div>
        </div>
      </div>
      <div
        class="ant-md-editor-focus"
        style="height: 64px;"
      />
    </div>
  </div>
</DocumentFragment>