<DocumentFragment>
  <div
    class="ant-app"
  >
    <div>
      test
    </div>
    <div
      style="border-radius: 20px; background: rgb(253, 254, 254); box-shadow: 0px 0px 1px 0px rgba(0, 19, 41, 0.2), 0px 1.5px 4px -1px rgba(0, 19, 41, 0.04); width: 830px; display: flex; flex-direction: column; justify-content: space-between; padding: 0px; z-index: 0; margin: 24px auto;"
    >
      <div />
    </div>
  </div>
</DocumentFragment>