<DocumentFragment>
  <div
    class="ant-app"
  >
    <div>
      test
    </div>
    <div
      style="max-width: 800px; margin: 0px auto; padding: 24px;"
    >
      <div
        style="margin-bottom: 24px;"
      >
        <h3>
          🎯 文件加载状态控制
        </h3>
        <div
          class="ant-space ant-space-vertical ant-space-gap-row-small ant-space-gap-col-small"
          style="width: 100%;"
        >
          <div
            class="ant-space-item"
          >
            <div>
              <div
                class="ant-space ant-space-horizontal ant-space-align-center ant-space-gap-row-small ant-space-gap-col-small"
              >
                <div
                  class="ant-space-item"
                >
                  <span>
                    文件加载状态：
                  </span>
                </div>
                <div
                  class="ant-space-item"
                >
                  <button
                    aria-checked="false"
                    class="ant-switch"
                    role="switch"
                    type="button"
                  >
                    <div
                      class="ant-switch-handle"
                    />
                    <span
                      class="ant-switch-inner"
                    >
                      <span
                        class="ant-switch-inner-checked"
                      >
                        上传中
                      </span>
                      <span
                        class="ant-switch-inner-unchecked"
                      >
                        已完成
                      </span>
                    </span>
                  </button>
                </div>
                <div
                  class="ant-space-item"
                >
                  <button
                    class="ant-btn ant-btn-primary ant-btn-color-primary ant-btn-variant-solid"
                    type="button"
                  >
                    <span>
                      模拟上传过程
                    </span>
                  </button>
                </div>
              </div>
            </div>
          </div>
        </div>
        <div
          style="margin-top: 8px; color: rgb(102, 102, 102); font-size: 14px;"
        >
          💡 切换开关或点击按钮来体验文件上传加载状态
        </div>
      </div>
      <div
        style="display: flex; flex-direction: column; gap: 16px;"
      >
        <div
          avatar="[object Object]"
          bubbleref="[object Object]"
          data-testid="bubble"
          origindata="[object Object]"
          placement="left"
        >
          bubble
        </div>
        <div
          avatar="[object Object]"
          bubbleref="[object Object]"
          data-testid="bubble"
          origindata="[object Object]"
          placement="right"
        >
          bubble
        </div>
      </div>
      <div
        style="margin-top: 32px; padding: 16px; background-color: rgb(248, 249, 250); border-radius: 8px; font-size: 14px; line-height: 1.6;"
      >
        <h4
          style="margin: 0px 0px 12px 0px;"
        >
          📁 文件加载状态功能说明
        </h4>
        <ul
          style="margin: 0px; padding-left: 20px;"
        >
          <li>
            <strong>
              文件上传：
            </strong>
            支持多种文件类型的上传和预览
          </li>
          <li>
            <strong>
              加载动画：
            </strong>
            文件处理期间显示动态加载指示器
          </li>
          <li>
            <strong>
              进度显示：
            </strong>
            显示文件上传和处理进度
          </li>
          <li>
            <strong>
              文件预览：
            </strong>
            支持图片、文档等文件的在线预览
          </li>
          <li>
            <strong>
              下载功能：
            </strong>
            用户可以下载已上传的文件
          </li>
          <li>
            <strong>
              错误处理：
            </strong>
            文件上传失败时的错误提示和重试
          </li>
        </ul>
      </div>
      <div
        style="margin-top: 24px; padding: 16px; background-color: rgb(255, 247, 230); border-radius: 8px; font-size: 14px; line-height: 1.6;"
      >
        <h4
          style="margin: 0px 0px 12px 0px;"
        >
          📋 支持的文件类型
        </h4>
        <div
          style="display: grid; grid-template-columns: repeat(2, 1fr); gap: 8px;"
        >
          <div>
            <strong>
              图片文件：
            </strong>
            <div
              style="font-size: 12px; color: rgb(102, 102, 102);"
            >
              PNG, JPG, GIF, SVG, WebP
            </div>
          </div>
          <div>
            <strong>
              文档文件：
            </strong>
            <div
              style="font-size: 12px; color: rgb(102, 102, 102);"
            >
              PDF, DOC, TXT, MD, RTF
            </div>
          </div>
          <div>
            <strong>
              代码文件：
            </strong>
            <div
              style="font-size: 12px; color: rgb(102, 102, 102);"
            >
              JS, TS, PY, JAVA, C++, C#
            </div>
          </div>
          <div>
            <strong>
              数据文件：
            </strong>
            <div
              style="font-size: 12px; color: rgb(102, 102, 102);"
            >
              JSON, CSV, XML, YAML
            </div>
          </div>
        </div>
      </div>
      <div
        style="margin-top: 24px; padding: 16px; background-color: rgb(230, 247, 255); border-radius: 8px; font-size: 14px; line-height: 1.6;"
      >
        <h4
          style="margin: 0px 0px 12px 0px;"
        >
          📖 API 说明
        </h4>
        <div
          style="font-family: monospace; font-size: 13px;"
        >
          <div>
            <strong>
              fileMap:
            </strong>
             Map&lt;string, File&gt; - 文件附件映射
          </div>
          <div>
            <strong>
              loading:
            </strong>
             boolean - 控制是否显示加载状态
          </div>
          <div>
            <strong>
              typing:
            </strong>
             boolean - 控制是否显示打字效果
          </div>
          <div>
            <strong>
              isFinished:
            </strong>
             boolean - 文件处理是否完成
          </div>
        </div>
      </div>
    </div>
  </div>
</DocumentFragment>