<DocumentFragment>
  <div
    class="ant-app"
  >
    <div>
      test
    </div>
    <div
      class="ant-agent-bubble-list"
      data-chat-list="3"
      style="height: 400px; overflow: auto;"
    >
      <div>
        <div
          class="ant-agent-list ant-agent-list-left ant-flex ant-flex-align-stretch ant-flex-vertical"
          data-id="1"
          id="1"
          style="gap: 12px;"
        >
          <div
            class="ant-agent-list-bubble-container"
            style="display: flex; flex-direction: column; gap: 8px; align-items: flex-start; opacity: 1; transform: none;"
          >
            <div
              class="ant-agent-list-bubble-avatar-title ant-agent-list-bubble-avatar-title-left"
            >
              <span
                class="ant-avatar ant-avatar-circle ant-avatar-image ant-agent-list-bubble-avatar"
                data-testid="bubble-avatar"
                style="width: 24px; height: 24px; font-size: 18px; cursor: default;"
              >
                <img
                  alt="avatar"
                  src="https://gw.alipayobjects.com/zos/rmsportal/KDpgvguMpGfqaHPjicRK.svg"
                />
              </span>
              <span>
                Agentar
              </span>
              <div
                class="ant-agent-list-bubble-title ant-flex"
                data-testid="bubble-title"
                style="flex-direction: row; gap: 8px;"
              >
                Ant Design
                <time
                  class="ant-agent-list-bubble-title-time"
                  data-testid="bubble-time"
                >
                  2024-02-27 17:20:00
                </time>
              </div>
            </div>
            <div
              class="ant-agent-list-bubble-container ant-agent-list-bubble-container-left"
              data-testid="chat-message"
              style="display: flex; gap: 4px; flex-direction: column; opacity: 1; transform: none;"
            >
              <div
                class="ant-agent-list-bubble-before ant-agent-list-bubble-before-left"
                data-testid="message-before"
                style="opacity: 1; transform: none;"
              />
              <div
                class="ant-agent-list-bubble-content ant-agent-list-bubble-content-left"
                data-testid="message-content"
                style="min-width: 0px; opacity: 1; transform: none;"
              >
                <div
                  aria-describedby="test-id"
                  style="display: flex; flex-direction: column; max-width: 100%; min-width: 0;"
                >
                  <div
                    class="markdown-editor ant-md-editor ant-md-editor-readonly"
                    style="width: 100%; height: auto; display: flex; flex-direction: column; max-height: 100%; min-width: min(undefinedpx,100%);"
                  >
                    <div
                      style="padding: 12px 20px; overflow: auto; display: flex; height: 100%; position: relative; gap: 24px; outline: none;"
                      tabindex="-1"
                    >
                      <div
                        autocapitalize="false"
                        autocorrect="false"
                        class="ant-md-editor-content-readonly ant-md-editor-content"
                        data-slate-editor="true"
                        data-slate-node="value"
                        spellcheck="false"
                        style="position: relative; white-space: pre-wrap; word-wrap: break-word; font-size: 14px;"
                        zindex="-1"
                      >
                        <div
                          class="ant-md-editor-drag-el"
                          data-be="paragraph"
                          data-slate-node="element"
                        >
                          <span
                            data-slate-node="text"
                          >
                            <span
                              class=" "
                              data-be="text"
                              data-slate-leaf="true"
                              draggable="false"
                            >
                              <span
                                data-slate-string="true"
                              >
                                你好！我是 Ant Design 聊天助手。
                              </span>
                            </span>
                          </span>
                        </div>
                      </div>
                    </div>
                  </div>
                </div>
              </div>
            </div>
          </div>
        </div>
        <div
          class="ant-agent-list ant-agent-list-right ant-flex ant-flex-align-stretch ant-flex-vertical"
          data-id="2"
          id="2"
          style="gap: 12px;"
        >
          <div
            class="ant-agent-list-bubble-container"
            style="display: flex; flex-direction: column; gap: 8px; align-items: flex-start; opacity: 1; transform: none;"
          >
            <div
              class="ant-agent-list-bubble-container ant-agent-list-bubble-container-right"
              data-testid="chat-message"
              style="display: flex; gap: 4px; flex-direction: column; opacity: 1; transform: none;"
            >
              <div
                class="ant-agent-list-bubble-before ant-agent-list-bubble-before-right"
                data-testid="message-before"
                style="opacity: 1; transform: none;"
              />
              <div
                class="ant-agent-list-bubble-content ant-agent-list-bubble-content-right"
                data-testid="message-content"
                style="min-width: 0px; opacity: 1; transform: none;"
              >
                <div
                  class="agent-item-default-content"
                  data-testid="message-content"
                  style="line-height: 24px;"
                >
                  <div
                    style="display: flex; flex-direction: column; min-width: 0; max-width: 100%;"
                  >
                    <div
                      class="markdown-editor ant-md-editor ant-md-editor-readonly"
                      style="width: 100%; height: auto; display: flex; flex-direction: column; max-height: 100%; min-width: min(undefinedpx,100%);"
                    >
                      <div
                        style="padding: 12px 20px; overflow: auto; display: flex; height: 100%; position: relative; gap: 24px; outline: none; color: rgb(255, 255, 255);"
                        tabindex="-1"
                      >
                        <div
                          autocapitalize="false"
                          autocorrect="false"
                          class="ant-md-editor-content-readonly ant-md-editor-content"
                          data-slate-editor="true"
                          data-slate-node="value"
                          spellcheck="false"
                          style="position: relative; white-space: pre-wrap; word-wrap: break-word; font-size: 14px;"
                          zindex="-1"
                        >
                          <div
                            class="ant-md-editor-drag-el"
                            data-be="paragraph"
                            data-slate-node="element"
                          >
                            <span
                              data-slate-node="text"
                            >
                              <span
                                class=" "
                                data-be="text"
                                data-slate-leaf="true"
                                draggable="false"
                              >
                                <span
                                  data-slate-string="true"
                                >
                                  你好！很高兴认识你。
                                </span>
                              </span>
                            </span>
                          </div>
                        </div>
                      </div>
                    </div>
                  </div>
                </div>
              </div>
            </div>
          </div>
        </div>
        <div
          class="ant-agent-list ant-agent-list-left ant-flex ant-flex-align-stretch ant-flex-vertical"
          data-id="3"
          id="3"
          style="gap: 12px;"
        >
          <div
            class="ant-agent-list-bubble-container"
            style="display: flex; flex-direction: column; gap: 8px; align-items: flex-start; opacity: 1; transform: none;"
          >
            <div
              class="ant-agent-list-bubble-avatar-title ant-agent-list-bubble-avatar-title-left"
            >
              <span
                class="ant-avatar ant-avatar-circle ant-avatar-image ant-agent-list-bubble-avatar"
                data-testid="bubble-avatar"
                style="width: 24px; height: 24px; font-size: 18px; cursor: default;"
              >
                <img
                  alt="avatar"
                  src="https://gw.alipayobjects.com/zos/rmsportal/KDpgvguMpGfqaHPjicRK.svg"
                />
              </span>
              <span>
                Agentar
              </span>
              <div
                class="ant-agent-list-bubble-title ant-flex"
                data-testid="bubble-title"
                style="flex-direction: row; gap: 8px;"
              >
                Ant Design
                <time
                  class="ant-agent-list-bubble-title-time"
                  data-testid="bubble-time"
                >
                  2024-02-27 17:20:00
                </time>
              </div>
            </div>
            <div
              class="ant-agent-list-bubble-container ant-agent-list-bubble-container-left"
              data-testid="chat-message"
              style="display: flex; gap: 4px; flex-direction: column; opacity: 1; transform: none;"
            >
              <div
                class="ant-agent-list-bubble-before ant-agent-list-bubble-before-left"
                data-testid="message-before"
                style="opacity: 1; transform: none;"
              />
              <div
                class="ant-agent-list-bubble-content ant-agent-list-bubble-content-left"
                data-testid="message-content"
                style="min-width: 0px; opacity: 1; transform: none;"
              >
                <div
                  style="display: flex; flex-direction: column; min-width: 0; max-width: 100%;"
                >
                  <div
                    class="markdown-editor ant-md-editor ant-md-editor-readonly"
                    style="width: 100%; height: auto; display: flex; flex-direction: column; max-height: 100%; min-width: min(undefinedpx,100%); padding: 0px; margin: 0px;"
                  >
                    <div
                      style="padding: 12px 20px; overflow: auto; display: flex; height: 100%; position: relative; gap: 24px; outline: none;"
                      tabindex="-1"
                    >
                      <div
                        autocapitalize="false"
                        autocorrect="false"
                        class="ant-md-editor-content-readonly ant-md-editor-content"
                        data-slate-editor="true"
                        data-slate-node="value"
                        spellcheck="false"
                        style="position: relative; white-space: pre-wrap; word-wrap: break-word; font-size: 14px;"
                        zindex="-1"
                      >
                        <div
                          class="ant-md-editor-drag-el"
                          data-be="paragraph"
                          data-slate-node="element"
                        >
                          <span
                            data-slate-node="text"
                          >
                            <span
                              class=" "
                              data-be="text"
                              data-slate-leaf="true"
                              draggable="false"
                            >
                              <span
                                data-slate-string="true"
                              >
                                我可以帮你了解 Ant Design 的各种组件和设计理念。你想了解什么？
                              </span>
                            </span>
                          </span>
                        </div>
                      </div>
                    </div>
                  </div>
                  <div
                    class="ant-chat-item-extra"
                    style="display: flex; gap: 8px; height: 2.8em; align-items: center; justify-content: space-between; width: 100%; min-width: 215px; padding: 0px 12px; color: rgb(102, 111, 141); opacity: 1; transform: none;"
                  >
                    <div
                      style="opacity: 1; transform: none;"
                    >
                      <div />
                    </div>
                    <div
                      class="ant-chat-item-extra-action-box"
                      style="display: flex; gap: 8px; align-items: center; opacity: 1;"
                    >
                      <span
                        aria-describedby="test-id"
                        aria-label="复制"
                        class="ant-md-editor-action-icon-box ant-md-editor-action-icon-box-only-icon"
                        data-testid="chat-item-copy-button"
                        role="button"
                        style="color: rgb(102, 111, 141);"
                        tabindex="0"
                      >
                        <span
                          aria-label="copy"
                          class="anticon anticon-copy"
                          role="img"
                        >
                          <svg
                            aria-hidden="true"
                            data-icon="copy"
                            fill="currentColor"
                            focusable="false"
                            height="1em"
                            viewBox="64 64 896 896"
                            width="1em"
                          >
                            <path
                              d="M832 64H296c-4.4 0-8 3.6-8 8v56c0 4.4 3.6 8 8 8h496v688c0 4.4 3.6 8 8 8h56c4.4 0 8-3.6 8-8V96c0-17.7-14.3-32-32-32zM704 192H192c-17.7 0-32 14.3-32 32v530.7c0 8.5 3.4 16.6 9.4 22.6l173.3 173.3c2.2 2.2 4.7 4 7.4 5.5v1.9h4.2c3.5 1.3 7.2 2 11 2H704c17.7 0 32-14.3 32-32V224c0-17.7-14.3-32-32-32zM350 856.2L263.9 770H350v86.2zM664 888H414V746c0-22.1-17.9-40-40-40H232V264h432v624z"
                            />
                          </svg>
                        </span>
                      </span>
                    </div>
                  </div>
                </div>
              </div>
            </div>
          </div>
        </div>
      </div>
    </div>
    <div
      class="ant-agent-bubble-list ant-agent-bubble-list-loading"
      style="padding: 24px;"
    >
      <div
        class="ant-flex ant-flex-align-stretch ant-flex-vertical"
        style="gap: 24px;"
      >
        <div
          class="ant-skeleton ant-skeleton-with-avatar ant-skeleton-active"
        >
          <div
            class="ant-skeleton-header"
          >
            <span
              class="ant-skeleton-avatar ant-skeleton-avatar-circle"
              style="width: 32px; height: 32px; line-height: 32px;"
            />
          </div>
          <div
            class="ant-skeleton-content"
          >
            <ul
              class="ant-skeleton-paragraph"
            >
              <li
                style="width: 50%;"
              />
              <li
                style="width: 30%;"
              />
            </ul>
          </div>
        </div>
        <div
          class="ant-skeleton ant-skeleton-with-avatar ant-skeleton-active"
          style="transform: rotate(180deg);"
        >
          <div
            class="ant-skeleton-header"
          >
            <span
              class="ant-skeleton-avatar ant-skeleton-avatar-circle"
              style="width: 32px; height: 32px; line-height: 32px;"
            />
          </div>
          <div
            class="ant-skeleton-content"
          >
            <ul
              class="ant-skeleton-paragraph"
            >
              <li
                style="width: 50%;"
              />
              <li
                style="width: 30%;"
              />
            </ul>
          </div>
        </div>
      </div>
    </div>
  </div>
</DocumentFragment>