<DocumentFragment>
  <div
    class="ant-app"
  >
    <div>
      test
    </div>
    <div
      style="max-width: 800px; margin: 0px auto; padding: 24px;"
    >
      <div
        style="margin-bottom: 24px;"
      >
        <h3>
          🎯 消息加载状态控制
        </h3>
        <div
          class="ant-space ant-space-vertical ant-space-gap-row-small ant-space-gap-col-small"
          style="width: 100%;"
        >
          <div
            class="ant-space-item"
          >
            <div>
              <div
                class="ant-space ant-space-horizontal ant-space-align-center ant-space-gap-row-small ant-space-gap-col-small"
              >
                <div
                  class="ant-space-item"
                >
                  <span>
                    消息加载状态：
                  </span>
                </div>
                <div
                  class="ant-space-item"
                >
                  <button
                    aria-checked="false"
                    class="ant-switch"
                    role="switch"
                    type="button"
                  >
                    <div
                      class="ant-switch-handle"
                    />
                    <span
                      class="ant-switch-inner"
                    >
                      <span
                        class="ant-switch-inner-checked"
                      >
                        加载中
                      </span>
                      <span
                        class="ant-switch-inner-unchecked"
                      >
                        已完成
                      </span>
                    </span>
                  </button>
                </div>
                <div
                  class="ant-space-item"
                >
                  <button
                    class="ant-btn ant-btn-primary ant-btn-color-primary ant-btn-variant-solid"
                    type="button"
                  >
                    <span>
                      模拟生成过程
                    </span>
                  </button>
                </div>
              </div>
            </div>
          </div>
        </div>
        <div
          style="margin-top: 8px; color: rgb(102, 102, 102); font-size: 14px;"
        >
          💡 切换开关或点击按钮来体验消息加载状态
        </div>
      </div>
      <div
        style="display: flex; flex-direction: column; gap: 16px;"
      >
        <div
          avatar="[object Object]"
          bubbleref="[object Object]"
          data-testid="bubble"
          origindata="[object Object]"
          placement="left"
        >
          bubble
        </div>
        <div
          avatar="[object Object]"
          bubbleref="[object Object]"
          data-testid="bubble"
          origindata="[object Object]"
          placement="right"
        >
          bubble
        </div>
      </div>
      <div
        style="margin-top: 32px; padding: 16px; background-color: rgb(248, 249, 250); border-radius: 8px; font-size: 14px; line-height: 1.6;"
      >
        <h4
          style="margin: 0px 0px 12px 0px;"
        >
          🔄 消息加载状态功能说明
        </h4>
        <ul
          style="margin: 0px; padding-left: 20px;"
        >
          <li>
            <strong>
              loading 属性：
            </strong>
            控制是否显示加载状态
          </li>
          <li>
            <strong>
              加载动画：
            </strong>
            显示动态的加载指示器
          </li>
          <li>
            <strong>
              占位内容：
            </strong>
            在加载期间显示占位文本
          </li>
          <li>
            <strong>
              交互禁用：
            </strong>
            加载期间禁用点赞、点踩等操作
          </li>
          <li>
            <strong>
              状态同步：
            </strong>
            isFinished 属性与 loading 状态同步
          </li>
          <li>
            <strong>
              typing 属性：
            </strong>
            控制是否显示打字效果
          </li>
        </ul>
      </div>
      <div
        style="margin-top: 24px; padding: 16px; background-color: rgb(230, 247, 255); border-radius: 8px; font-size: 14px; line-height: 1.6;"
      >
        <h4
          style="margin: 0px 0px 12px 0px;"
        >
          📖 API 说明
        </h4>
        <div
          style="font-family: monospace; font-size: 13px;"
        >
          <div>
            <strong>
              loading:
            </strong>
             boolean - 控制是否显示加载状态
          </div>
          <div>
            <strong>
              typing:
            </strong>
             boolean - 控制是否显示打字效果
          </div>
          <div>
            <strong>
              isFinished:
            </strong>
             boolean - 消息是否完成生成
          </div>
        </div>
      </div>
    </div>
  </div>
</DocumentFragment>