<DocumentFragment>
  <div
    class="ant-app"
  >
    <div>
      test
    </div>
    <div
      style="border-radius: 20px; background: rgb(253, 254, 254); box-shadow: 0px 0px 1px 0px rgba(0, 19, 41, 0.2), 0px 1.5px 4px -1px rgba(0, 19, 41, 0.04); width: 830px; display: flex; flex-direction: column; justify-content: space-between; padding: 0px; z-index: 0; margin: 24px auto;"
    >
      <div
        style="padding: 16px; display: flex; flex-direction: row; align-items: center; box-sizing: border-box; border-width: 0px 0px 1px 0px; border-style: solid; border-color: rgba(0, 16, 32, 0.063);"
      >
        <span
          style="font-size: 13px; color: rgba(0, 0, 0, 0.45);"
        >
          💬 追问组件 FollowUpQuestion
        </span>
        <div
          style="font-size: 12px; color: rgba(0, 0, 0, 0.45);"
        >
          在气泡下方渲染追问输入与建议
        </div>
      </div>
      <div>
        <div
          style="padding: 24px;"
        >
          <div
            style="display: flex; flex-direction: column; gap: 4px; margin-bottom: 4px;"
          >
            <div
              avatar="[object Object]"
              bubbleref="[object Object]"
              data-testid="bubble"
              origindata="[object Object]"
              placement="left"
              style="margin-bottom: 4px;"
            >
              bubble
            </div>
            <div
              style="margin-top: 0px; margin-left: 10px; width: fit-content;"
            >
              <div
                aria-label="追问区域"
                class="ant-follow-up"
                role="group"
              >
                <div
                  aria-label="追问建议"
                  class="ant-follow-up-suggestions"
                >
                  <div
                    aria-label="选择建议：关税对消费类基金的影响"
                    class="ant-follow-up-suggestion"
                    role="button"
                  >
                    <span
                      class="ant-follow-up-icon"
                    >
                      💸
                    </span>
                    <span
                      aria-describedby="test-id"
                      class="ant-follow-up-label"
                    >
                      关税对消费类基金的影响
                    </span>
                    <span
                      aria-hidden="true"
                      class="ant-follow-up-arrow"
                    >
                      <svg
                        class="sofa-icons-icon"
                        fill="currentColor"
                        fill-rule="evenodd"
                        height="1em"
                        style="vertical-align: -0.125em;"
                        viewBox="0 0 16 16"
                        width="1em"
                        xmlns="http://www.w3.org/2000/svg"
                      >
                        <defs>
                          <clippath
                            id="SwapRight-master_svg0_341_9072"
                          >
                            <rect
                              height="16"
                              rx="0"
                              width="16"
                            />
                          </clippath>
                        </defs>
                        <g
                          clip-path="url(#SwapRight-master_svg0_341_9072)"
                        >
                          <path
                            d="M12.97 8.994q.008 0 .014-.002l.018-.001.01-.002.018-.003.009-.002.017-.004.01-.002.017-.005.01-.003.015-.004.01-.004.015-.004.012-.005.013-.005q.008-.002.014-.006l.01-.005.015-.007.01-.005.015-.01q.004-.001.008-.004l.015-.01.008-.004q.008-.004.014-.011l.008-.006.013-.011.01-.01.01-.007a1 1 0 0 0 .047-.049l.009-.01q.004-.009.011-.013l.006-.008.011-.014.005-.008.01-.016q0-.004.004-.007l.01-.016q0-.004.004-.01l.008-.014.005-.009q.002-.008.006-.014l.004-.012.005-.013.005-.014.003-.01.005-.017.003-.009.004-.017.002-.01.003-.017.002-.01q0-.009.003-.016l.001-.011.002-.017q0-.008.002-.014l.001-.013a.3.3 0 0 0 0-.056l-.001-.013q0-.007-.002-.014l-.002-.017-.001-.01-.003-.018-.002-.01-.003-.017-.002-.009-.004-.017q-.002-.004-.003-.01l-.005-.015-.003-.011-.005-.014-.005-.013-.004-.012-.006-.014-.005-.01-.008-.014-.005-.01-.01-.015q0-.003-.004-.008l-.01-.015q0-.004-.004-.008l-.01-.014-.007-.008-.011-.012-.01-.011-.009-.01-.018-.02-2.772-2.777a.561.561 0 1 0-.795.795l1.812 1.813H3.07a.562.562 0 1 0 0 1.125h9.888z"
                          />
                        </g>
                      </svg>
                    </span>
                  </div>
                  <div
                    aria-label="选择建议： 恒生科技指数基金相关新闻"
                    class="ant-follow-up-suggestion"
                    role="button"
                  >
                    <span
                      class="ant-follow-up-icon"
                    >
                      📝
                    </span>
                    <span
                      aria-describedby="test-id"
                      class="ant-follow-up-label"
                    >
                       恒生科技指数基金相关新闻
                    </span>
                    <span
                      aria-hidden="true"
                      class="ant-follow-up-arrow"
                    >
                      <svg
                        class="sofa-icons-icon"
                        fill="currentColor"
                        fill-rule="evenodd"
                        height="1em"
                        style="vertical-align: -0.125em;"
                        viewBox="0 0 16 16"
                        width="1em"
                        xmlns="http://www.w3.org/2000/svg"
                      >
                        <defs>
                          <clippath
                            id="SwapRight-master_svg0_341_9072"
                          >
                            <rect
                              height="16"
                              rx="0"
                              width="16"
                            />
                          </clippath>
                        </defs>
                        <g
                          clip-path="url(#SwapRight-master_svg0_341_9072)"
                        >
                          <path
                            d="M12.97 8.994q.008 0 .014-.002l.018-.001.01-.002.018-.003.009-.002.017-.004.01-.002.017-.005.01-.003.015-.004.01-.004.015-.004.012-.005.013-.005q.008-.002.014-.006l.01-.005.015-.007.01-.005.015-.01q.004-.001.008-.004l.015-.01.008-.004q.008-.004.014-.011l.008-.006.013-.011.01-.01.01-.007a1 1 0 0 0 .047-.049l.009-.01q.004-.009.011-.013l.006-.008.011-.014.005-.008.01-.016q0-.004.004-.007l.01-.016q0-.004.004-.01l.008-.014.005-.009q.002-.008.006-.014l.004-.012.005-.013.005-.014.003-.01.005-.017.003-.009.004-.017.002-.01.003-.017.002-.01q0-.009.003-.016l.001-.011.002-.017q0-.008.002-.014l.001-.013a.3.3 0 0 0 0-.056l-.001-.013q0-.007-.002-.014l-.002-.017-.001-.01-.003-.018-.002-.01-.003-.017-.002-.009-.004-.017q-.002-.004-.003-.01l-.005-.015-.003-.011-.005-.014-.005-.013-.004-.012-.006-.014-.005-.01-.008-.014-.005-.01-.01-.015q0-.003-.004-.008l-.01-.015q0-.004-.004-.008l-.01-.014-.007-.008-.011-.012-.01-.011-.009-.01-.018-.02-2.772-2.777a.561.561 0 1 0-.795.795l1.812 1.813H3.07a.562.562 0 1 0 0 1.125h9.888z"
                          />
                        </g>
                      </svg>
                    </span>
                  </div>
                  <div
                    aria-label="选择建议： 数据分析与可视化"
                    class="ant-follow-up-suggestion ant-follow-up-suggestion-disabled"
                    role="button"
                  >
                    <span
                      class="ant-follow-up-icon"
                    >
                      📊
                    </span>
                    <span
                      aria-describedby="test-id"
                      class="ant-follow-up-label"
                    >
                       数据分析与可视化
                    </span>
                    <span
                      aria-hidden="true"
                      class="ant-follow-up-arrow"
                    >
                      <svg
                        class="sofa-icons-icon"
                        fill="currentColor"
                        fill-rule="evenodd"
                        height="1em"
                        style="vertical-align: -0.125em;"
                        viewBox="0 0 16 16"
                        width="1em"
                        xmlns="http://www.w3.org/2000/svg"
                      >
                        <defs>
                          <clippath
                            id="SwapRight-master_svg0_341_9072"
                          >
                            <rect
                              height="16"
                              rx="0"
                              width="16"
                            />
                          </clippath>
                        </defs>
                        <g
                          clip-path="url(#SwapRight-master_svg0_341_9072)"
                        >
                          <path
                            d="M12.97 8.994q.008 0 .014-.002l.018-.001.01-.002.018-.003.009-.002.017-.004.01-.002.017-.005.01-.003.015-.004.01-.004.015-.004.012-.005.013-.005q.008-.002.014-.006l.01-.005.015-.007.01-.005.015-.01q.004-.001.008-.004l.015-.01.008-.004q.008-.004.014-.011l.008-.006.013-.011.01-.01.01-.007a1 1 0 0 0 .047-.049l.009-.01q.004-.009.011-.013l.006-.008.011-.014.005-.008.01-.016q0-.004.004-.007l.01-.016q0-.004.004-.01l.008-.014.005-.009q.002-.008.006-.014l.004-.012.005-.013.005-.014.003-.01.005-.017.003-.009.004-.017.002-.01.003-.017.002-.01q0-.009.003-.016l.001-.011.002-.017q0-.008.002-.014l.001-.013a.3.3 0 0 0 0-.056l-.001-.013q0-.007-.002-.014l-.002-.017-.001-.01-.003-.018-.002-.01-.003-.017-.002-.009-.004-.017q-.002-.004-.003-.01l-.005-.015-.003-.011-.005-.014-.005-.013-.004-.012-.006-.014-.005-.01-.008-.014-.005-.01-.01-.015q0-.003-.004-.008l-.01-.015q0-.004-.004-.008l-.01-.014-.007-.008-.011-.012-.01-.011-.009-.01-.018-.02-2.772-2.777a.561.561 0 1 0-.795.795l1.812 1.813H3.07a.562.562 0 1 0 0 1.125h9.888z"
                          />
                        </g>
                      </svg>
                    </span>
                  </div>
                </div>
              </div>
            </div>
          </div>
        </div>
      </div>
    </div>
  </div>
</DocumentFragment>