<DocumentFragment>
  <div
    class="ant-app"
  >
    <div>
      test
    </div>
    <div
      style="max-width: 800px; margin: 0px auto; padding: 24px;"
    >
      <div
        class="ant-agent-list ant-agent-list-left ant-flex ant-flex-align-stretch ant-flex-vertical"
        style="gap: 12px;"
      >
        <div
          animate="visible"
          class="ant-agent-list-bubble-container"
          initial="hidden"
          style="display: flex; flex-direction: column; gap: 8px; align-items: flex-start;"
          variants="[object Object]"
          whileinview="visible"
        >
          <div
            class="ant-agent-list-bubble-avatar-title ant-agent-list-bubble-avatar-title-left"
          >
            <span
              class="ant-avatar ant-avatar-circle ant-avatar-image ant-agent-list-bubble-avatar"
              data-testid="bubble-avatar"
              style="width: 24px; height: 24px; font-size: 18px; cursor: default;"
            >
              <img
                alt="avatar"
                src="https://gw.alipayobjects.com/zos/rmsportal/KDpgvguMpGfqaHPjicRK.svg"
              />
            </span>
            <span>
              Agentar
            </span>
            <div
              class="ant-agent-list-bubble-title ant-flex"
              data-testid="bubble-title"
              style="flex-direction: row; gap: 8px;"
            >
              AI 助手
            </div>
          </div>
          <div
            animate="visible"
            class="ant-agent-list-bubble-container ant-agent-list-bubble-container-left"
            data-testid="chat-message"
            initial="hidden"
            style="display: flex; gap: 4px; flex-direction: column;"
            variants="[object Object]"
            whileinview="visible"
          >
            <div
              class="ant-agent-list-bubble-before ant-agent-list-bubble-before-left"
              data-testid="message-before"
              variants="[object Object]"
            />
            <div
              class="ant-agent-list-bubble-content ant-agent-list-bubble-content-left"
              data-testid="message-content"
              style="min-width: 0px;"
              variants="[object Object]"
            >
              <div
                style="display: flex; flex-direction: column; min-width: 0; max-width: 100%;"
              >
                <div
                  class="markdown-editor ant-md-editor ant-md-editor-readonly"
                  style="width: 100%; height: auto; display: flex; flex-direction: column; max-height: 100%; padding: 0px; margin: 0px;"
                >
                  <div
                    style="padding: 12px 20px; overflow: auto; display: flex; height: 100%; position: relative; gap: 24px; outline: none;"
                    tabindex="-1"
                  >
                    <div
                      autocapitalize="false"
                      autocorrect="false"
                      class="ant-md-editor-content ant-md-editor-content-readonly"
                      data-slate-editor="true"
                      data-slate-node="value"
                      spellcheck="false"
                      style="position: relative; white-space: pre-wrap; word-wrap: break-word; font-size: 14px;"
                      zindex="-1"
                    >
                      <div
                        class="ant-md-editor-drag-el"
                        data-be="paragraph"
                        data-slate-node="element"
                      >
                        <span
                          data-slate-node="text"
                        >
                          <span
                            data-be="text"
                            data-slate-leaf="true"
                            draggable="false"
                          >
                            <span
                              data-slate-string="true"
                            >
                              这是一段用于演示语音播报功能的文本。您可以点击左侧的语音按钮开始播报，鼠标悬停时会暂时暂停并显示暂停图标，点击可停止播报。还可以通过右侧下拉框选择 1.5x、1.25x、1x 或 0.75x 的播放速度。
这是一段用于演示语音播报功能的文本。您可以点击左侧的语音按钮开始播报，鼠标悬停时会暂时暂停并显示暂停图标，点击可停止播报。还可以通过右侧下拉框选择 1.5x、1.25x、1x 或 0.75x 的播放速度。
这是一段用于演示语音播报功能的文本。您可以点击左侧的语音按钮开始播报，鼠标悬停时会暂时暂停并显示暂停图标，点击可停止播报。还可以通过右侧下拉框选择 1.5x、1.25x、1x 或 0.75x 的播放速度。
这是一段用于演示语音播报功能的文本。您可以点击左侧的语音按钮开始播报，鼠标悬停时会暂时暂停并显示暂停图标，点击可停止播报。还可以通过右侧下拉框选择 1.5x、1.25x、1x 或 0.75x 的播放速度。
这是一段用于演示语音播报功能的文本。您可以点击左侧的语音按钮开始播报，鼠标悬停时会暂时暂停并显示暂停图标，点击可停止播报。还可以通过右侧下拉框选择 1.5x、1.25x、1x 或 0.75x 的播放速度。
                            </span>
                          </span>
                        </span>
                      </div>
                    </div>
                  </div>
                </div>
                <div
                  class="ant-chat-item-extra"
                  style="display: flex; gap: 8px; height: 2.8em; align-items: center; justify-content: space-between; width: 100%; min-width: 215px; padding: 0px 12px; color: var(--color-icon-secondary);"
                >
                  <div
                    style="font-size: 13px; display: flex; align-items: center; gap: 4px;"
                  />
                  <div
                    animate="visible"
                    class="ant-chat-item-extra-action-box"
                    initial="hidden"
                    style="display: flex; gap: 8px; align-items: center;"
                    variants="[object Object]"
                    whileinview="visible"
                  >
                    <span
                      aria-describedby="test-id"
                      aria-label="复制"
                      class="ant-md-editor-action-icon-box ant-md-editor-action-icon-box-only-icon"
                      data-testid="chat-item-copy-button"
                      role="button"
                      style="color: var(--color-icon-secondary);"
                      tabindex="0"
                    >
                      <span
                        aria-label="copy"
                        class="anticon anticon-copy"
                        role="img"
                      >
                        <svg
                          aria-hidden="true"
                          data-icon="copy"
                          fill="currentColor"
                          focusable="false"
                          height="1em"
                          viewBox="64 64 896 896"
                          width="1em"
                        >
                          <path
                            d="M832 64H296c-4.4 0-8 3.6-8 8v56c0 4.4 3.6 8 8 8h496v688c0 4.4 3.6 8 8 8h56c4.4 0 8-3.6 8-8V96c0-17.7-14.3-32-32-32zM704 192H192c-17.7 0-32 14.3-32 32v530.7c0 8.5 3.4 16.6 9.4 22.6l173.3 173.3c2.2 2.2 4.7 4 7.4 5.5v1.9h4.2c3.5 1.3 7.2 2 11 2H704c17.7 0 32-14.3 32-32V224c0-17.7-14.3-32-32-32zM350 856.2L263.9 770H350v86.2zM664 888H414V746c0-22.1-17.9-40-40-40H232V264h432v624z"
                          />
                        </svg>
                      </span>
                    </span>
                  </div>
                </div>
              </div>
            </div>
          </div>
        </div>
      </div>
      <div
        style="margin-top: 12px; color: rgb(102, 102, 102); font-size: 12px; line-height: 1.6;"
      >
        提示： 1）默认显示播放图标；2）悬停出现浅背景与“语音播报”提示并临时暂停； 3）播放中显示录音跳动图标；4）播放中悬停显示暂停图标，点击停止； 5）可在右侧下拉选择倍速；6）选择后在按钮上显示当前倍速。
      </div>
    </div>
  </div>
</DocumentFragment>